../Core/Src/menu.hpp:81:1:Menu::Menu()	16	static
../Core/Src/menu.hpp:88:1:Menu::~Menu()	16	static
../Core/Src/menu.hpp:92:6:void Menu::test()	16	static
../Core/Src/menu.hpp:97:6:void Menu::initScreen()	16	static
../Core/Src/menu.hpp:103:6:void Menu::showMenu()	40	static
../Core/Src/menu.hpp:109:6:bool Menu::moveMenu(int8_t)	16	static
../Core/Src/menu.hpp:122:6:void Menu::addMenuItem(ISensor*)	16	static
../Core/Src/menu.hpp:128:6:void Menu::showData()	40	static
../Core/Src/menu.hpp:134:6:void Menu::resetScreen()	24	static
../Core/Src/menu.hpp:139:6:bool Menu::goToFirstItem()	16	static
../Core/Src/main.cpp:80:5:int bufsize(char*)	24	static
../Core/Src/main.cpp:88:6:void bufclear()	16	static
../Core/Src/main.cpp:119:5:int main()	1440	static
../Core/Src/main.cpp:177:6:void SystemClock_Config()	128	static
../Core/Src/main.cpp:231:13:void MX_I2C1_Init()	8	static
../Core/Src/main.cpp:279:13:void MX_SPI1_Init()	8	static
../Core/Src/main.cpp:317:13:void MX_SPI2_Init()	8	static
../Core/Src/main.cpp:398:13:void MX_USART1_UART_Init()	8	static
../Core/Src/main.cpp:433:13:void MX_USB_PCD_Init()	8	static
../Core/Src/main.cpp:465:13:void MX_GPIO_Init()	56	static
../Core/Src/main.cpp:531:6:void Error_Handler()	8	static,ignoring_inline_asm
../Core/Src/main.cpp:540:1:void __static_initialization_and_destruction_0(int, int)	16	static
../Core/Src/main.cpp:540:1:cpp)	8	static
