../Core/Src/main.cpp:84:5:int bufsize(char*)	24	static
../Core/Src/main.cpp:92:6:void bufclear()	16	static
../Core/Src/main.cpp:123:5:int main()	1352	static
../Core/Src/main.cpp:204:6:void SystemClock_Config()	128	static
../Core/Src/main.cpp:258:13:void MX_I2C1_Init()	8	static
../Core/Src/main.cpp:306:13:void MX_SPI1_Init()	8	static
../Core/Src/main.cpp:344:13:void MX_SPI2_Init()	8	static
../Core/Src/main.cpp:425:13:void MX_USART1_UART_Init()	8	static
../Core/Src/main.cpp:460:13:void MX_USB_PCD_Init()	8	static
../Core/Src/main.cpp:492:13:void MX_GPIO_Init()	56	static
../Core/Src/main.cpp:558:6:void Error_Handler()	8	static,ignoring_inline_asm
