../Core/Src/ISensor.h:11:7:constexpr ISensor::ISensor()	16	static
../Core/Src/Multimetre.cpp:11:1:Multimetre::Multimetre()	16	static
../Core/Src/Multimetre.cpp:13:10:uint16_t Multimetre::readADCIN3()	32	static
../Core/Src/Multimetre.cpp:29:7:float Multimetre::getVoltage()	32	static
../Core/Src/Multimetre.cpp:40:13:virtual const char* Multimetre::getFormattedMeasurement()	24	static
../Core/Src/Multimetre.cpp:48:13:virtual const char* Multimetre::getSensorName()	16	static
../Core/Src/Multimetre.cpp:50:1:void __static_initialization_and_destruction_0(int, int)	16	static
../Core/Src/Multimetre.cpp:50:1:cpp)	8	static
