../Core/Src/stm32l0xx_hal_msp.c:63:6:HAL_MspInit	8	static
../Core/Src/stm32l0xx_hal_msp.c:85:6:HAL_ADC_MspInit	48	static
../Core/Src/stm32l0xx_hal_msp.c:121:6:HAL_ADC_MspDeInit	16	static
../Core/Src/stm32l0xx_hal_msp.c:152:6:HAL_I2C_MspInit	48	static
../Core/Src/stm32l0xx_hal_msp.c:188:6:HAL_I2C_MspDeInit	16	static
../Core/Src/stm32l0xx_hal_msp.c:219:6:HAL_RTC_MspInit	16	static
../Core/Src/stm32l0xx_hal_msp.c:241:6:HAL_RTC_MspDeInit	16	static
../Core/Src/stm32l0xx_hal_msp.c:263:6:HAL_SPI_MspInit	48	static
../Core/Src/stm32l0xx_hal_msp.c:300:6:HAL_SPI_MspDeInit	16	static
../Core/Src/stm32l0xx_hal_msp.c:330:6:HAL_UART_MspInit	48	static
../Core/Src/stm32l0xx_hal_msp.c:366:6:HAL_UART_MspDeInit	16	static
../Core/Src/stm32l0xx_hal_msp.c:395:6:HAL_PCD_MspInit	16	static
../Core/Src/stm32l0xx_hal_msp.c:417:6:HAL_PCD_MspDeInit	16	static
