Archive member included to satisfy reference by file (symbol)

/opt/st/stm32cubeide_1.17.0/plugins/com.st.stm32cube.ide.mcu.externaltools.gnu-tools-for-stm32.12.3.rel1.linux64_1.1.0.202410170702/tools/bin/../lib/gcc/arm-none-eabi/12.3.1/../../../../arm-none-eabi/lib/thumb/v6-m/nofp/libm.a(libm_a-w_pow.o)
                              ./Core/Src/LTR303ALS.o (pow)
/opt/st/stm32cubeide_1.17.0/plugins/com.st.stm32cube.ide.mcu.externaltools.gnu-tools-for-stm32.12.3.rel1.linux64_1.1.0.202410170702/tools/bin/../lib/gcc/arm-none-eabi/12.3.1/../../../../arm-none-eabi/lib/thumb/v6-m/nofp/libm.a(libm_a-s_finite.o)
                              /opt/st/stm32cubeide_1.17.0/plugins/com.st.stm32cube.ide.mcu.externaltools.gnu-tools-for-stm32.12.3.rel1.linux64_1.1.0.202410170702/tools/bin/../lib/gcc/arm-none-eabi/12.3.1/../../../../arm-none-eabi/lib/thumb/v6-m/nofp/libm.a(libm_a-w_pow.o) (finite)
/opt/st/stm32cubeide_1.17.0/plugins/com.st.stm32cube.ide.mcu.externaltools.gnu-tools-for-stm32.12.3.rel1.linux64_1.1.0.202410170702/tools/bin/../lib/gcc/arm-none-eabi/12.3.1/../../../../arm-none-eabi/lib/thumb/v6-m/nofp/libm.a(libm_a-e_pow.o)
                              /opt/st/stm32cubeide_1.17.0/plugins/com.st.stm32cube.ide.mcu.externaltools.gnu-tools-for-stm32.12.3.rel1.linux64_1.1.0.202410170702/tools/bin/../lib/gcc/arm-none-eabi/12.3.1/../../../../arm-none-eabi/lib/thumb/v6-m/nofp/libm.a(libm_a-w_pow.o) (__ieee754_pow)
/opt/st/stm32cubeide_1.17.0/plugins/com.st.stm32cube.ide.mcu.externaltools.gnu-tools-for-stm32.12.3.rel1.linux64_1.1.0.202410170702/tools/bin/../lib/gcc/arm-none-eabi/12.3.1/../../../../arm-none-eabi/lib/thumb/v6-m/nofp/libm.a(libm_a-s_fabs.o)
                              /opt/st/stm32cubeide_1.17.0/plugins/com.st.stm32cube.ide.mcu.externaltools.gnu-tools-for-stm32.12.3.rel1.linux64_1.1.0.202410170702/tools/bin/../lib/gcc/arm-none-eabi/12.3.1/../../../../arm-none-eabi/lib/thumb/v6-m/nofp/libm.a(libm_a-e_pow.o) (fabs)
/opt/st/stm32cubeide_1.17.0/plugins/com.st.stm32cube.ide.mcu.externaltools.gnu-tools-for-stm32.12.3.rel1.linux64_1.1.0.202410170702/tools/bin/../lib/gcc/arm-none-eabi/12.3.1/../../../../arm-none-eabi/lib/thumb/v6-m/nofp/libm.a(libm_a-s_scalbn.o)
                              /opt/st/stm32cubeide_1.17.0/plugins/com.st.stm32cube.ide.mcu.externaltools.gnu-tools-for-stm32.12.3.rel1.linux64_1.1.0.202410170702/tools/bin/../lib/gcc/arm-none-eabi/12.3.1/../../../../arm-none-eabi/lib/thumb/v6-m/nofp/libm.a(libm_a-e_pow.o) (scalbn)
/opt/st/stm32cubeide_1.17.0/plugins/com.st.stm32cube.ide.mcu.externaltools.gnu-tools-for-stm32.12.3.rel1.linux64_1.1.0.202410170702/tools/bin/../lib/gcc/arm-none-eabi/12.3.1/../../../../arm-none-eabi/lib/thumb/v6-m/nofp/libm.a(libm_a-math_err.o)
                              /opt/st/stm32cubeide_1.17.0/plugins/com.st.stm32cube.ide.mcu.externaltools.gnu-tools-for-stm32.12.3.rel1.linux64_1.1.0.202410170702/tools/bin/../lib/gcc/arm-none-eabi/12.3.1/../../../../arm-none-eabi/lib/thumb/v6-m/nofp/libm.a(libm_a-e_pow.o) (__math_uflow)
/opt/st/stm32cubeide_1.17.0/plugins/com.st.stm32cube.ide.mcu.externaltools.gnu-tools-for-stm32.12.3.rel1.linux64_1.1.0.202410170702/tools/bin/../lib/gcc/arm-none-eabi/12.3.1/../../../../arm-none-eabi/lib/thumb/v6-m/nofp/libm.a(libm_a-e_sqrt.o)
                              /opt/st/stm32cubeide_1.17.0/plugins/com.st.stm32cube.ide.mcu.externaltools.gnu-tools-for-stm32.12.3.rel1.linux64_1.1.0.202410170702/tools/bin/../lib/gcc/arm-none-eabi/12.3.1/../../../../arm-none-eabi/lib/thumb/v6-m/nofp/libm.a(libm_a-e_pow.o) (__ieee754_sqrt)
/opt/st/stm32cubeide_1.17.0/plugins/com.st.stm32cube.ide.mcu.externaltools.gnu-tools-for-stm32.12.3.rel1.linux64_1.1.0.202410170702/tools/bin/../lib/gcc/arm-none-eabi/12.3.1/../../../../arm-none-eabi/lib/thumb/v6-m/nofp/libc_nano.a(libc_a-atoi.o)
                              ./Core/Src/EventLogger.o (atoi)
/opt/st/stm32cubeide_1.17.0/plugins/com.st.stm32cube.ide.mcu.externaltools.gnu-tools-for-stm32.12.3.rel1.linux64_1.1.0.202410170702/tools/bin/../lib/gcc/arm-none-eabi/12.3.1/../../../../arm-none-eabi/lib/thumb/v6-m/nofp/libc_nano.a(libc_a-exit.o)
                              /opt/st/stm32cubeide_1.17.0/plugins/com.st.stm32cube.ide.mcu.externaltools.gnu-tools-for-stm32.12.3.rel1.linux64_1.1.0.202410170702/tools/bin/../lib/gcc/arm-none-eabi/12.3.1/../../../../arm-none-eabi/lib/thumb/v6-m/nofp/crt0.o (exit)
/opt/st/stm32cubeide_1.17.0/plugins/com.st.stm32cube.ide.mcu.externaltools.gnu-tools-for-stm32.12.3.rel1.linux64_1.1.0.202410170702/tools/bin/../lib/gcc/arm-none-eabi/12.3.1/../../../../arm-none-eabi/lib/thumb/v6-m/nofp/libc_nano.a(libc_a-strtol.o)
                              /opt/st/stm32cubeide_1.17.0/plugins/com.st.stm32cube.ide.mcu.externaltools.gnu-tools-for-stm32.12.3.rel1.linux64_1.1.0.202410170702/tools/bin/../lib/gcc/arm-none-eabi/12.3.1/../../../../arm-none-eabi/lib/thumb/v6-m/nofp/libc_nano.a(libc_a-atoi.o) (_strtol_r)
[...]
Memory Configuration

Name             Origin             Length             Attributes
RAM              0x20000000         0x00002000         xrw
FLASH            0x08000000         0x00010000         xr
*default*        0x00000000         0xffffffff

Linker script and memory map

LOAD /opt/st/stm32cubeide_1.17.0/plugins/com.st.stm32cube.ide.mcu.externaltools.gnu-tools-for-stm32.12.3.rel1.linux64_1.1.0.202410170702/tools/bin/../lib/gcc/arm-none-eabi/12.3.1/thumb/v6-m/nofp/crti.o
LOAD /opt/st/stm32cubeide_1.17.0/plugins/com.st.stm32cube.ide.mcu.externaltools.gnu-tools-for-stm32.12.3.rel1.linux64_1.1.0.202410170702/tools/bin/../lib/gcc/arm-none-eabi/12.3.1/thumb/v6-m/nofp/crtbegin.o
LOAD /opt/st/stm32cubeide_1.17.0/plugins/com.st.stm32cube.ide.mcu.externaltools.gnu-tools-for-stm32.12.3.rel1.linux64_1.1.0.202410170702/tools/bin/../lib/gcc/arm-none-eabi/12.3.1/../../../../arm-none-eabi/lib/thumb/v6-m/nofp/crt0.o
LOAD ./Core/Inc/ST7789/fonts.o
LOAD ./Core/Inc/ST7789/st7789.o
LOAD ./Core/Src/ADXL343.o
LOAD ./Core/Src/EventLogger.o
LOAD ./Core/Src/HTU21D.o
LOAD ./Core/Src/I2CHandler.o
LOAD ./Core/Src/LTR303ALS.o
LOAD ./Core/Src/Multimetre.o
LOAD ./Core/Src/VL53L0X.o
LOAD ./Core/Src/fatfs_sd.o
LOAD ./Core/Src/main.o
LOAD ./Core/Src/stm32l0xx_hal_msp.o
LOAD ./Core/Src/stm32l0xx_it.o
LOAD ./Core/Src/syscalls.o
LOAD ./Core/Src/sysmem.o
LOAD ./Core/Src/system_stm32l0xx.o
LOAD ./Core/Startup/startup_stm32l053c8tx.o
LOAD ./Drivers/STM32L0xx_HAL_Driver/stm32l0xx_hal.o
LOAD ./Drivers/STM32L0xx_HAL_Driver/stm32l0xx_hal_adc.o
LOAD ./Drivers/STM32L0xx_HAL_Driver/stm32l0xx_hal_adc_ex.o
LOAD ./Drivers/STM32L0xx_HAL_Driver/stm32l0xx_hal_cortex.o
LOAD ./Drivers/STM32L0xx_HAL_Driver/stm32l0xx_hal_dma.o
LOAD ./Drivers/STM32L0xx_HAL_Driver/stm32l0xx_hal_exti.o
LOAD ./Drivers/STM32L0xx_HAL_Driver/stm32l0xx_hal_flash.o
LOAD ./Drivers/STM32L0xx_HAL_Driver/stm32l0xx_hal_flash_ex.o
LOAD ./Drivers/STM32L0xx_HAL_Driver/stm32l0xx_hal_flash_ramfunc.o
LOAD ./Drivers/STM32L0xx_HAL_Driver/stm32l0xx_hal_gpio.o
LOAD ./Drivers/STM32L0xx_HAL_Driver/stm32l0xx_hal_i2c.o
LOAD ./Drivers/STM32L0xx_HAL_Driver/stm32l0xx_hal_i2c_ex.o
LOAD ./Drivers/STM32L0xx_HAL_Driver/stm32l0xx_hal_pcd.o
LOAD ./Drivers/STM32L0xx_HAL_Driver/stm32l0xx_hal_pcd_ex.o
LOAD ./Drivers/STM32L0xx_HAL_Driver/stm32l0xx_hal_pwr.o
LOAD ./Drivers/STM32L0xx_HAL_Driver/stm32l0xx_hal_pwr_ex.o
LOAD ./Drivers/STM32L0xx_HAL_Driver/stm32l0xx_hal_rcc.o
LOAD ./Drivers/STM32L0xx_HAL_Driver/stm32l0xx_hal_rcc_ex.o
LOAD ./Drivers/STM32L0xx_HAL_Driver/stm32l0xx_hal_rtc.o
LOAD ./Drivers/STM32L0xx_HAL_Driver/stm32l0xx_hal_rtc_ex.o
LOAD ./Drivers/STM32L0xx_HAL_Driver/stm32l0xx_hal_spi.o
LOAD ./Drivers/STM32L0xx_HAL_Driver/stm32l0xx_hal_tim.o
LOAD ./Drivers/STM32L0xx_HAL_Driver/stm32l0xx_hal_tim_ex.o
LOAD ./Drivers/STM32L0xx_HAL_Driver/stm32l0xx_hal_uart.o
LOAD ./Drivers/STM32L0xx_HAL_Driver/stm32l0xx_hal_uart_ex.o
LOAD ./Drivers/STM32L0xx_HAL_Driver/stm32l0xx_ll_usb.o
LOAD ./FATFS/App/fatfs.o
LOAD ./FATFS/Target/user_diskio.o
LOAD ./FATFS/Target/user_diskio_spi.o
LOAD ./Middlewares/FatFs/diskio.o
LOAD ./Middlewares/FatFs/ff.o
LOAD ./Middlewares/FatFs/ff_gen_drv.o
LOAD ./Middlewares/FatFs/syscall.o
START GROUP
LOAD /opt/st/stm32cubeide_1.17.0/plugins/com.st.stm32cube.ide.mcu.externaltools.gnu-tools-for-stm32.12.3.rel1.linux64_1.1.0.202410170702/tools/bin/../lib/gcc/arm-none-eabi/12.3.1/../../../../arm-none-eabi/lib/thumb/v6-m/nofp/libstdc++_nano.a
LOAD /opt/st/stm32cubeide_1.17.0/plugins/com.st.stm32cube.ide.mcu.externaltools.gnu-tools-for-stm32.12.3.rel1.linux64_1.1.0.202410170702/tools/bin/../lib/gcc/arm-none-eabi/12.3.1/../../../../arm-none-eabi/lib/thumb/v6-m/nofp/libsupc++_nano.a
END GROUP
LOAD /opt/st/stm32cubeide_1.17.0/plugins/com.st.stm32cube.ide.mcu.externaltools.gnu-tools-for-stm32.12.3.rel1.linux64_1.1.0.202410170702/tools/bin/../lib/gcc/arm-none-eabi/12.3.1/../../../../arm-none-eabi/lib/thumb/v6-m/nofp/libstdc++_nano.a
LOAD /opt/st/stm32cubeide_1.17.0/plugins/com.st.stm32cube.ide.mcu.externaltools.gnu-tools-for-stm32.12.3.rel1.linux64_1.1.0.202410170702/tools/bin/../lib/gcc/arm-none-eabi/12.3.1/../../../../arm-none-eabi/lib/thumb/v6-m/nofp/libm.a
LOAD /opt/st/stm32cubeide_1.17.0/plugins/com.st.stm32cube.ide.mcu.externaltools.gnu-tools-for-stm32.12.3.rel1.linux64_1.1.0.202410170702/tools/bin/../lib/gcc/arm-none-eabi/12.3.1/../../../../arm-none-eabi/lib/thumb/v6-m/nofp/libc_nano.a
START GROUP
LOAD /opt/st/stm32cubeide_1.17.0/plugins/com.st.stm32cube.ide.mcu.externaltools.gnu-tools-for-stm32.12.3.rel1.linux64_1.1.0.202410170702/tools/bin/../lib/gcc/arm-none-eabi/12.3.1/thumb/v6-m/nofp/libgcc.a
LOAD /opt/st/stm32cubeide_1.17.0/plugins/com.st.stm32cube.ide.mcu.externaltools.gnu-tools-for-stm32.12.3.rel1.linux64_1.1.0.202410170702/tools/bin/../lib/gcc/arm-none-eabi/12.3.1/../../../../arm-none-eabi/lib/thumb/v6-m/nofp/libc_nano.a
END GROUP
START GROUP
LOAD /opt/st/stm32cubeide_1.17.0/plugins/com.st.stm32cube.ide.mcu.externaltools.gnu-tools-for-stm32.12.3.rel1.linux64_1.1.0.202410170702/tools/bin/../lib/gcc/arm-none-eabi/12.3.1/thumb/v6-m/nofp/libgcc.a
LOAD /opt/st/stm32cubeide_1.17.0/plugins/com.st.stm32cube.ide.mcu.externaltools.gnu-tools-for-stm32.12.3.rel1.linux64_1.1.0.202410170702/tools/bin/../lib/gcc/arm-none-eabi/12.3.1/../../../../arm-none-eabi/lib/thumb/v6-m/nofp/libc_nano.a
LOAD /opt/st/stm32cubeide_1.17.0/plugins/com.st.stm32cube.ide.mcu.externaltools.gnu-tools-for-stm32.12.3.rel1.linux64_1.1.0.202410170702/tools/bin/../lib/gcc/arm-none-eabi/12.3.1/../../../../arm-none-eabi/lib/thumb/v6-m/nofp/libnosys.a
END GROUP
START GROUP
LOAD /opt/st/stm32cubeide_1.17.0/plugins/com.st.stm32cube.ide.mcu.externaltools.gnu-tools-for-stm32.12.3.rel1.linux64_1.1.0.202410170702/tools/bin/../lib/gcc/arm-none-eabi/12.3.1/thumb/v6-m/nofp/libgcc.a
LOAD /opt/st/stm32cubeide_1.17.0/plugins/com.st.stm32cube.ide.mcu.externaltools.gnu-tools-for-stm32.12.3.rel1.linux64_1.1.0.202410170702/tools/bin/../lib/gcc/arm-none-eabi/12.3.1/../../../../arm-none-eabi/lib/thumb/v6-m/nofp/libc_nano.a
LOAD /opt/st/stm32cubeide_1.17.0/plugins/com.st.stm32cube.ide.mcu.externaltools.gnu-tools-for-stm32.12.3.rel1.linux64_1.1.0.202410170702/tools/bin/../lib/gcc/arm-none-eabi/12.3.1/../../../../arm-none-eabi/lib/thumb/v6-m/nofp/libnosys.a
END GROUP
LOAD /opt/st/stm32cubeide_1.17.0/plugins/com.st.stm32cube.ide.mcu.externaltools.gnu-tools-for-stm32.12.3.rel1.linux64_1.1.0.202410170702/tools/bin/../lib/gcc/arm-none-eabi/12.3.1/thumb/v6-m/nofp/crtend.o
LOAD /opt/st/stm32cubeide_1.17.0/plugins/com.st.stm32cube.ide.mcu.externaltools.gnu-tools-for-stm32.12.3.rel1.linux64_1.1.0.202410170702/tools/bin/../lib/gcc/arm-none-eabi/12.3.1/thumb/v6-m/nofp/crtn.o
                0x20002000                        _estack = (ORIGIN (RAM) + LENGTH (RAM))
                0x00000200                        _Min_Heap_Size = 0x200
                0x00000400                        _Min_Stack_Size = 0x400

.isr_vector     0x08000000       0xc0
                0x08000000                        . = ALIGN (0x4)
 *(.isr_vector)
 .isr_vector    0x08000000       0xc0 ./Core/Startup/startup_stm32l053c8tx.o
                0x08000000                g_pfnVectors
                0x080000c0                        . = ALIGN (0x4)

.text           0x080000c0     0x8dd8
                0x080000c0                        . = ALIGN (0x4)
 *(.text)
 .text          0x080000c0       0x48 /opt/st/stm32cubeide_1.17.0/plugins/com.st.stm32cube.ide.mcu.externaltools.gnu-tools-for-stm32.12.3.rel1.linux64_1.1.0.202410170702/tools/bin/../lib/gcc/arm-none-eabi/12.3.1/thumb/v6-m/nofp/crtbegin.o
 .text          0x08000108       0x14 /opt/st/stm32cubeide_1.17.0/plugins/com.st.stm32cube.ide.mcu.externaltools.gnu-tools-for-stm32.12.3.rel1.linux64_1.1.0.202410170702/tools/bin/../lib/gcc/arm-none-eabi/12.3.1/thumb/v6-m/nofp/libgcc.a(_thumb1_case_shi.o)
                0x08000108                __gnu_thumb1_case_shi
 .text          0x0800011c      0x114 /opt/st/stm32cubeide_1.17.0/plugins/com.st.stm32cube.ide.mcu.externaltools.gnu-tools-for-stm32.12.3.rel1.linux64_1.1.0.202410170702/tools/bin/../lib/gcc/arm-none-eabi/12.3.1/thumb/v6-m/nofp/libgcc.a(_udivsi3.o)
                0x0800011c                __udivsi3
                0x0800011c                __aeabi_uidiv
                0x08000228                __aeabi_uidivmod
 .text          0x08000230        0x4 /opt/st/stm32cubeide_1.17.0/plugins/com.st.stm32cube.ide.mcu.externaltools.gnu-tools-for-stm32.12.3.rel1.linux64_1.1.0.202410170702/tools/bin/../lib/gcc/arm-none-eabi/12.3.1/thumb/v6-m/nofp/libgcc.a(_dvmd_tls.o)
                0x08000230                __aeabi_ldiv0
                0x08000230                __aeabi_idiv0
 .text          0x08000234       0x74 /opt/st/stm32cubeide_1.17.0/plugins/com.st.stm32cube.ide.mcu.externaltools.gnu-tools-for-stm32.12.3.rel1.linux64_1.1.0.202410170702/tools/bin/../lib/gcc/arm-none-eabi/12.3.1/thumb/v6-m/nofp/libgcc.a(_arm_cmpsf2.o)
                0x08000234                __aeabi_cfrcmple
                0x0800023c                __aeabi_cfcmple
                0x0800023c                __aeabi_cfcmpeq
                0x0800024c                __aeabi_fcmpeq
                0x08000258                __aeabi_fcmplt
                0x0800026c                __aeabi_fcmple
                0x08000280                __aeabi_fcmpgt
                0x08000294                __aeabi_fcmpge
 .text          0x080002a8       0x40 /opt/st/stm32cubeide_1.17.0/plugins/com.st.stm32cube.ide.mcu.externaltools.gnu-tools-for-stm32.12.3.rel1.linux64_1.1.0.202410170702/tools/bin/../lib/gcc/arm-none-eabi/12.3.1/thumb/v6-m/nofp/libgcc.a(_aeabi_uldivmod.o)
                0x080002a8                __aeabi_uldivmod
 .text          0x080002e8       0x5c /opt/st/stm32cubeide_1.17.0/plugins/com.st.stm32cube.ide.mcu.externaltools.gnu-tools-for-stm32.12.3.rel1.linux64_1.1.0.202410170702/tools/bin/../lib/gcc/arm-none-eabi/12.3.1/thumb/v6-m/nofp/libgcc.a(_muldi3.o)
                0x080002e8                __aeabi_lmul
                0x080002e8                __muldi3
 .text          0x08000344       0x30 /opt/st/stm32cubeide_1.17.0/plugins/com.st.stm32cube.ide.mcu.externaltools.gnu-tools-for-stm32.12.3.rel1.linux64_1.1.0.202410170702/tools/bin/../lib/gcc/arm-none-eabi/12.3.1/thumb/v6-m/nofp/libgcc.a(_fixunssfsi.o)
                0x08000344                __aeabi_f2uiz
                0x08000344                __fixunssfsi
 .text          0x08000374      0x198 /opt/st/stm32cubeide_1.17.0/plugins/com.st.stm32cube.ide.mcu.externaltools.gnu-tools-for-stm32.12.3.rel1.linux64_1.1.0.202410170702/tools/bin/../lib/gcc/arm-none-eabi/12.3.1/thumb/v6-m/nofp/libgcc.a(_udivmoddi4.o)
                0x08000374                __udivmoddi4
 .text          0x0800050c       0x50 /opt/st/stm32cubeide_1.17.0/plugins/com.st.stm32cube.ide.mcu.externaltools.gnu-tools-for-stm32.12.3.rel1.linux64_1.1.0.202410170702/tools/bin/../lib/gcc/arm-none-eabi/12.3.1/thumb/v6-m/nofp/libgcc.a(eqsf2.o)
                0x0800050c                __nesf2
                0x0800050c                __eqsf2
 .text          0x0800055c       0xa0 /opt/st/stm32cubeide_1.17.0/plugins/com.st.stm32cube.ide.mcu.externaltools.gnu-tools-for-stm32.12.3.rel1.linux64_1.1.0.202410170702/tools/bin/../lib/gcc/arm-none-eabi/12.3.1/thumb/v6-m/nofp/libgcc.a(gesf2.o)
                0x0800055c                __gtsf2
                0x0800055c                __gesf2
 .text          0x080005fc       0x9c /opt/st/stm32cubeide_1.17.0/plugins/com.st.stm32cube.ide.mcu.externaltools.gnu-tools-for-stm32.12.3.rel1.linux64_1.1.0.202410170702/tools/bin/../lib/gcc/arm-none-eabi/12.3.1/thumb/v6-m/nofp/libgcc.a(lesf2.o)
                0x080005fc                __lesf2
                0x080005fc                __ltsf2
 .text          0x08000698      0x27c /opt/st/stm32cubeide_1.17.0/plugins/com.st.stm32cube.ide.mcu.externaltools.gnu-tools-for-stm32.12.3.rel1.linux64_1.1.0.202410170702/tools/bin/../lib/gcc/arm-none-eabi/12.3.1/thumb/v6-m/nofp/libgcc.a(mulsf3.o)
                0x08000698                __aeabi_fmul
 .text          0x08000914      0x348 /opt/st/stm32cubeide_1.17.0/plugins/com.st.stm32cube.ide.mcu.externaltools.gnu-tools-for-stm32.12.3.rel1.linux64_1.1.0.202410170702/tools/bin/../lib/gcc/arm-none-eabi/12.3.1/thumb/v6-m/nofp/libgcc.a(subsf3.o)
                0x08000914                __aeabi_fsub
 .text          0x08000c5c       0x40 /opt/st/stm32cubeide_1.17.0/plugins/com.st.stm32cube.ide.mcu.externaltools.gnu-tools-for-stm32.12.3.rel1.linux64_1.1.0.202410170702/tools/bin/../lib/gcc/arm-none-eabi/12.3.1/thumb/v6-m/nofp/libgcc.a(fixsfsi.o)
                0x08000c5c                __aeabi_f2iz
 .text          0x08000c9c       0x98 /opt/st/stm32cubeide_1.17.0/plugins/com.st.stm32cube.ide.mcu.externaltools.gnu-tools-for-stm32.12.3.rel1.linux64_1.1.0.202410170702/tools/bin/../lib/gcc/arm-none-eabi/12.3.1/thumb/v6-m/nofp/libgcc.a(floatsisf.o)
                0x08000c9c                __aeabi_i2f
 .text          0x08000d34       0x84 /opt/st/stm32cubeide_1.17.0/plugins/com.st.stm32cube.ide.mcu.externaltools.gnu-tools-for-stm32.12.3.rel1.linux64_1.1.0.202410170702/tools/bin/../lib/gcc/arm-none-eabi/12.3.1/thumb/v6-m/nofp/libgcc.a(floatunsisf.o)
                0x08000d34                __aeabi_ui2f
 .text          0x08000db8      0x6c8 /opt/st/stm32cubeide_1.17.0/plugins/com.st.stm32cube.ide.mcu.externaltools.gnu-tools-for-stm32.12.3.rel1.linux64_1.1.0.202410170702/tools/bin/../lib/gcc/arm-none-eabi/12.3.1/thumb/v6-m/nofp/libgcc.a(adddf3.o)
                0x08000db8                __aeabi_dadd
 .text          0x08001480      0x590 /opt/st/stm32cubeide_1.17.0/plugins/com.st.stm32cube.ide.mcu.externaltools.gnu-tools-for-stm32.12.3.rel1.linux64_1.1.0.202410170702/tools/bin/../lib/gcc/arm-none-eabi/12.3.1/thumb/v6-m/nofp/libgcc.a(muldf3.o)
                0x08001480                __aeabi_dmul
 .text          0x08001a10      0x738 /opt/st/stm32cubeide_1.17.0/plugins/com.st.stm32cube.ide.mcu.externaltools.gnu-tools-for-stm32.12.3.rel1.linux64_1.1.0.202410170702/tools/bin/../lib/gcc/arm-none-eabi/12.3.1/thumb/v6-m/nofp/libgcc.a(subdf3.o)
                0x08001a10                __aeabi_dsub
 .text          0x08002148       0x90 /opt/st/stm32cubeide_1.17.0/plugins/com.st.stm32cube.ide.mcu.externaltools.gnu-tools-for-stm32.12.3.rel1.linux64_1.1.0.202410170702/tools/bin/../lib/gcc/arm-none-eabi/12.3.1/thumb/v6-m/nofp/libgcc.a(extendsfdf2.o)
                0x08002148                __aeabi_f2d
 .text          0x080021d8      0x108 /opt/st/stm32cubeide_1.17.0/plugins/com.st.stm32cube.ide.mcu.externaltools.gnu-tools-for-stm32.12.3.rel1.linux64_1.1.0.202410170702/tools/bin/../lib/gcc/arm-none-eabi/12.3.1/thumb/v6-m/nofp/libgcc.a(truncdfsf2.o)
                0x080021d8                __aeabi_d2f
 .text          0x080022e0       0x3c /opt/st/stm32cubeide_1.17.0/plugins/com.st.stm32cube.ide.mcu.externaltools.gnu-tools-for-stm32.12.3.rel1.linux64_1.1.0.202410170702/tools/bin/../lib/gcc/arm-none-eabi/12.3.1/thumb/v6-m/nofp/libgcc.a(_clzsi2.o)
                0x080022e0                __clzsi2
 .text          0x0800231c       0x18 /opt/st/stm32cubeide_1.17.0/plugins/com.st.stm32cube.ide.mcu.externaltools.gnu-tools-for-stm32.12.3.rel1.linux64_1.1.0.202410170702/tools/bin/../lib/gcc/arm-none-eabi/12.3.1/thumb/v6-m/nofp/libgcc.a(_clzdi2.o)
                0x0800231c                __clzdi2
 *(.text*)
 .text._ZN7ISensorC2Ev
                0x08002334       0x1c ./Core/Src/ADXL343.o
                0x08002334                ISensor::ISensor()
                0x08002334                ISensor::ISensor()
 .text._ZN7ADXL343C2EhR10I2CHandler
                0x08002350       0x48 ./Core/Src/ADXL343.o
                0x08002350                ADXL343::ADXL343(unsigned char, I2CHandler&)
                0x08002350                ADXL343::ADXL343(unsigned char, I2CHandler&)
 .text._ZN7ADXL34316readAccelerationEPsS0_S0_
                0x08002398       0x94 ./Core/Src/ADXL343.o
                0x08002398                ADXL343::readAcceleration(short*, short*, short*)
 .text._ZN7ADXL34323getFormattedMeasurementEv
                0x0800242c       0x6c ./Core/Src/ADXL343.o
                0x0800242c                ADXL343::getFormattedMeasurement()
 .text._ZN7ADXL34313getSensorNameEv
                0x08002498       0x14 ./Core/Src/ADXL343.o
                0x08002498                ADXL343::getSensorName()
 .text._ZN11EventLoggerC2Ev
                0x080024ac       0x60 ./Core/Src/EventLogger.o
                0x080024ac                EventLogger::EventLogger()
                0x080024ac                EventLogger::EventLogger()
 .text._ZN11EventLogger9addSensorEP7ISensor
                0x0800250c       0x3c ./Core/Src/EventLogger.o
                0x0800250c                EventLogger::addSensor(ISensor*)
 .text._ZN11EventLogger11mountLoggerEv
                0x08002548       0x34 ./Core/Src/EventLogger.o
                0x08002548                EventLogger::mountLogger()
 .text._ZN11EventLogger16updateLoggerSpecEv
                0x0800257c       0xbc ./Core/Src/EventLogger.o
                0x0800257c                EventLogger::updateLoggerSpec()
 .text._ZN11EventLogger16setCurrentSensorE13currentSensor
                0x08002638       0x22 ./Core/Src/EventLogger.o
                0x08002638                EventLogger::setCurrentSensor(currentSensor)
 .text._ZSt3absf
                0x0800265a       0x16 ./Core/Src/HTU21D.o
                0x0800265a                std::abs(float)
 .text._ZN6HTU21DC2EhR10I2CHandler
                0x08002670       0x4c ./Core/Src/HTU21D.o
                0x08002670                HTU21D::HTU21D(unsigned char, I2CHandler&)
                0x08002670                HTU21D::HTU21D(unsigned char, I2CHandler&)
 .text._ZN6HTU21D9checkCRC8EPh
                0x080026bc       0x92 ./Core/Src/HTU21D.o
                0x080026bc                HTU21D::checkCRC8(unsigned char*)
 .text._ZN6HTU21D9constrainEfff
                0x0800274e       0x38 ./Core/Src/HTU21D.o
                0x0800274e                HTU21D::constrain(float, float, float)
 *fill*         0x08002786        0x2 
 .text._ZN6HTU21D18measureTemperatureEv
                0x08002788      0x108 ./Core/Src/HTU21D.o
                0x08002788                HTU21D::measureTemperature()
 .text._ZN6HTU21D15measureHumidityEv
                0x08002890      0x168 ./Core/Src/HTU21D.o
                0x08002890                HTU21D::measureHumidity()
 .text._ZN6HTU21D7measureEv
                0x080029f8       0x52 ./Core/Src/HTU21D.o
                0x080029f8                HTU21D::measure()
 .text._ZN6HTU21D5beginEv
                0x08002a4a       0x1a ./Core/Src/HTU21D.o
                0x08002a4a                HTU21D::begin()
 .text._ZN6HTU21D5resetEv
                0x08002a64       0xa4 ./Core/Src/HTU21D.o
                0x08002a64                HTU21D::reset()
 .text._ZN6HTU21D23getFormattedMeasurementEv
                0x08002b08       0xc8 ./Core/Src/HTU21D.o
                0x08002b08                HTU21D::getFormattedMeasurement()
 .text._ZN6HTU21D13getSensorNameEv
                0x08002bd0       0x14 ./Core/Src/HTU21D.o
                0x08002bd0                HTU21D::getSensorName()
 .text._ZN10I2CHandlerC2EP19__I2C_HandleTypeDef
                0x08002be4       0x1a ./Core/Src/I2CHandler.o
                0x08002be4                I2CHandler::I2CHandler(__I2C_HandleTypeDef*)
                0x08002be4                I2CHandler::I2CHandler(__I2C_HandleTypeDef*)
 .text._ZN10I2CHandler5writeEtPht
                0x08002bfe       0x42 ./Core/Src/I2CHandler.o
                0x08002bfe                I2CHandler::write(unsigned short, unsigned char*, unsigned short)
 .text._ZN10I2CHandler4readEtPht
                0x08002c40       0x42 ./Core/Src/I2CHandler.o
                0x08002c40                I2CHandler::read(unsigned short, unsigned char*, unsigned short)
 *fill*         0x08002c82        0x2 
 .text._Z41__static_initialization_and_destruction_0ii
                0x08002c84       0x50 ./Core/Src/Multimetre.o
 .text._GLOBAL__sub_I__ZN10MultimetreC2Ev
                0x08002cd4       0x18 ./Core/Src/Multimetre.o
 .text._ZN4MenuC2Ev
                0x08002cec       0x36 ./Core/Src/main.o
                0x08002cec                Menu::Menu()
                0x08002cec                Menu::Menu()
 .text._ZN4Menu10initScreenEv
                0x08002d22       0x10 ./Core/Src/main.o
                0x08002d22                Menu::initScreen()
 *fill*         0x08002d32        0x2 
 .text.main     0x08002d34       0xd0 ./Core/Src/main.o
                0x08002d34                main
 .text._Z18SystemClock_Configv
                0x08002e04      0x110 ./Core/Src/main.o
                0x08002e04                SystemClock_Config()
 .text._ZL12MX_I2C1_Initv
                0x08002f14       0x98 ./Core/Src/main.o
 .text._ZL12MX_SPI1_Initv
                0x08002fac       0x78 ./Core/Src/main.o
 .text._ZL19MX_USART1_UART_Initv
                0x08003024       0x68 ./Core/Src/main.o
 .text._ZL15MX_USB_PCD_Initv
                0x0800308c       0x54 ./Core/Src/main.o
 .text._ZL12MX_GPIO_Initv
                0x080030e0      0x148 ./Core/Src/main.o
 .text.Error_Handler
                0x08003228        0xc ./Core/Src/main.o
                0x08003228                Error_Handler
 .text._Z41__static_initialization_and_destruction_0ii
                0x08003234       0x50 ./Core/Src/main.o
 .text._GLOBAL__sub_I__ZN4MenuC2Ev
                0x08003284       0x18 ./Core/Src/main.o
 .text.HAL_MspInit
                0x0800329c       0x28 ./Core/Src/stm32l0xx_hal_msp.o
                0x0800329c                HAL_MspInit
 .text.HAL_I2C_MspInit
                0x080032c4       0x8c ./Core/Src/stm32l0xx_hal_msp.o
                0x080032c4                HAL_I2C_MspInit
 .text.HAL_SPI_MspInit
                0x08003350       0x88 ./Core/Src/stm32l0xx_hal_msp.o
                0x08003350                HAL_SPI_MspInit
 .text.HAL_UART_MspInit
                0x080033d8       0x88 ./Core/Src/stm32l0xx_hal_msp.o
                0x080033d8                HAL_UART_MspInit
 .text.HAL_PCD_MspInit
                0x08003460       0x30 ./Core/Src/stm32l0xx_hal_msp.o
                0x08003460                HAL_PCD_MspInit
 .text.NMI_Handler
                0x08003490        0x8 ./Core/Src/stm32l0xx_it.o
                0x08003490                NMI_Handler
 .text.HardFault_Handler
                0x08003498        0x8 ./Core/Src/stm32l0xx_it.o
                0x08003498                HardFault_Handler
 .text.SVC_Handler
                0x080034a0        0xa ./Core/Src/stm32l0xx_it.o
                0x080034a0                SVC_Handler
 .text.PendSV_Handler
                0x080034aa        0xa ./Core/Src/stm32l0xx_it.o
                0x080034aa                PendSV_Handler
 .text.SysTick_Handler
                0x080034b4        0xe ./Core/Src/stm32l0xx_it.o
                0x080034b4                SysTick_Handler
 *fill*         0x080034c2        0x2 
 .text._sbrk    0x080034c4       0x6c ./Core/Src/sysmem.o
                0x080034c4                _sbrk
 .text.SystemInit
                0x08003530        0xa ./Core/Src/system_stm32l0xx.o
                0x08003530                SystemInit
 *fill*         0x0800353a        0x2 
 .text.Reset_Handler
                0x0800353c       0x50 ./Core/Startup/startup_stm32l053c8tx.o
                0x0800353c                Reset_Handler
 .text.Default_Handler
                0x0800358c        0x2 ./Core/Startup/startup_stm32l053c8tx.o
                0x0800358c                TSC_IRQHandler
                0x0800358c                ADC1_COMP_IRQHandler
                0x0800358c                PVD_IRQHandler
                0x0800358c                I2C1_IRQHandler
                0x0800358c                RCC_CRS_IRQHandler
                0x0800358c                SPI1_IRQHandler
                0x0800358c                TIM6_DAC_IRQHandler
                0x0800358c                EXTI2_3_IRQHandler
                0x0800358c                I2C2_IRQHandler
                0x0800358c                RTC_IRQHandler
                0x0800358c                LCD_IRQHandler
                0x0800358c                DMA1_Channel4_5_6_7_IRQHandler
                0x0800358c                EXTI4_15_IRQHandler
                0x0800358c                DMA1_Channel1_IRQHandler
                0x0800358c                Default_Handler
                0x0800358c                TIM22_IRQHandler
                0x0800358c                EXTI0_1_IRQHandler
                0x0800358c                USB_IRQHandler
                0x0800358c                SPI2_IRQHandler
                0x0800358c                TIM21_IRQHandler
                0x0800358c                WWDG_IRQHandler
                0x0800358c                TIM2_IRQHandler
                0x0800358c                DMA1_Channel2_3_IRQHandler
                0x0800358c                USART2_IRQHandler
                0x0800358c                FLASH_IRQHandler
                0x0800358c                USART1_IRQHandler
                0x0800358c                RNG_LPUART1_IRQHandler
                0x0800358c                LPTIM1_IRQHandler
 *fill*         0x0800358e        0x2 
 .text.HAL_Init
                0x08003590       0x40 ./Drivers/STM32L0xx_HAL_Driver/stm32l0xx_hal.o
                0x08003590                HAL_Init
 .text.HAL_InitTick
                0x080035d0       0x68 ./Drivers/STM32L0xx_HAL_Driver/stm32l0xx_hal.o
                0x080035d0                HAL_InitTick
 .text.HAL_IncTick
                0x08003638       0x24 ./Drivers/STM32L0xx_HAL_Driver/stm32l0xx_hal.o
                0x08003638                HAL_IncTick
 .text.HAL_GetTick
                0x0800365c       0x14 ./Drivers/STM32L0xx_HAL_Driver/stm32l0xx_hal.o
                0x0800365c                HAL_GetTick
 .text.HAL_Delay
                0x08003670       0x48 ./Drivers/STM32L0xx_HAL_Driver/stm32l0xx_hal.o
                0x08003670                HAL_Delay
 .text.__NVIC_SetPriority
                0x080036b8       0xdc ./Drivers/STM32L0xx_HAL_Driver/stm32l0xx_hal_cortex.o
 .text.SysTick_Config
                0x08003794       0x48 ./Drivers/STM32L0xx_HAL_Driver/stm32l0xx_hal_cortex.o
 .text.HAL_NVIC_SetPriority
                0x080037dc       0x2a ./Drivers/STM32L0xx_HAL_Driver/stm32l0xx_hal_cortex.o
                0x080037dc                HAL_NVIC_SetPriority
 .text.HAL_SYSTICK_Config
                0x08003806       0x1a ./Drivers/STM32L0xx_HAL_Driver/stm32l0xx_hal_cortex.o
                0x08003806                HAL_SYSTICK_Config
 .text.HAL_GPIO_Init
                0x08003820      0x2ec ./Drivers/STM32L0xx_HAL_Driver/stm32l0xx_hal_gpio.o
                0x08003820                HAL_GPIO_Init
 .text.HAL_GPIO_WritePin
                0x08003b0c       0x3a ./Drivers/STM32L0xx_HAL_Driver/stm32l0xx_hal_gpio.o
                0x08003b0c                HAL_GPIO_WritePin
 *fill*         0x08003b46        0x2 
 .text.HAL_I2C_Init
                0x08003b48      0x12c ./Drivers/STM32L0xx_HAL_Driver/stm32l0xx_hal_i2c.o
                0x08003b48                HAL_I2C_Init
 .text.HAL_I2C_Master_Transmit
                0x08003c74      0x210 ./Drivers/STM32L0xx_HAL_Driver/stm32l0xx_hal_i2c.o
                0x08003c74                HAL_I2C_Master_Transmit
 .text.HAL_I2C_Master_Receive
                0x08003e84      0x210 ./Drivers/STM32L0xx_HAL_Driver/stm32l0xx_hal_i2c.o
                0x08003e84                HAL_I2C_Master_Receive
 .text.I2C_Flush_TXDR
                0x08004094       0x44 ./Drivers/STM32L0xx_HAL_Driver/stm32l0xx_hal_i2c.o
 .text.I2C_WaitOnFlagUntilTimeout
                0x080040d8       0x9c ./Drivers/STM32L0xx_HAL_Driver/stm32l0xx_hal_i2c.o
 .text.I2C_WaitOnTXISFlagUntilTimeout
                0x08004174       0x8c ./Drivers/STM32L0xx_HAL_Driver/stm32l0xx_hal_i2c.o
 .text.I2C_WaitOnSTOPFlagUntilTimeout
                0x08004200       0x86 ./Drivers/STM32L0xx_HAL_Driver/stm32l0xx_hal_i2c.o
 *fill*         0x08004286        0x2 
 .text.I2C_WaitOnRXNEFlagUntilTimeout
                0x08004288      0x104 ./Drivers/STM32L0xx_HAL_Driver/stm32l0xx_hal_i2c.o
 .text.I2C_IsErrorOccurred
                0x0800438c      0x1f0 ./Drivers/STM32L0xx_HAL_Driver/stm32l0xx_hal_i2c.o
 .text.I2C_TransferConfig
                0x0800457c       0x74 ./Drivers/STM32L0xx_HAL_Driver/stm32l0xx_hal_i2c.o
 .text.HAL_I2CEx_ConfigAnalogFilter
                0x080045f0       0x98 ./Drivers/STM32L0xx_HAL_Driver/stm32l0xx_hal_i2c_ex.o
                0x080045f0                HAL_I2CEx_ConfigAnalogFilter
 .text.HAL_I2CEx_ConfigDigitalFilter
                0x08004688       0x98 ./Drivers/STM32L0xx_HAL_Driver/stm32l0xx_hal_i2c_ex.o
                0x08004688                HAL_I2CEx_ConfigDigitalFilter
 .text.HAL_PCD_Init
                0x08004720      0x200 ./Drivers/STM32L0xx_HAL_Driver/stm32l0xx_hal_pcd.o
                0x08004720                HAL_PCD_Init
 .text.HAL_PCDEx_ActivateLPM
                0x08004920       0x54 ./Drivers/STM32L0xx_HAL_Driver/stm32l0xx_hal_pcd_ex.o
                0x08004920                HAL_PCDEx_ActivateLPM
 .text.HAL_RCC_OscConfig
                0x08004974      0x788 ./Drivers/STM32L0xx_HAL_Driver/stm32l0xx_hal_rcc.o
                0x08004974                HAL_RCC_OscConfig
 .text.HAL_RCC_ClockConfig
                0x080050fc      0x290 ./Drivers/STM32L0xx_HAL_Driver/stm32l0xx_hal_rcc.o
                0x080050fc                HAL_RCC_ClockConfig
 .text.HAL_RCC_GetSysClockFreq
                0x0800538c      0x14c ./Drivers/STM32L0xx_HAL_Driver/stm32l0xx_hal_rcc.o
                0x0800538c                HAL_RCC_GetSysClockFreq
 .text.HAL_RCC_GetHCLKFreq
                0x080054d8       0x14 ./Drivers/STM32L0xx_HAL_Driver/stm32l0xx_hal_rcc.o
                0x080054d8                HAL_RCC_GetHCLKFreq
 .text.HAL_RCC_GetPCLK1Freq
                0x080054ec       0x2c ./Drivers/STM32L0xx_HAL_Driver/stm32l0xx_hal_rcc.o
                0x080054ec                HAL_RCC_GetPCLK1Freq
 .text.HAL_RCC_GetPCLK2Freq
                0x08005518       0x2c ./Drivers/STM32L0xx_HAL_Driver/stm32l0xx_hal_rcc.o
                0x08005518                HAL_RCC_GetPCLK2Freq
 .text.HAL_RCCEx_PeriphCLKConfig
                0x08005544      0x31c ./Drivers/STM32L0xx_HAL_Driver/stm32l0xx_hal_rcc_ex.o
                0x08005544                HAL_RCCEx_PeriphCLKConfig
 .text.HAL_SPI_Init
                0x08005860      0x128 ./Drivers/STM32L0xx_HAL_Driver/stm32l0xx_hal_spi.o
                0x08005860                HAL_SPI_Init
 .text.HAL_SPI_Transmit
                0x08005988      0x2ba ./Drivers/STM32L0xx_HAL_Driver/stm32l0xx_hal_spi.o
                0x08005988                HAL_SPI_Transmit
 .text.HAL_SPI_TransmitReceive
                0x08005c42      0x396 ./Drivers/STM32L0xx_HAL_Driver/stm32l0xx_hal_spi.o
                0x08005c42                HAL_SPI_TransmitReceive
 .text.SPI_WaitFlagStateUntilTimeout
                0x08005fd8      0x11c ./Drivers/STM32L0xx_HAL_Driver/stm32l0xx_hal_spi.o
 .text.SPI_EndRxTxTransaction
                0x080060f4       0x8c ./Drivers/STM32L0xx_HAL_Driver/stm32l0xx_hal_spi.o
 .text.HAL_UART_Init
                0x08006180       0xa8 ./Drivers/STM32L0xx_HAL_Driver/stm32l0xx_hal_uart.o
                0x08006180                HAL_UART_Init
 .text.UART_SetConfig
                0x08006228      0x508 ./Drivers/STM32L0xx_HAL_Driver/stm32l0xx_hal_uart.o
                0x08006228                UART_SetConfig
 .text.UART_AdvFeatureConfig
                0x08006730      0x168 ./Drivers/STM32L0xx_HAL_Driver/stm32l0xx_hal_uart.o
                0x08006730                UART_AdvFeatureConfig
 .text.UART_CheckIdleState
                0x08006898      0x150 ./Drivers/STM32L0xx_HAL_Driver/stm32l0xx_hal_uart.o
                0x08006898                UART_CheckIdleState
 .text.UART_WaitOnFlagUntilTimeout
                0x080069e8       0xd2 ./Drivers/STM32L0xx_HAL_Driver/stm32l0xx_hal_uart.o
                0x080069e8                UART_WaitOnFlagUntilTimeout
 *fill*         0x08006aba        0x2 
 .text.UART_EndRxTransfer
                0x08006abc       0xc8 ./Drivers/STM32L0xx_HAL_Driver/stm32l0xx_hal_uart.o
 .text.USB_DisableGlobalInt
                0x08006b84       0x34 ./Drivers/STM32L0xx_HAL_Driver/stm32l0xx_ll_usb.o
                0x08006b84                USB_DisableGlobalInt
 .text.USB_DevInit
                0x08006bb8       0x4e ./Drivers/STM32L0xx_HAL_Driver/stm32l0xx_ll_usb.o
                0x08006bb8                USB_DevInit
 *fill*         0x08006c06        0x2 
 .text.MX_FATFS_Init
                0x08006c08       0x2c ./FATFS/App/fatfs.o
                0x08006c08                MX_FATFS_Init
 .text.USER_initialize
                0x08006c34       0x20 ./FATFS/Target/user_diskio.o
                0x08006c34                USER_initialize
 .text.USER_status
                0x08006c54       0x20 ./FATFS/Target/user_diskio.o
                0x08006c54                USER_status
 .text.USER_read
                0x08006c74       0x2e ./FATFS/Target/user_diskio.o
                0x08006c74                USER_read
 .text.USER_write
                0x08006ca2       0x2e ./FATFS/Target/user_diskio.o
                0x08006ca2                USER_write
 .text.USER_ioctl
                0x08006cd0       0x2e ./FATFS/Target/user_diskio.o
                0x08006cd0                USER_ioctl
 *fill*         0x08006cfe        0x2 
 .text.SPI_Timer_On
                0x08006d00       0x28 ./FATFS/Target/user_diskio_spi.o
                0x08006d00                SPI_Timer_On
 .text.SPI_Timer_Status
                0x08006d28       0x2c ./FATFS/Target/user_diskio_spi.o
                0x08006d28                SPI_Timer_Status
 .text.xchg_spi
                0x08006d54       0x30 ./FATFS/Target/user_diskio_spi.o
 .text.rcvr_spi_multi
                0x08006d84       0x38 ./FATFS/Target/user_diskio_spi.o
 .text.xmit_spi_multi
                0x08006dbc       0x28 ./FATFS/Target/user_diskio_spi.o
 .text.wait_ready
                0x08006de4       0x50 ./FATFS/Target/user_diskio_spi.o
 .text.despiselect
                0x08006e34       0x24 ./FATFS/Target/user_diskio_spi.o
 .text.spiselect
                0x08006e58       0x3c ./FATFS/Target/user_diskio_spi.o
 .text.rcvr_datablock
                0x08006e94       0x5e ./FATFS/Target/user_diskio_spi.o
 .text.xmit_datablock
                0x08006ef2       0x74 ./FATFS/Target/user_diskio_spi.o
 .text.send_cmd
                0x08006f66      0x11c ./FATFS/Target/user_diskio_spi.o
 *fill*         0x08007082        0x2 
 .text.USER_SPI_initialize
                0x08007084      0x230 ./FATFS/Target/user_diskio_spi.o
                0x08007084                USER_SPI_initialize
 .text.USER_SPI_status
                0x080072b4       0x2c ./FATFS/Target/user_diskio_spi.o
                0x080072b4                USER_SPI_status
 .text.USER_SPI_read
                0x080072e0       0xd8 ./FATFS/Target/user_diskio_spi.o
                0x080072e0                USER_SPI_read
 .text.USER_SPI_write
                0x080073b8      0x100 ./FATFS/Target/user_diskio_spi.o
                0x080073b8                USER_SPI_write
 .text.USER_SPI_ioctl
                0x080074b8      0x328 ./FATFS/Target/user_diskio_spi.o
                0x080074b8                USER_SPI_ioctl
 .text.disk_status
                0x080077e0       0x44 ./Middlewares/FatFs/diskio.o
                0x080077e0                disk_status
 .text.disk_initialize
                0x08007824       0x60 ./Middlewares/FatFs/diskio.o
                0x08007824                disk_initialize
 .text.disk_read
                0x08007884       0x50 ./Middlewares/FatFs/diskio.o
                0x08007884                disk_read
 .text.disk_write
                0x080078d4       0x50 ./Middlewares/FatFs/diskio.o
                0x080078d4                disk_write
 .text.ld_word  0x08007924       0x36 ./Middlewares/FatFs/ff.o
 .text.ld_dword
                0x0800795a       0x42 ./Middlewares/FatFs/ff.o
 .text.clear_lock
                0x0800799c       0x40 ./Middlewares/FatFs/ff.o
 .text.sync_window
                0x080079dc       0x90 ./Middlewares/FatFs/ff.o
 .text.move_window
                0x08007a6c       0x6a ./Middlewares/FatFs/ff.o
 .text.get_fat  0x08007ad6      0x154 ./Middlewares/FatFs/ff.o
 .text.get_ldnumber
                0x08007c2a       0x84 ./Middlewares/FatFs/ff.o
 *fill*         0x08007cae        0x2 
 .text.check_fs
                0x08007cb0       0xb0 ./Middlewares/FatFs/ff.o
 .text.find_volume
                0x08007d60      0x4e0 ./Middlewares/FatFs/ff.o
 .text.f_mount  0x08008240       0x98 ./Middlewares/FatFs/ff.o
                0x08008240                f_mount
 .text.f_getfree
                0x080082d8      0x17a ./Middlewares/FatFs/ff.o
                0x080082d8                f_getfree
 *fill*         0x08008452        0x2 
 .text.FATFS_LinkDriverEx
                0x08008454       0xa8 ./Middlewares/FatFs/ff_gen_drv.o
                0x08008454                FATFS_LinkDriverEx
 .text.FATFS_LinkDriver
                0x080084fc       0x20 ./Middlewares/FatFs/ff_gen_drv.o
                0x080084fc                FATFS_LinkDriver
 .text.snprintf
                0x0800851c       0x68 /opt/st/stm32cubeide_1.17.0/plugins/com.st.stm32cube.ide.mcu.externaltools.gnu-tools-for-stm32.12.3.rel1.linux64_1.1.0.202410170702/tools/bin/../lib/gcc/arm-none-eabi/12.3.1/../../../../arm-none-eabi/lib/thumb/v6-m/nofp/libc_nano.a(libc_a-snprintf.o)
                0x0800851c                snprintf
                0x0800851c                sniprintf
 .text.memset   0x08008584       0x10 /opt/st/stm32cubeide_1.17.0/plugins/com.st.stm32cube.ide.mcu.externaltools.gnu-tools-for-stm32.12.3.rel1.linux64_1.1.0.202410170702/tools/bin/../lib/gcc/arm-none-eabi/12.3.1/../../../../arm-none-eabi/lib/thumb/v6-m/nofp/libc_nano.a(libc_a-memset.o)
                0x08008584                memset
 .text.__errno  0x08008594        0xc /opt/st/stm32cubeide_1.17.0/plugins/com.st.stm32cube.ide.mcu.externaltools.gnu-tools-for-stm32.12.3.rel1.linux64_1.1.0.202410170702/tools/bin/../lib/gcc/arm-none-eabi/12.3.1/../../../../arm-none-eabi/lib/thumb/v6-m/nofp/libc_nano.a(libc_a-errno.o)
                0x08008594                __errno
 .text.__libc_init_array
                0x080085a0       0x48 /opt/st/stm32cubeide_1.17.0/plugins/com.st.stm32cube.ide.mcu.externaltools.gnu-tools-for-stm32.12.3.rel1.linux64_1.1.0.202410170702/tools/bin/../lib/gcc/arm-none-eabi/12.3.1/../../../../arm-none-eabi/lib/thumb/v6-m/nofp/libc_nano.a(libc_a-init.o)
                0x080085a0                __libc_init_array
 .text.__retarget_lock_acquire_recursive
                0x080085e8        0x2 /opt/st/stm32cubeide_1.17.0/plugins/com.st.stm32cube.ide.mcu.externaltools.gnu-tools-for-stm32.12.3.rel1.linux64_1.1.0.202410170702/tools/bin/../lib/gcc/arm-none-eabi/12.3.1/../../../../arm-none-eabi/lib/thumb/v6-m/nofp/libc_nano.a(libc_a-lock.o)
                0x080085e8                __retarget_lock_acquire_recursive
 .text.__retarget_lock_release_recursive
                0x080085ea        0x2 /opt/st/stm32cubeide_1.17.0/plugins/com.st.stm32cube.ide.mcu.externaltools.gnu-tools-for-stm32.12.3.rel1.linux64_1.1.0.202410170702/tools/bin/../lib/gcc/arm-none-eabi/12.3.1/../../../../arm-none-eabi/lib/thumb/v6-m/nofp/libc_nano.a(libc_a-lock.o)
                0x080085ea                __retarget_lock_release_recursive
 .text._free_r  0x080085ec       0x94 /opt/st/stm32cubeide_1.17.0/plugins/com.st.stm32cube.ide.mcu.externaltools.gnu-tools-for-stm32.12.3.rel1.linux64_1.1.0.202410170702/tools/bin/../lib/gcc/arm-none-eabi/12.3.1/../../../../arm-none-eabi/lib/thumb/v6-m/nofp/libc_nano.a(libc_a-freer.o)
                0x080085ec                _free_r
 .text.sbrk_aligned
                0x08008680       0x44 /opt/st/stm32cubeide_1.17.0/plugins/com.st.stm32cube.ide.mcu.externaltools.gnu-tools-for-stm32.12.3.rel1.linux64_1.1.0.202410170702/tools/bin/../lib/gcc/arm-none-eabi/12.3.1/../../../../arm-none-eabi/lib/thumb/v6-m/nofp/libc_nano.a(libc_a-mallocr.o)
 .text._malloc_r
                0x080086c4      0x100 /opt/st/stm32cubeide_1.17.0/plugins/com.st.stm32cube.ide.mcu.externaltools.gnu-tools-for-stm32.12.3.rel1.linux64_1.1.0.202410170702/tools/bin/../lib/gcc/arm-none-eabi/12.3.1/../../../../arm-none-eabi/lib/thumb/v6-m/nofp/libc_nano.a(libc_a-mallocr.o)
                0x080086c4                _malloc_r
 .text.__malloc_lock
                0x080087c4       0x10 /opt/st/stm32cubeide_1.17.0/plugins/com.st.stm32cube.ide.mcu.externaltools.gnu-tools-for-stm32.12.3.rel1.linux64_1.1.0.202410170702/tools/bin/../lib/gcc/arm-none-eabi/12.3.1/../../../../arm-none-eabi/lib/thumb/v6-m/nofp/libc_nano.a(libc_a-mlock.o)
                0x080087c4                __malloc_lock
 .text.__malloc_unlock
                0x080087d4       0x10 /opt/st/stm32cubeide_1.17.0/plugins/com.st.stm32cube.ide.mcu.externaltools.gnu-tools-for-stm32.12.3.rel1.linux64_1.1.0.202410170702/tools/bin/../lib/gcc/arm-none-eabi/12.3.1/../../../../arm-none-eabi/lib/thumb/v6-m/nofp/libc_nano.a(libc_a-mlock.o)
                0x080087d4                __malloc_unlock
 .text.__ssputs_r
                0x080087e4       0xc0 /opt/st/stm32cubeide_1.17.0/plugins/com.st.stm32cube.ide.mcu.externaltools.gnu-tools-for-stm32.12.3.rel1.linux64_1.1.0.202410170702/tools/bin/../lib/gcc/arm-none-eabi/12.3.1/../../../../arm-none-eabi/lib/thumb/v6-m/nofp/libc_nano.a(libc_a-nano-svfprintf.o)
                0x080087e4                __ssputs_r
 .text._svfprintf_r
                0x080088a4      0x1fc /opt/st/stm32cubeide_1.17.0/plugins/com.st.stm32cube.ide.mcu.externaltools.gnu-tools-for-stm32.12.3.rel1.linux64_1.1.0.202410170702/tools/bin/../lib/gcc/arm-none-eabi/12.3.1/../../../../arm-none-eabi/lib/thumb/v6-m/nofp/libc_nano.a(libc_a-nano-svfprintf.o)
                0x080088a4                _svfprintf_r
                0x080088a4                _svfiprintf_r
 .text._printf_common
                0x08008aa0       0xde /opt/st/stm32cubeide_1.17.0/plugins/com.st.stm32cube.ide.mcu.externaltools.gnu-tools-for-stm32.12.3.rel1.linux64_1.1.0.202410170702/tools/bin/../lib/gcc/arm-none-eabi/12.3.1/../../../../arm-none-eabi/lib/thumb/v6-m/nofp/libc_nano.a(libc_a-nano-vfprintf_i.o)
                0x08008aa0                _printf_common
 *fill*         0x08008b7e        0x2 
 .text._printf_i
                0x08008b80      0x21c /opt/st/stm32cubeide_1.17.0/plugins/com.st.stm32cube.ide.mcu.externaltools.gnu-tools-for-stm32.12.3.rel1.linux64_1.1.0.202410170702/tools/bin/../lib/gcc/arm-none-eabi/12.3.1/../../../../arm-none-eabi/lib/thumb/v6-m/nofp/libc_nano.a(libc_a-nano-vfprintf_i.o)
                0x08008b80                _printf_i
 .text.memmove  0x08008d9c       0x26 /opt/st/stm32cubeide_1.17.0/plugins/com.st.stm32cube.ide.mcu.externaltools.gnu-tools-for-stm32.12.3.rel1.linux64_1.1.0.202410170702/tools/bin/../lib/gcc/arm-none-eabi/12.3.1/../../../../arm-none-eabi/lib/thumb/v6-m/nofp/libc_nano.a(libc_a-memmove.o)
                0x08008d9c                memmove
 *fill*         0x08008dc2        0x2 
 .text._sbrk_r  0x08008dc4       0x24 /opt/st/stm32cubeide_1.17.0/plugins/com.st.stm32cube.ide.mcu.externaltools.gnu-tools-for-stm32.12.3.rel1.linux64_1.1.0.202410170702/tools/bin/../lib/gcc/arm-none-eabi/12.3.1/../../../../arm-none-eabi/lib/thumb/v6-m/nofp/libc_nano.a(libc_a-sbrkr.o)
                0x08008dc4                _sbrk_r
 .text.memchr   0x08008de8       0x16 /opt/st/stm32cubeide_1.17.0/plugins/com.st.stm32cube.ide.mcu.externaltools.gnu-tools-for-stm32.12.3.rel1.linux64_1.1.0.202410170702/tools/bin/../lib/gcc/arm-none-eabi/12.3.1/../../../../arm-none-eabi/lib/thumb/v6-m/nofp/libc_nano.a(libc_a-memchr-stub.o)
                0x08008de8                memchr
 .text.memcpy   0x08008dfe       0x12 /opt/st/stm32cubeide_1.17.0/plugins/com.st.stm32cube.ide.mcu.externaltools.gnu-tools-for-stm32.12.3.rel1.linux64_1.1.0.202410170702/tools/bin/../lib/gcc/arm-none-eabi/12.3.1/../../../../arm-none-eabi/lib/thumb/v6-m/nofp/libc_nano.a(libc_a-memcpy-stub.o)
                0x08008dfe                memcpy
 .text._realloc_r
                0x08008e10       0x5e /opt/st/stm32cubeide_1.17.0/plugins/com.st.stm32cube.ide.mcu.externaltools.gnu-tools-for-stm32.12.3.rel1.linux64_1.1.0.202410170702/tools/bin/../lib/gcc/arm-none-eabi/12.3.1/../../../../arm-none-eabi/lib/thumb/v6-m/nofp/libc_nano.a(libc_a-reallocr.o)
                0x08008e10                _realloc_r
 .text._malloc_usable_size_r
                0x08008e6e       0x10 /opt/st/stm32cubeide_1.17.0/plugins/com.st.stm32cube.ide.mcu.externaltools.gnu-tools-for-stm32.12.3.rel1.linux64_1.1.0.202410170702/tools/bin/../lib/gcc/arm-none-eabi/12.3.1/../../../../arm-none-eabi/lib/thumb/v6-m/nofp/libc_nano.a(libc_a-msizer.o)
                0x08008e6e                _malloc_usable_size_r
 *(.glue_7)
 .glue_7        0x08008e7e        0x0 linker stubs
 *(.glue_7t)
 .glue_7t       0x08008e7e        0x0 linker stubs
 *(.eh_frame)
 *fill*         0x08008e7e        0x2 
 .eh_frame      0x08008e80        0x0 /opt/st/stm32cubeide_1.17.0/plugins/com.st.stm32cube.ide.mcu.externaltools.gnu-tools-for-stm32.12.3.rel1.linux64_1.1.0.202410170702/tools/bin/../lib/gcc/arm-none-eabi/12.3.1/thumb/v6-m/nofp/crtbegin.o
 *(.init)
 .init          0x08008e80        0x4 /opt/st/stm32cubeide_1.17.0/plugins/com.st.stm32cube.ide.mcu.externaltools.gnu-tools-for-stm32.12.3.rel1.linux64_1.1.0.202410170702/tools/bin/../lib/gcc/arm-none-eabi/12.3.1/thumb/v6-m/nofp/crti.o
                0x08008e80                _init
 .init          0x08008e84        0x8 /opt/st/stm32cubeide_1.17.0/plugins/com.st.stm32cube.ide.mcu.externaltools.gnu-tools-for-stm32.12.3.rel1.linux64_1.1.0.202410170702/tools/bin/../lib/gcc/arm-none-eabi/12.3.1/thumb/v6-m/nofp/crtn.o
 *(.fini)
 .fini          0x08008e8c        0x4 /opt/st/stm32cubeide_1.17.0/plugins/com.st.stm32cube.ide.mcu.externaltools.gnu-tools-for-stm32.12.3.rel1.linux64_1.1.0.202410170702/tools/bin/../lib/gcc/arm-none-eabi/12.3.1/thumb/v6-m/nofp/crti.o
                0x08008e8c                _fini
 .fini          0x08008e90        0x8 /opt/st/stm32cubeide_1.17.0/plugins/com.st.stm32cube.ide.mcu.externaltools.gnu-tools-for-stm32.12.3.rel1.linux64_1.1.0.202410170702/tools/bin/../lib/gcc/arm-none-eabi/12.3.1/thumb/v6-m/nofp/crtn.o
                0x08008e98                        . = ALIGN (0x4)
                0x08008e98                        _etext = .

.vfp11_veneer   0x08008e98        0x0
 .vfp11_veneer  0x08008e98        0x0 linker stubs

.v4_bx          0x08008e98        0x0
 .v4_bx         0x08008e98        0x0 linker stubs

.iplt           0x08008e98        0x0
 .iplt          0x08008e98        0x0 /opt/st/stm32cubeide_1.17.0/plugins/com.st.stm32cube.ide.mcu.externaltools.gnu-tools-for-stm32.12.3.rel1.linux64_1.1.0.202410170702/tools/bin/../lib/gcc/arm-none-eabi/12.3.1/thumb/v6-m/nofp/crtbegin.o

.rodata         0x08008e98      0x178
                0x08008e98                        . = ALIGN (0x4)
 *(.rodata)
 .rodata        0x08008e98       0x1c ./Core/Src/ADXL343.o
 .rodata        0x08008eb4       0x59 ./Core/Src/EventLogger.o
 *fill*         0x08008f0d        0x3 
 .rodata        0x08008f10       0x26 ./Core/Src/HTU21D.o
 *(.rodata*)
 *fill*         0x08008f36        0x2 
 .rodata._ZTV7ADXL343
                0x08008f38       0x10 ./Core/Src/ADXL343.o
                0x08008f38                vtable for ADXL343
 .rodata._ZTV7ISensor
                0x08008f48       0x10 ./Core/Src/ADXL343.o
                0x08008f48                vtable for ISensor
 .rodata._ZL14HTU21D_DELAY_T
                0x08008f58        0x4 ./Core/Src/HTU21D.o
 .rodata._ZL14HTU21D_DELAY_H
                0x08008f5c        0x4 ./Core/Src/HTU21D.o
 .rodata._ZTV6HTU21D
                0x08008f60       0x10 ./Core/Src/HTU21D.o
                0x08008f60                vtable for HTU21D
 .rodata.AHBPrescTable
                0x08008f70       0x10 ./Core/Src/system_stm32l0xx.o
                0x08008f70                AHBPrescTable
 .rodata.APBPrescTable
                0x08008f80        0x8 ./Core/Src/system_stm32l0xx.o
                0x08008f80                APBPrescTable
 .rodata.PLLMulTable
                0x08008f88        0x9 ./Core/Src/system_stm32l0xx.o
                0x08008f88                PLLMulTable
 *fill*         0x08008f91        0x3 
 .rodata.UART_SetConfig
                0x08008f94       0x48 ./Drivers/STM32L0xx_HAL_Driver/stm32l0xx_hal_uart.o
 .rodata._svfprintf_r.str1.1
                0x08008fdc       0x11 /opt/st/stm32cubeide_1.17.0/plugins/com.st.stm32cube.ide.mcu.externaltools.gnu-tools-for-stm32.12.3.rel1.linux64_1.1.0.202410170702/tools/bin/../lib/gcc/arm-none-eabi/12.3.1/../../../../arm-none-eabi/lib/thumb/v6-m/nofp/libc_nano.a(libc_a-nano-svfprintf.o)
 .rodata._printf_i.str1.1
                0x08008fed       0x22 /opt/st/stm32cubeide_1.17.0/plugins/com.st.stm32cube.ide.mcu.externaltools.gnu-tools-for-stm32.12.3.rel1.linux64_1.1.0.202410170702/tools/bin/../lib/gcc/arm-none-eabi/12.3.1/../../../../arm-none-eabi/lib/thumb/v6-m/nofp/libc_nano.a(libc_a-nano-vfprintf_i.o)
                0x08009010                        . = ALIGN (0x4)
 *fill*         0x0800900f        0x1 

.ARM.extab      0x08009010        0x0
                0x08009010                        . = ALIGN (0x4)
 *(.ARM.extab* .gnu.linkonce.armextab.*)
                0x08009010                        . = ALIGN (0x4)

.ARM            0x08009010        0x8
                0x08009010                        . = ALIGN (0x4)
                0x08009010                        __exidx_start = .
 *(.ARM.exidx*)
 .ARM.exidx     0x08009010        0x8 /opt/st/stm32cubeide_1.17.0/plugins/com.st.stm32cube.ide.mcu.externaltools.gnu-tools-for-stm32.12.3.rel1.linux64_1.1.0.202410170702/tools/bin/../lib/gcc/arm-none-eabi/12.3.1/thumb/v6-m/nofp/libgcc.a(_udivmoddi4.o)
                0x08009018                        __exidx_end = .
                0x08009018                        . = ALIGN (0x4)

.rel.dyn        0x08009018        0x0
 .rel.iplt      0x08009018        0x0 /opt/st/stm32cubeide_1.17.0/plugins/com.st.stm32cube.ide.mcu.externaltools.gnu-tools-for-stm32.12.3.rel1.linux64_1.1.0.202410170702/tools/bin/../lib/gcc/arm-none-eabi/12.3.1/thumb/v6-m/nofp/crtbegin.o

.preinit_array  0x08009018        0x0
                0x08009018                        . = ALIGN (0x4)
                0x08009018                        PROVIDE (__preinit_array_start = .)
 *(.preinit_array*)
                0x08009018                        PROVIDE (__preinit_array_end = .)
                0x08009018                        . = ALIGN (0x4)

.init_array     0x08009018        0xc
                0x08009018                        . = ALIGN (0x4)
                0x08009018                        PROVIDE (__init_array_start = .)
 *(SORT_BY_NAME(.init_array.*))
 *(.init_array*)
 .init_array    0x08009018        0x4 /opt/st/stm32cubeide_1.17.0/plugins/com.st.stm32cube.ide.mcu.externaltools.gnu-tools-for-stm32.12.3.rel1.linux64_1.1.0.202410170702/tools/bin/../lib/gcc/arm-none-eabi/12.3.1/thumb/v6-m/nofp/crtbegin.o
 .init_array    0x0800901c        0x4 ./Core/Src/Multimetre.o
 .init_array    0x08009020        0x4 ./Core/Src/main.o
                0x08009024                        PROVIDE (__init_array_end = .)
                0x08009024                        . = ALIGN (0x4)

.fini_array     0x08009024        0x4
                0x08009024                        . = ALIGN (0x4)
                [!provide]                        PROVIDE (__fini_array_start = .)
 *(SORT_BY_NAME(.fini_array.*))
 *(.fini_array*)
 .fini_array    0x08009024        0x4 /opt/st/stm32cubeide_1.17.0/plugins/com.st.stm32cube.ide.mcu.externaltools.gnu-tools-for-stm32.12.3.rel1.linux64_1.1.0.202410170702/tools/bin/../lib/gcc/arm-none-eabi/12.3.1/thumb/v6-m/nofp/crtbegin.o
                [!provide]                        PROVIDE (__fini_array_end = .)
                0x08009028                        . = ALIGN (0x4)
                0x08009028                        _sidata = LOADADDR (.data)

.data           0x20000000       0x7c load address 0x08009028
                0x20000000                        . = ALIGN (0x4)
                0x20000000                        _sdata = .
 *(.data)
 *(.data*)
 .data._ZL2R1   0x20000000        0x2 ./Core/Src/Multimetre.o
 .data._ZL2R2   0x20000002        0x2 ./Core/Src/Multimetre.o
 .data._ZL2R1   0x20000004        0x2 ./Core/Src/main.o
 .data._ZL2R2   0x20000006        0x2 ./Core/Src/main.o
 .data.SystemCoreClock
                0x20000008        0x4 ./Core/Src/system_stm32l0xx.o
                0x20000008                SystemCoreClock
 .data.uwTickPrio
                0x2000000c        0x4 ./Drivers/STM32L0xx_HAL_Driver/stm32l0xx_hal.o
                0x2000000c                uwTickPrio
 .data.uwTickFreq
                0x20000010        0x1 ./Drivers/STM32L0xx_HAL_Driver/stm32l0xx_hal.o
                0x20000010                uwTickFreq
 *fill*         0x20000011        0x3 
 .data.USER_Driver
                0x20000014       0x14 ./FATFS/Target/user_diskio.o
                0x20000014                USER_Driver
 .data.Stat     0x20000028        0x1 ./FATFS/Target/user_diskio_spi.o
 *fill*         0x20000029        0x3 
 .data._impure_ptr
                0x2000002c        0x4 /opt/st/stm32cubeide_1.17.0/plugins/com.st.stm32cube.ide.mcu.externaltools.gnu-tools-for-stm32.12.3.rel1.linux64_1.1.0.202410170702/tools/bin/../lib/gcc/arm-none-eabi/12.3.1/../../../../arm-none-eabi/lib/thumb/v6-m/nofp/libc_nano.a(libc_a-impure.o)
                0x2000002c                _impure_ptr
 .data._impure_data
                0x20000030       0x4c /opt/st/stm32cubeide_1.17.0/plugins/com.st.stm32cube.ide.mcu.externaltools.gnu-tools-for-stm32.12.3.rel1.linux64_1.1.0.202410170702/tools/bin/../lib/gcc/arm-none-eabi/12.3.1/../../../../arm-none-eabi/lib/thumb/v6-m/nofp/libc_nano.a(libc_a-impure.o)
                0x20000030                _impure_data
 *(.RamFunc)
 *(.RamFunc*)
                0x2000007c                        . = ALIGN (0x4)
                0x2000007c                        _edata = .

.igot.plt       0x2000007c        0x0 load address 0x080090a4
 .igot.plt      0x2000007c        0x0 /opt/st/stm32cubeide_1.17.0/plugins/com.st.stm32cube.ide.mcu.externaltools.gnu-tools-for-stm32.12.3.rel1.linux64_1.1.0.202410170702/tools/bin/../lib/gcc/arm-none-eabi/12.3.1/thumb/v6-m/nofp/crtbegin.o
                0x2000007c                        . = ALIGN (0x4)

.bss            0x2000007c      0x5e4 load address 0x080090a4
                0x2000007c                        _sbss = .
                0x2000007c                        __bss_start__ = _sbss
 *(.bss)
 .bss           0x2000007c       0x1c /opt/st/stm32cubeide_1.17.0/plugins/com.st.stm32cube.ide.mcu.externaltools.gnu-tools-for-stm32.12.3.rel1.linux64_1.1.0.202410170702/tools/bin/../lib/gcc/arm-none-eabi/12.3.1/thumb/v6-m/nofp/crtbegin.o
 *(.bss*)
 .bss._ZL5ratio
                0x20000098        0x4 ./Core/Src/Multimetre.o
 .bss._ZL5ratio
                0x2000009c        0x4 ./Core/Src/main.o
 .bss.hi2c1     0x200000a0       0x54 ./Core/Src/main.o
                0x200000a0                hi2c1
 .bss.hspi1     0x200000f4       0x58 ./Core/Src/main.o
                0x200000f4                hspi1
 .bss.huart1    0x2000014c       0x88 ./Core/Src/main.o
                0x2000014c                huart1
 .bss.hpcd_USB_FS
                0x200001d4      0x2f4 ./Core/Src/main.o
                0x200001d4                hpcd_USB_FS
 .bss.__sbrk_heap_end
                0x200004c8        0x4 ./Core/Src/sysmem.o
 .bss.uwTick    0x200004cc        0x4 ./Drivers/STM32L0xx_HAL_Driver/stm32l0xx_hal.o
                0x200004cc                uwTick
 .bss.retUSER   0x200004d0        0x1 ./FATFS/App/fatfs.o
                0x200004d0                retUSER
 *fill*         0x200004d1        0x3 
 .bss.USERPath  0x200004d4        0x4 ./FATFS/App/fatfs.o
                0x200004d4                USERPath
 .bss.CardType  0x200004d8        0x1 ./FATFS/Target/user_diskio_spi.o
 *fill*         0x200004d9        0x3 
 .bss.spiTimerTickStart
                0x200004dc        0x4 ./FATFS/Target/user_diskio_spi.o
                0x200004dc                spiTimerTickStart
 .bss.spiTimerTickDelay
                0x200004e0        0x4 ./FATFS/Target/user_diskio_spi.o
                0x200004e0                spiTimerTickDelay
 .bss.FatFs     0x200004e4        0x4 ./Middlewares/FatFs/ff.o
 .bss.Fsid      0x200004e8        0x2 ./Middlewares/FatFs/ff.o
 *fill*         0x200004ea        0x2 
 .bss.Files     0x200004ec       0x20 ./Middlewares/FatFs/ff.o
 .bss.disk      0x2000050c        0xc ./Middlewares/FatFs/ff_gen_drv.o
                0x2000050c                disk
 .bss.__sf      0x20000518      0x138 /opt/st/stm32cubeide_1.17.0/plugins/com.st.stm32cube.ide.mcu.externaltools.gnu-tools-for-stm32.12.3.rel1.linux64_1.1.0.202410170702/tools/bin/../lib/gcc/arm-none-eabi/12.3.1/../../../../arm-none-eabi/lib/thumb/v6-m/nofp/libc_nano.a(libc_a-findfp.o)
                0x20000518                __sf
 .bss.errno     0x20000650        0x4 /opt/st/stm32cubeide_1.17.0/plugins/com.st.stm32cube.ide.mcu.externaltools.gnu-tools-for-stm32.12.3.rel1.linux64_1.1.0.202410170702/tools/bin/../lib/gcc/arm-none-eabi/12.3.1/../../../../arm-none-eabi/lib/thumb/v6-m/nofp/libc_nano.a(libc_a-reent.o)
                0x20000650                errno
 .bss.__lock___malloc_recursive_mutex
                0x20000654        0x1 /opt/st/stm32cubeide_1.17.0/plugins/com.st.stm32cube.ide.mcu.externaltools.gnu-tools-for-stm32.12.3.rel1.linux64_1.1.0.202410170702/tools/bin/../lib/gcc/arm-none-eabi/12.3.1/../../../../arm-none-eabi/lib/thumb/v6-m/nofp/libc_nano.a(libc_a-lock.o)
                0x20000654                __lock___malloc_recursive_mutex
 *fill*         0x20000655        0x3 
 .bss.__malloc_sbrk_start
                0x20000658        0x4 /opt/st/stm32cubeide_1.17.0/plugins/com.st.stm32cube.ide.mcu.externaltools.gnu-tools-for-stm32.12.3.rel1.linux64_1.1.0.202410170702/tools/bin/../lib/gcc/arm-none-eabi/12.3.1/../../../../arm-none-eabi/lib/thumb/v6-m/nofp/libc_nano.a(libc_a-mallocr.o)
                0x20000658                __malloc_sbrk_start
 .bss.__malloc_free_list
                0x2000065c        0x4 /opt/st/stm32cubeide_1.17.0/plugins/com.st.stm32cube.ide.mcu.externaltools.gnu-tools-for-stm32.12.3.rel1.linux64_1.1.0.202410170702/tools/bin/../lib/gcc/arm-none-eabi/12.3.1/../../../../arm-none-eabi/lib/thumb/v6-m/nofp/libc_nano.a(libc_a-mallocr.o)
                0x2000065c                __malloc_free_list
 *(COMMON)
                0x20000660                        . = ALIGN (0x4)
                0x20000660                        _ebss = .
                0x20000660                        __bss_end__ = _ebss

._user_heap_stack
                0x20000660      0x600 load address 0x080090a4
                0x20000660                        . = ALIGN (0x8)
                [!provide]                        PROVIDE (end = .)
                0x20000660                        PROVIDE (_end = .)
                0x20000860                        . = (. + _Min_Heap_Size)
 *fill*         0x20000660      0x200 
                0x20000c60                        . = (. + _Min_Stack_Size)
 *fill*         0x20000860      0x400 
                0x20000c60                        . = ALIGN (0x8)

/DISCARD/
 libc.a(*)
 libm.a(*)
 libgcc.a(*)

.ARM.attributes
                0x00000000       0x28
 *(.ARM.attributes)
 .ARM.attributes
                0x00000000       0x1e /opt/st/stm32cubeide_1.17.0/plugins/com.st.stm32cube.ide.mcu.externaltools.gnu-tools-for-stm32.12.3.rel1.linux64_1.1.0.202410170702/tools/bin/../lib/gcc/arm-none-eabi/12.3.1/thumb/v6-m/nofp/crti.o
 .ARM.attributes
                0x0000001e       0x2c /opt/st/stm32cubeide_1.17.0/plugins/com.st.stm32cube.ide.mcu.externaltools.gnu-tools-for-stm32.12.3.rel1.linux64_1.1.0.202410170702/tools/bin/../lib/gcc/arm-none-eabi/12.3.1/thumb/v6-m/nofp/crtbegin.o
 .ARM.attributes
                0x0000004a       0x2c ./Core/Src/ADXL343.o
 .ARM.attributes
                0x00000076       0x2c ./Core/Src/EventLogger.o
 .ARM.attributes
                0x000000a2       0x2c ./Core/Src/HTU21D.o
 .ARM.attributes
                0x000000ce       0x2c ./Core/Src/I2CHandler.o
 .ARM.attributes
                0x000000fa       0x2c ./Core/Src/Multimetre.o
 .ARM.attributes
                0x00000126       0x2c ./Core/Src/main.o
 .ARM.attributes
                0x00000152       0x2c ./Core/Src/stm32l0xx_hal_msp.o
 .ARM.attributes
                0x0000017e       0x2c ./Core/Src/stm32l0xx_it.o
 .ARM.attributes
                0x000001aa       0x2c ./Core/Src/sysmem.o
 .ARM.attributes
                0x000001d6       0x2c ./Core/Src/system_stm32l0xx.o
 .ARM.attributes
                0x00000202       0x22 ./Core/Startup/startup_stm32l053c8tx.o
 .ARM.attributes
                0x00000224       0x2c ./Drivers/STM32L0xx_HAL_Driver/stm32l0xx_hal.o
 .ARM.attributes
                0x00000250       0x2c ./Drivers/STM32L0xx_HAL_Driver/stm32l0xx_hal_cortex.o
 .ARM.attributes
                0x0000027c       0x2c ./Drivers/STM32L0xx_HAL_Driver/stm32l0xx_hal_gpio.o
 .ARM.attributes
                0x000002a8       0x2c ./Drivers/STM32L0xx_HAL_Driver/stm32l0xx_hal_i2c.o
 .ARM.attributes
                0x000002d4       0x2c ./Drivers/STM32L0xx_HAL_Driver/stm32l0xx_hal_i2c_ex.o
 .ARM.attributes
                0x00000300       0x2c ./Drivers/STM32L0xx_HAL_Driver/stm32l0xx_hal_pcd.o
 .ARM.attributes
                0x0000032c       0x2c ./Drivers/STM32L0xx_HAL_Driver/stm32l0xx_hal_pcd_ex.o
 .ARM.attributes
                0x00000358       0x2c ./Drivers/STM32L0xx_HAL_Driver/stm32l0xx_hal_rcc.o
 .ARM.attributes
                0x00000384       0x2c ./Drivers/STM32L0xx_HAL_Driver/stm32l0xx_hal_rcc_ex.o
 .ARM.attributes
                0x000003b0       0x2c ./Drivers/STM32L0xx_HAL_Driver/stm32l0xx_hal_spi.o
 .ARM.attributes
                0x000003dc       0x2c ./Drivers/STM32L0xx_HAL_Driver/stm32l0xx_hal_uart.o
 .ARM.attributes
                0x00000408       0x2c ./Drivers/STM32L0xx_HAL_Driver/stm32l0xx_ll_usb.o
 .ARM.attributes
                0x00000434       0x2c ./FATFS/App/fatfs.o
 .ARM.attributes
                0x00000460       0x2c ./FATFS/Target/user_diskio.o
 .ARM.attributes
                0x0000048c       0x2c ./FATFS/Target/user_diskio_spi.o
 .ARM.attributes
                0x000004b8       0x2c ./Middlewares/FatFs/diskio.o
 .ARM.attributes
                0x000004e4       0x2c ./Middlewares/FatFs/ff.o
 .ARM.attributes
                0x00000510       0x2c ./Middlewares/FatFs/ff_gen_drv.o
 .ARM.attributes
                0x0000053c       0x2c /opt/st/stm32cubeide_1.17.0/plugins/com.st.stm32cube.ide.mcu.externaltools.gnu-tools-for-stm32.12.3.rel1.linux64_1.1.0.202410170702/tools/bin/../lib/gcc/arm-none-eabi/12.3.1/../../../../arm-none-eabi/lib/thumb/v6-m/nofp/libc_nano.a(libc_a-findfp.o)
 .ARM.attributes
                0x00000568       0x2c /opt/st/stm32cubeide_1.17.0/plugins/com.st.stm32cube.ide.mcu.externaltools.gnu-tools-for-stm32.12.3.rel1.linux64_1.1.0.202410170702/tools/bin/../lib/gcc/arm-none-eabi/12.3.1/../../../../arm-none-eabi/lib/thumb/v6-m/nofp/libc_nano.a(libc_a-snprintf.o)
 .ARM.attributes
                0x00000594       0x2c /opt/st/stm32cubeide_1.17.0/plugins/com.st.stm32cube.ide.mcu.externaltools.gnu-tools-for-stm32.12.3.rel1.linux64_1.1.0.202410170702/tools/bin/../lib/gcc/arm-none-eabi/12.3.1/../../../../arm-none-eabi/lib/thumb/v6-m/nofp/libc_nano.a(libc_a-memset.o)
 .ARM.attributes
                0x000005c0       0x2c /opt/st/stm32cubeide_1.17.0/plugins/com.st.stm32cube.ide.mcu.externaltools.gnu-tools-for-stm32.12.3.rel1.linux64_1.1.0.202410170702/tools/bin/../lib/gcc/arm-none-eabi/12.3.1/../../../../arm-none-eabi/lib/thumb/v6-m/nofp/libc_nano.a(libc_a-reent.o)
 .ARM.attributes
                0x000005ec       0x2c /opt/st/stm32cubeide_1.17.0/plugins/com.st.stm32cube.ide.mcu.externaltools.gnu-tools-for-stm32.12.3.rel1.linux64_1.1.0.202410170702/tools/bin/../lib/gcc/arm-none-eabi/12.3.1/../../../../arm-none-eabi/lib/thumb/v6-m/nofp/libc_nano.a(libc_a-impure.o)
 .ARM.attributes
                0x00000618       0x2c /opt/st/stm32cubeide_1.17.0/plugins/com.st.stm32cube.ide.mcu.externaltools.gnu-tools-for-stm32.12.3.rel1.linux64_1.1.0.202410170702/tools/bin/../lib/gcc/arm-none-eabi/12.3.1/../../../../arm-none-eabi/lib/thumb/v6-m/nofp/libc_nano.a(libc_a-errno.o)
 .ARM.attributes
                0x00000644       0x2c /opt/st/stm32cubeide_1.17.0/plugins/com.st.stm32cube.ide.mcu.externaltools.gnu-tools-for-stm32.12.3.rel1.linux64_1.1.0.202410170702/tools/bin/../lib/gcc/arm-none-eabi/12.3.1/../../../../arm-none-eabi/lib/thumb/v6-m/nofp/libc_nano.a(libc_a-init.o)
 .ARM.attributes
                0x00000670       0x2c /opt/st/stm32cubeide_1.17.0/plugins/com.st.stm32cube.ide.mcu.externaltools.gnu-tools-for-stm32.12.3.rel1.linux64_1.1.0.202410170702/tools/bin/../lib/gcc/arm-none-eabi/12.3.1/../../../../arm-none-eabi/lib/thumb/v6-m/nofp/libc_nano.a(libc_a-lock.o)
 .ARM.attributes
                0x0000069c       0x2c /opt/st/stm32cubeide_1.17.0/plugins/com.st.stm32cube.ide.mcu.externaltools.gnu-tools-for-stm32.12.3.rel1.linux64_1.1.0.202410170702/tools/bin/../lib/gcc/arm-none-eabi/12.3.1/../../../../arm-none-eabi/lib/thumb/v6-m/nofp/libc_nano.a(libc_a-freer.o)
 .ARM.attributes
                0x000006c8       0x2c /opt/st/stm32cubeide_1.17.0/plugins/com.st.stm32cube.ide.mcu.externaltools.gnu-tools-for-stm32.12.3.rel1.linux64_1.1.0.202410170702/tools/bin/../lib/gcc/arm-none-eabi/12.3.1/../../../../arm-none-eabi/lib/thumb/v6-m/nofp/libc_nano.a(libc_a-mallocr.o)
 .ARM.attributes
                0x000006f4       0x2c /opt/st/stm32cubeide_1.17.0/plugins/com.st.stm32cube.ide.mcu.externaltools.gnu-tools-for-stm32.12.3.rel1.linux64_1.1.0.202410170702/tools/bin/../lib/gcc/arm-none-eabi/12.3.1/../../../../arm-none-eabi/lib/thumb/v6-m/nofp/libc_nano.a(libc_a-mlock.o)
 .ARM.attributes
                0x00000720       0x2c /opt/st/stm32cubeide_1.17.0/plugins/com.st.stm32cube.ide.mcu.externaltools.gnu-tools-for-stm32.12.3.rel1.linux64_1.1.0.202410170702/tools/bin/../lib/gcc/arm-none-eabi/12.3.1/../../../../arm-none-eabi/lib/thumb/v6-m/nofp/libc_nano.a(libc_a-nano-svfprintf.o)
 .ARM.attributes
                0x0000074c       0x2c /opt/st/stm32cubeide_1.17.0/plugins/com.st.stm32cube.ide.mcu.externaltools.gnu-tools-for-stm32.12.3.rel1.linux64_1.1.0.202410170702/tools/bin/../lib/gcc/arm-none-eabi/12.3.1/../../../../arm-none-eabi/lib/thumb/v6-m/nofp/libc_nano.a(libc_a-nano-vfprintf_i.o)
 .ARM.attributes
                0x00000778       0x2c /opt/st/stm32cubeide_1.17.0/plugins/com.st.stm32cube.ide.mcu.externaltools.gnu-tools-for-stm32.12.3.rel1.linux64_1.1.0.202410170702/tools/bin/../lib/gcc/arm-none-eabi/12.3.1/../../../../arm-none-eabi/lib/thumb/v6-m/nofp/libc_nano.a(libc_a-memmove.o)
 .ARM.attributes
                0x000007a4       0x2c /opt/st/stm32cubeide_1.17.0/plugins/com.st.stm32cube.ide.mcu.externaltools.gnu-tools-for-stm32.12.3.rel1.linux64_1.1.0.202410170702/tools/bin/../lib/gcc/arm-none-eabi/12.3.1/../../../../arm-none-eabi/lib/thumb/v6-m/nofp/libc_nano.a(libc_a-sbrkr.o)
 .ARM.attributes
                0x000007d0       0x2c /opt/st/stm32cubeide_1.17.0/plugins/com.st.stm32cube.ide.mcu.externaltools.gnu-tools-for-stm32.12.3.rel1.linux64_1.1.0.202410170702/tools/bin/../lib/gcc/arm-none-eabi/12.3.1/../../../../arm-none-eabi/lib/thumb/v6-m/nofp/libc_nano.a(libc_a-memchr-stub.o)
 .ARM.attributes
                0x000007fc       0x2c /opt/st/stm32cubeide_1.17.0/plugins/com.st.stm32cube.ide.mcu.externaltools.gnu-tools-for-stm32.12.3.rel1.linux64_1.1.0.202410170702/tools/bin/../lib/gcc/arm-none-eabi/12.3.1/../../../../arm-none-eabi/lib/thumb/v6-m/nofp/libc_nano.a(libc_a-memcpy-stub.o)
 .ARM.attributes
                0x00000828       0x2c /opt/st/stm32cubeide_1.17.0/plugins/com.st.stm32cube.ide.mcu.externaltools.gnu-tools-for-stm32.12.3.rel1.linux64_1.1.0.202410170702/tools/bin/../lib/gcc/arm-none-eabi/12.3.1/../../../../arm-none-eabi/lib/thumb/v6-m/nofp/libc_nano.a(libc_a-reallocr.o)
 .ARM.attributes
                0x00000854       0x2c /opt/st/stm32cubeide_1.17.0/plugins/com.st.stm32cube.ide.mcu.externaltools.gnu-tools-for-stm32.12.3.rel1.linux64_1.1.0.202410170702/tools/bin/../lib/gcc/arm-none-eabi/12.3.1/../../../../arm-none-eabi/lib/thumb/v6-m/nofp/libc_nano.a(libc_a-msizer.o)
 .ARM.attributes
                0x00000880       0x1e /opt/st/stm32cubeide_1.17.0/plugins/com.st.stm32cube.ide.mcu.externaltools.gnu-tools-for-stm32.12.3.rel1.linux64_1.1.0.202410170702/tools/bin/../lib/gcc/arm-none-eabi/12.3.1/thumb/v6-m/nofp/libgcc.a(_thumb1_case_shi.o)
 .ARM.attributes
                0x0000089e       0x1e /opt/st/stm32cubeide_1.17.0/plugins/com.st.stm32cube.ide.mcu.externaltools.gnu-tools-for-stm32.12.3.rel1.linux64_1.1.0.202410170702/tools/bin/../lib/gcc/arm-none-eabi/12.3.1/thumb/v6-m/nofp/libgcc.a(_udivsi3.o)
 .ARM.attributes
                0x000008bc       0x1e /opt/st/stm32cubeide_1.17.0/plugins/com.st.stm32cube.ide.mcu.externaltools.gnu-tools-for-stm32.12.3.rel1.linux64_1.1.0.202410170702/tools/bin/../lib/gcc/arm-none-eabi/12.3.1/thumb/v6-m/nofp/libgcc.a(_dvmd_tls.o)
 .ARM.attributes
                0x000008da       0x1e /opt/st/stm32cubeide_1.17.0/plugins/com.st.stm32cube.ide.mcu.externaltools.gnu-tools-for-stm32.12.3.rel1.linux64_1.1.0.202410170702/tools/bin/../lib/gcc/arm-none-eabi/12.3.1/thumb/v6-m/nofp/libgcc.a(_arm_cmpsf2.o)
 .ARM.attributes
                0x000008f8       0x1e /opt/st/stm32cubeide_1.17.0/plugins/com.st.stm32cube.ide.mcu.externaltools.gnu-tools-for-stm32.12.3.rel1.linux64_1.1.0.202410170702/tools/bin/../lib/gcc/arm-none-eabi/12.3.1/thumb/v6-m/nofp/libgcc.a(_aeabi_uldivmod.o)
 .ARM.attributes
                0x00000916       0x2c /opt/st/stm32cubeide_1.17.0/plugins/com.st.stm32cube.ide.mcu.externaltools.gnu-tools-for-stm32.12.3.rel1.linux64_1.1.0.202410170702/tools/bin/../lib/gcc/arm-none-eabi/12.3.1/thumb/v6-m/nofp/libgcc.a(_muldi3.o)
 .ARM.attributes
                0x00000942       0x2c /opt/st/stm32cubeide_1.17.0/plugins/com.st.stm32cube.ide.mcu.externaltools.gnu-tools-for-stm32.12.3.rel1.linux64_1.1.0.202410170702/tools/bin/../lib/gcc/arm-none-eabi/12.3.1/thumb/v6-m/nofp/libgcc.a(_fixunssfsi.o)
 .ARM.attributes
                0x0000096e       0x2c /opt/st/stm32cubeide_1.17.0/plugins/com.st.stm32cube.ide.mcu.externaltools.gnu-tools-for-stm32.12.3.rel1.linux64_1.1.0.202410170702/tools/bin/../lib/gcc/arm-none-eabi/12.3.1/thumb/v6-m/nofp/libgcc.a(_udivmoddi4.o)
 .ARM.attributes
                0x0000099a       0x2c /opt/st/stm32cubeide_1.17.0/plugins/com.st.stm32cube.ide.mcu.externaltools.gnu-tools-for-stm32.12.3.rel1.linux64_1.1.0.202410170702/tools/bin/../lib/gcc/arm-none-eabi/12.3.1/thumb/v6-m/nofp/libgcc.a(eqsf2.o)
 .ARM.attributes
                0x000009c6       0x2c /opt/st/stm32cubeide_1.17.0/plugins/com.st.stm32cube.ide.mcu.externaltools.gnu-tools-for-stm32.12.3.rel1.linux64_1.1.0.202410170702/tools/bin/../lib/gcc/arm-none-eabi/12.3.1/thumb/v6-m/nofp/libgcc.a(gesf2.o)
 .ARM.attributes
                0x000009f2       0x2c /opt/st/stm32cubeide_1.17.0/plugins/com.st.stm32cube.ide.mcu.externaltools.gnu-tools-for-stm32.12.3.rel1.linux64_1.1.0.202410170702/tools/bin/../lib/gcc/arm-none-eabi/12.3.1/thumb/v6-m/nofp/libgcc.a(lesf2.o)
 .ARM.attributes
                0x00000a1e       0x2c /opt/st/stm32cubeide_1.17.0/plugins/com.st.stm32cube.ide.mcu.externaltools.gnu-tools-for-stm32.12.3.rel1.linux64_1.1.0.202410170702/tools/bin/../lib/gcc/arm-none-eabi/12.3.1/thumb/v6-m/nofp/libgcc.a(mulsf3.o)
 .ARM.attributes
                0x00000a4a       0x2c /opt/st/stm32cubeide_1.17.0/plugins/com.st.stm32cube.ide.mcu.externaltools.gnu-tools-for-stm32.12.3.rel1.linux64_1.1.0.202410170702/tools/bin/../lib/gcc/arm-none-eabi/12.3.1/thumb/v6-m/nofp/libgcc.a(subsf3.o)
 .ARM.attributes
                0x00000a76       0x2c /opt/st/stm32cubeide_1.17.0/plugins/com.st.stm32cube.ide.mcu.externaltools.gnu-tools-for-stm32.12.3.rel1.linux64_1.1.0.202410170702/tools/bin/../lib/gcc/arm-none-eabi/12.3.1/thumb/v6-m/nofp/libgcc.a(fixsfsi.o)
 .ARM.attributes
                0x00000aa2       0x2c /opt/st/stm32cubeide_1.17.0/plugins/com.st.stm32cube.ide.mcu.externaltools.gnu-tools-for-stm32.12.3.rel1.linux64_1.1.0.202410170702/tools/bin/../lib/gcc/arm-none-eabi/12.3.1/thumb/v6-m/nofp/libgcc.a(floatsisf.o)
 .ARM.attributes
                0x00000ace       0x2c /opt/st/stm32cubeide_1.17.0/plugins/com.st.stm32cube.ide.mcu.externaltools.gnu-tools-for-stm32.12.3.rel1.linux64_1.1.0.202410170702/tools/bin/../lib/gcc/arm-none-eabi/12.3.1/thumb/v6-m/nofp/libgcc.a(floatunsisf.o)
 .ARM.attributes
                0x00000afa       0x2c /opt/st/stm32cubeide_1.17.0/plugins/com.st.stm32cube.ide.mcu.externaltools.gnu-tools-for-stm32.12.3.rel1.linux64_1.1.0.202410170702/tools/bin/../lib/gcc/arm-none-eabi/12.3.1/thumb/v6-m/nofp/libgcc.a(adddf3.o)
 .ARM.attributes
                0x00000b26       0x2c /opt/st/stm32cubeide_1.17.0/plugins/com.st.stm32cube.ide.mcu.externaltools.gnu-tools-for-stm32.12.3.rel1.linux64_1.1.0.202410170702/tools/bin/../lib/gcc/arm-none-eabi/12.3.1/thumb/v6-m/nofp/libgcc.a(muldf3.o)
 .ARM.attributes
                0x00000b52       0x2c /opt/st/stm32cubeide_1.17.0/plugins/com.st.stm32cube.ide.mcu.externaltools.gnu-tools-for-stm32.12.3.rel1.linux64_1.1.0.202410170702/tools/bin/../lib/gcc/arm-none-eabi/12.3.1/thumb/v6-m/nofp/libgcc.a(subdf3.o)
 .ARM.attributes
                0x00000b7e       0x2c /opt/st/stm32cubeide_1.17.0/plugins/com.st.stm32cube.ide.mcu.externaltools.gnu-tools-for-stm32.12.3.rel1.linux64_1.1.0.202410170702/tools/bin/../lib/gcc/arm-none-eabi/12.3.1/thumb/v6-m/nofp/libgcc.a(extendsfdf2.o)
 .ARM.attributes
                0x00000baa       0x2c /opt/st/stm32cubeide_1.17.0/plugins/com.st.stm32cube.ide.mcu.externaltools.gnu-tools-for-stm32.12.3.rel1.linux64_1.1.0.202410170702/tools/bin/../lib/gcc/arm-none-eabi/12.3.1/thumb/v6-m/nofp/libgcc.a(truncdfsf2.o)
 .ARM.attributes
                0x00000bd6       0x1e /opt/st/stm32cubeide_1.17.0/plugins/com.st.stm32cube.ide.mcu.externaltools.gnu-tools-for-stm32.12.3.rel1.linux64_1.1.0.202410170702/tools/bin/../lib/gcc/arm-none-eabi/12.3.1/thumb/v6-m/nofp/libgcc.a(_clzsi2.o)
 .ARM.attributes
                0x00000bf4       0x1e /opt/st/stm32cubeide_1.17.0/plugins/com.st.stm32cube.ide.mcu.externaltools.gnu-tools-for-stm32.12.3.rel1.linux64_1.1.0.202410170702/tools/bin/../lib/gcc/arm-none-eabi/12.3.1/thumb/v6-m/nofp/libgcc.a(_clzdi2.o)
 .ARM.attributes
                0x00000c12       0x1e /opt/st/stm32cubeide_1.17.0/plugins/com.st.stm32cube.ide.mcu.externaltools.gnu-tools-for-stm32.12.3.rel1.linux64_1.1.0.202410170702/tools/bin/../lib/gcc/arm-none-eabi/12.3.1/thumb/v6-m/nofp/crtn.o
OUTPUT(TouilloMetre.elf elf32-littlearm)
LOAD linker stubs
LOAD /opt/st/stm32cubeide_1.17.0/plugins/com.st.stm32cube.ide.mcu.externaltools.gnu-tools-for-stm32.12.3.rel1.linux64_1.1.0.202410170702/tools/bin/../lib/gcc/arm-none-eabi/12.3.1/../../../../arm-none-eabi/lib/thumb/v6-m/nofp/libc.a
LOAD /opt/st/stm32cubeide_1.17.0/plugins/com.st.stm32cube.ide.mcu.externaltools.gnu-tools-for-stm32.12.3.rel1.linux64_1.1.0.202410170702/tools/bin/../lib/gcc/arm-none-eabi/12.3.1/../../../../arm-none-eabi/lib/thumb/v6-m/nofp/libm.a
LOAD /opt/st/stm32cubeide_1.17.0/plugins/com.st.stm32cube.ide.mcu.externaltools.gnu-tools-for-stm32.12.3.rel1.linux64_1.1.0.202410170702/tools/bin/../lib/gcc/arm-none-eabi/12.3.1/thumb/v6-m/nofp/libgcc.a

.debug_info     0x00000000    0x1d298
 .debug_info    0x00000000     0x15ca ./Core/Src/ADXL343.o
 .debug_info    0x000015ca     0x1349 ./Core/Src/EventLogger.o
 .debug_info    0x00002913     0x16a0 ./Core/Src/HTU21D.o
 .debug_info    0x00003fb3      0x7fd ./Core/Src/I2CHandler.o
 .debug_info    0x000047b0     0x11a9 ./Core/Src/Multimetre.o
 .debug_info    0x00005959     0x458e ./Core/Src/main.o
 .debug_info    0x00009ee7     0x1a46 ./Core/Src/stm32l0xx_hal_msp.o
 .debug_info    0x0000b92d       0xd3 ./Core/Src/stm32l0xx_it.o
 .debug_info    0x0000ba00      0x168 ./Core/Src/sysmem.o
 .debug_info    0x0000bb68      0x2d0 ./Core/Src/system_stm32l0xx.o
 .debug_info    0x0000be38       0x30 ./Core/Startup/startup_stm32l053c8tx.o
 .debug_info    0x0000be68      0x863 ./Drivers/STM32L0xx_HAL_Driver/stm32l0xx_hal.o
 .debug_info    0x0000c6cb      0x84f ./Drivers/STM32L0xx_HAL_Driver/stm32l0xx_hal_cortex.o
 .debug_info    0x0000cf1a      0x624 ./Drivers/STM32L0xx_HAL_Driver/stm32l0xx_hal_gpio.o
 .debug_info    0x0000d53e     0x205f ./Drivers/STM32L0xx_HAL_Driver/stm32l0xx_hal_i2c.o
 .debug_info    0x0000f59d      0x884 ./Drivers/STM32L0xx_HAL_Driver/stm32l0xx_hal_i2c_ex.o
 .debug_info    0x0000fe21     0x15db ./Drivers/STM32L0xx_HAL_Driver/stm32l0xx_hal_pcd.o
 .debug_info    0x000113fc      0x80a ./Drivers/STM32L0xx_HAL_Driver/stm32l0xx_hal_pcd_ex.o
 .debug_info    0x00011c06      0x9fd ./Drivers/STM32L0xx_HAL_Driver/stm32l0xx_hal_rcc.o
 .debug_info    0x00012603      0x7e6 ./Drivers/STM32L0xx_HAL_Driver/stm32l0xx_hal_rcc_ex.o
 .debug_info    0x00012de9     0x15ca ./Drivers/STM32L0xx_HAL_Driver/stm32l0xx_hal_spi.o
 .debug_info    0x000143b3     0x3b30 ./Drivers/STM32L0xx_HAL_Driver/stm32l0xx_hal_uart.o
 .debug_info    0x00017ee3     0x15fa ./Drivers/STM32L0xx_HAL_Driver/stm32l0xx_ll_usb.o
 .debug_info    0x000194dd      0x4d9 ./FATFS/App/fatfs.o
 .debug_info    0x000199b6      0x3aa ./FATFS/Target/user_diskio.o
 .debug_info    0x00019d60      0xbf5 ./FATFS/Target/user_diskio_spi.o
 .debug_info    0x0001a955      0x3df ./Middlewares/FatFs/diskio.o
 .debug_info    0x0001ad34     0x21e5 ./Middlewares/FatFs/ff.o
 .debug_info    0x0001cf19      0x37f ./Middlewares/FatFs/ff_gen_drv.o

.debug_abbrev   0x00000000     0x45c2
 .debug_abbrev  0x00000000      0x417 ./Core/Src/ADXL343.o
 .debug_abbrev  0x00000417      0x3db ./Core/Src/EventLogger.o
 .debug_abbrev  0x000007f2      0x445 ./Core/Src/HTU21D.o
 .debug_abbrev  0x00000c37      0x1f9 ./Core/Src/I2CHandler.o
 .debug_abbrev  0x00000e30      0x3cc ./Core/Src/Multimetre.o
 .debug_abbrev  0x000011fc      0x750 ./Core/Src/main.o
 .debug_abbrev  0x0000194c      0x255 ./Core/Src/stm32l0xx_hal_msp.o
 .debug_abbrev  0x00001ba1       0x73 ./Core/Src/stm32l0xx_it.o
 .debug_abbrev  0x00001c14       0xbc ./Core/Src/sysmem.o
 .debug_abbrev  0x00001cd0      0x11c ./Core/Src/system_stm32l0xx.o
 .debug_abbrev  0x00001dec       0x24 ./Core/Startup/startup_stm32l053c8tx.o
 .debug_abbrev  0x00001e10      0x2a0 ./Drivers/STM32L0xx_HAL_Driver/stm32l0xx_hal.o
 .debug_abbrev  0x000020b0      0x29b ./Drivers/STM32L0xx_HAL_Driver/stm32l0xx_hal_cortex.o
 .debug_abbrev  0x0000234b      0x1ca ./Drivers/STM32L0xx_HAL_Driver/stm32l0xx_hal_gpio.o
 .debug_abbrev  0x00002515      0x270 ./Drivers/STM32L0xx_HAL_Driver/stm32l0xx_hal_i2c.o
 .debug_abbrev  0x00002785      0x1b9 ./Drivers/STM32L0xx_HAL_Driver/stm32l0xx_hal_i2c_ex.o
 .debug_abbrev  0x0000293e      0x2b2 ./Drivers/STM32L0xx_HAL_Driver/stm32l0xx_hal_pcd.o
 .debug_abbrev  0x00002bf0      0x228 ./Drivers/STM32L0xx_HAL_Driver/stm32l0xx_hal_pcd_ex.o
 .debug_abbrev  0x00002e18      0x296 ./Drivers/STM32L0xx_HAL_Driver/stm32l0xx_hal_rcc.o
 .debug_abbrev  0x000030ae      0x219 ./Drivers/STM32L0xx_HAL_Driver/stm32l0xx_hal_rcc_ex.o
 .debug_abbrev  0x000032c7      0x27e ./Drivers/STM32L0xx_HAL_Driver/stm32l0xx_hal_spi.o
 .debug_abbrev  0x00003545      0x2e0 ./Drivers/STM32L0xx_HAL_Driver/stm32l0xx_hal_uart.o
 .debug_abbrev  0x00003825      0x23f ./Drivers/STM32L0xx_HAL_Driver/stm32l0xx_ll_usb.o
 .debug_abbrev  0x00003a64      0x160 ./FATFS/App/fatfs.o
 .debug_abbrev  0x00003bc4      0x143 ./FATFS/Target/user_diskio.o
 .debug_abbrev  0x00003d07      0x319 ./FATFS/Target/user_diskio_spi.o
 .debug_abbrev  0x00004020      0x181 ./Middlewares/FatFs/diskio.o
 .debug_abbrev  0x000041a1      0x282 ./Middlewares/FatFs/ff.o
 .debug_abbrev  0x00004423      0x19f ./Middlewares/FatFs/ff_gen_drv.o

.debug_aranges  0x00000000     0x1450
 .debug_aranges
                0x00000000       0x78 ./Core/Src/ADXL343.o
 .debug_aranges
                0x00000078       0x88 ./Core/Src/EventLogger.o
 .debug_aranges
                0x00000100       0xa0 ./Core/Src/HTU21D.o
 .debug_aranges
                0x000001a0       0x30 ./Core/Src/I2CHandler.o
 .debug_aranges
                0x000001d0       0x58 ./Core/Src/Multimetre.o
 .debug_aranges
                0x00000228       0xd0 ./Core/Src/main.o
 .debug_aranges
                0x000002f8       0x80 ./Core/Src/stm32l0xx_hal_msp.o
 .debug_aranges
                0x00000378       0x40 ./Core/Src/stm32l0xx_it.o
 .debug_aranges
                0x000003b8       0x20 ./Core/Src/sysmem.o
 .debug_aranges
                0x000003d8       0x28 ./Core/Src/system_stm32l0xx.o
 .debug_aranges
                0x00000400       0x28 ./Core/Startup/startup_stm32l053c8tx.o
 .debug_aranges
                0x00000428      0x110 ./Drivers/STM32L0xx_HAL_Driver/stm32l0xx_hal.o
 .debug_aranges
                0x00000538       0xd8 ./Drivers/STM32L0xx_HAL_Driver/stm32l0xx_hal_cortex.o
 .debug_aranges
                0x00000610       0x58 ./Drivers/STM32L0xx_HAL_Driver/stm32l0xx_hal_gpio.o
 .debug_aranges
                0x00000668      0x2a0 ./Drivers/STM32L0xx_HAL_Driver/stm32l0xx_hal_i2c.o
 .debug_aranges
                0x00000908       0x48 ./Drivers/STM32L0xx_HAL_Driver/stm32l0xx_hal_i2c_ex.o
 .debug_aranges
                0x00000950      0x138 ./Drivers/STM32L0xx_HAL_Driver/stm32l0xx_hal_pcd.o
 .debug_aranges
                0x00000a88       0x58 ./Drivers/STM32L0xx_HAL_Driver/stm32l0xx_hal_pcd_ex.o
 .debug_aranges
                0x00000ae0       0x80 ./Drivers/STM32L0xx_HAL_Driver/stm32l0xx_hal_rcc.o
 .debug_aranges
                0x00000b60       0xb0 ./Drivers/STM32L0xx_HAL_Driver/stm32l0xx_hal_rcc_ex.o
 .debug_aranges
                0x00000c10      0x1d0 ./Drivers/STM32L0xx_HAL_Driver/stm32l0xx_hal_spi.o
 .debug_aranges
                0x00000de0      0x228 ./Drivers/STM32L0xx_HAL_Driver/stm32l0xx_hal_uart.o
 .debug_aranges
                0x00001008       0xb8 ./Drivers/STM32L0xx_HAL_Driver/stm32l0xx_ll_usb.o
 .debug_aranges
                0x000010c0       0x28 ./FATFS/App/fatfs.o
 .debug_aranges
                0x000010e8       0x40 ./FATFS/Target/user_diskio.o
 .debug_aranges
                0x00001128       0x98 ./FATFS/Target/user_diskio_spi.o
 .debug_aranges
                0x000011c0       0x48 ./Middlewares/FatFs/diskio.o
 .debug_aranges
                0x00001208      0x208 ./Middlewares/FatFs/ff.o
 .debug_aranges
                0x00001410       0x40 ./Middlewares/FatFs/ff_gen_drv.o

.debug_rnglists
                0x00000000      0xfa8
 .debug_rnglists
                0x00000000       0x5a ./Core/Src/ADXL343.o
 .debug_rnglists
                0x0000005a       0x67 ./Core/Src/EventLogger.o
 .debug_rnglists
                0x000000c1       0x78 ./Core/Src/HTU21D.o
 .debug_rnglists
                0x00000139       0x1f ./Core/Src/I2CHandler.o
 .debug_rnglists
                0x00000158       0x3d ./Core/Src/Multimetre.o
 .debug_rnglists
                0x00000195       0x9b ./Core/Src/main.o
 .debug_rnglists
                0x00000230       0x5e ./Core/Src/stm32l0xx_hal_msp.o
 .debug_rnglists
                0x0000028e       0x2b ./Core/Src/stm32l0xx_it.o
 .debug_rnglists
                0x000002b9       0x13 ./Core/Src/sysmem.o
 .debug_rnglists
                0x000002cc       0x1a ./Core/Src/system_stm32l0xx.o
 .debug_rnglists
                0x000002e6       0x19 ./Core/Startup/startup_stm32l053c8tx.o
 .debug_rnglists
                0x000002ff       0xc7 ./Drivers/STM32L0xx_HAL_Driver/stm32l0xx_hal.o
 .debug_rnglists
                0x000003c6       0x9f ./Drivers/STM32L0xx_HAL_Driver/stm32l0xx_hal_cortex.o
 .debug_rnglists
                0x00000465       0x3f ./Drivers/STM32L0xx_HAL_Driver/stm32l0xx_hal_gpio.o
 .debug_rnglists
                0x000004a4      0x229 ./Drivers/STM32L0xx_HAL_Driver/stm32l0xx_hal_i2c.o
 .debug_rnglists
                0x000006cd       0x35 ./Drivers/STM32L0xx_HAL_Driver/stm32l0xx_hal_i2c_ex.o
 .debug_rnglists
                0x00000702       0xee ./Drivers/STM32L0xx_HAL_Driver/stm32l0xx_hal_pcd.o
 .debug_rnglists
                0x000007f0       0x3f ./Drivers/STM32L0xx_HAL_Driver/stm32l0xx_hal_pcd_ex.o
 .debug_rnglists
                0x0000082f       0x61 ./Drivers/STM32L0xx_HAL_Driver/stm32l0xx_hal_rcc.o
 .debug_rnglists
                0x00000890       0x85 ./Drivers/STM32L0xx_HAL_Driver/stm32l0xx_hal_rcc_ex.o
 .debug_rnglists
                0x00000915      0x171 ./Drivers/STM32L0xx_HAL_Driver/stm32l0xx_hal_spi.o
 .debug_rnglists
                0x00000a86      0x1db ./Drivers/STM32L0xx_HAL_Driver/stm32l0xx_hal_uart.o
 .debug_rnglists
                0x00000c61       0x8d ./Drivers/STM32L0xx_HAL_Driver/stm32l0xx_ll_usb.o
 .debug_rnglists
                0x00000cee       0x19 ./FATFS/App/fatfs.o
 .debug_rnglists
                0x00000d07       0x2b ./FATFS/Target/user_diskio.o
 .debug_rnglists
                0x00000d32       0x72 ./FATFS/Target/user_diskio_spi.o
 .debug_rnglists
                0x00000da4       0x31 ./Middlewares/FatFs/diskio.o
 .debug_rnglists
                0x00000dd5      0x1a6 ./Middlewares/FatFs/ff.o
 .debug_rnglists
                0x00000f7b       0x2d ./Middlewares/FatFs/ff_gen_drv.o

.debug_macro    0x00000000     0x846f
 .debug_macro   0x00000000      0x39c ./Core/Src/ADXL343.o
 .debug_macro   0x0000039c      0xb62 ./Core/Src/ADXL343.o
 .debug_macro   0x00000efe       0x1c ./Core/Src/ADXL343.o
 .debug_macro   0x00000f1a      0x4da ./Core/Src/ADXL343.o
 .debug_macro   0x000013f4      0x190 ./Core/Src/ADXL343.o
 .debug_macro   0x00001584       0x16 ./Core/Src/ADXL343.o
 .debug_macro   0x0000159a       0xc4 ./Core/Src/ADXL343.o
 .debug_macro   0x0000165e       0x34 ./Core/Src/ADXL343.o
 .debug_macro   0x00001692       0x16 ./Core/Src/ADXL343.o
 .debug_macro   0x000016a8       0x35 ./Core/Src/ADXL343.o
 .debug_macro   0x000016dd      0x38c ./Core/Src/ADXL343.o
 .debug_macro   0x00001a69       0x10 ./Core/Src/ADXL343.o
 .debug_macro   0x00001a79       0x43 ./Core/Src/ADXL343.o
 .debug_macro   0x00001abc       0x16 ./Core/Src/ADXL343.o
 .debug_macro   0x00001ad2       0x16 ./Core/Src/ADXL343.o
 .debug_macro   0x00001ae8       0x16 ./Core/Src/ADXL343.o
 .debug_macro   0x00001afe      0x138 ./Core/Src/ADXL343.o
 .debug_macro   0x00001c36      0x1d6 ./Core/Src/ADXL343.o
 .debug_macro   0x00001e0c       0x10 ./Core/Src/ADXL343.o
 .debug_macro   0x00001e1c      0x409 ./Core/Src/ADXL343.o
 .debug_macro   0x00002225       0x10 ./Core/Src/ADXL343.o
 .debug_macro   0x00002235       0x16 ./Core/Src/ADXL343.o
 .debug_macro   0x0000224b       0x16 ./Core/Src/ADXL343.o
 .debug_macro   0x00002261       0x29 ./Core/Src/ADXL343.o
 .debug_macro   0x0000228a       0x1c ./Core/Src/ADXL343.o
 .debug_macro   0x000022a6       0xde ./Core/Src/ADXL343.o
 .debug_macro   0x00002384      0x422 ./Core/Src/EventLogger.o
 .debug_macro   0x000027a6       0xe5 ./Core/Src/EventLogger.o
 .debug_macro   0x0000288b       0x12 ./Core/Src/EventLogger.o
 .debug_macro   0x0000289d       0xe2 ./Core/Src/EventLogger.o
 .debug_macro   0x0000297f       0x8e ./Core/Src/EventLogger.o
 .debug_macro   0x00002a0d       0x70 ./Core/Src/EventLogger.o
 .debug_macro   0x00002a7d       0x1c ./Core/Src/EventLogger.o
 .debug_macro   0x00002a99       0x1c ./Core/Src/EventLogger.o
 .debug_macro   0x00002ab5       0x16 ./Core/Src/EventLogger.o
 .debug_macro   0x00002acb       0x4c ./Core/Src/EventLogger.o
 .debug_macro   0x00002b17      0x38e ./Core/Src/HTU21D.o
 .debug_macro   0x00002ea5      0x224 ./Core/Src/I2CHandler.o
 .debug_macro   0x000030c9      0x384 ./Core/Src/Multimetre.o
 .debug_macro   0x0000344d      0x76a ./Core/Src/main.o
 .debug_macro   0x00003bb7       0xeb ./Core/Src/main.o
 .debug_macro   0x00003ca2       0x64 ./Core/Src/main.o
 .debug_macro   0x00003d06       0x22 ./Core/Src/main.o
 .debug_macro   0x00003d28       0x3c ./Core/Src/main.o
 .debug_macro   0x00003d64       0x32 ./Core/Src/main.o
 .debug_macro   0x00003d96      0x173 ./Core/Src/main.o
 .debug_macro   0x00003f09       0x41 ./Core/Src/main.o
 .debug_macro   0x00003f4a       0x1c ./Core/Src/main.o
 .debug_macro   0x00003f66       0x1f ./Core/Src/main.o
 .debug_macro   0x00003f85       0x2c ./Core/Src/main.o
 .debug_macro   0x00003fb1       0x11 ./Core/Src/main.o
 .debug_macro   0x00003fc2       0x10 ./Core/Src/main.o
 .debug_macro   0x00003fd2       0x5e ./Core/Src/main.o
 .debug_macro   0x00004030       0x16 ./Core/Src/main.o
 .debug_macro   0x00004046       0x52 ./Core/Src/main.o
 .debug_macro   0x00004098       0x5e ./Core/Src/main.o
 .debug_macro   0x000040f6       0x28 ./Core/Src/main.o
 .debug_macro   0x0000411e       0x2e ./Core/Src/main.o
 .debug_macro   0x0000414c       0x19 ./Core/Src/main.o
 .debug_macro   0x00004165       0x11 ./Core/Src/main.o
 .debug_macro   0x00004176       0x4f ./Core/Src/main.o
 .debug_macro   0x000041c5       0x18 ./Core/Src/main.o
 .debug_macro   0x000041dd       0x19 ./Core/Src/main.o
 .debug_macro   0x000041f6       0x88 ./Core/Src/main.o
 .debug_macro   0x0000427e       0x19 ./Core/Src/main.o
 .debug_macro   0x00004297       0x1c ./Core/Src/main.o
 .debug_macro   0x000042b3      0x11d ./Core/Src/main.o
 .debug_macro   0x000043d0       0x10 ./Core/Src/main.o
 .debug_macro   0x000043e0      0x242 ./Core/Src/main.o
 .debug_macro   0x00004622       0x11 ./Core/Src/main.o
 .debug_macro   0x00004633       0x19 ./Core/Src/main.o
 .debug_macro   0x0000464c       0x18 ./Core/Src/main.o
 .debug_macro   0x00004664       0x17 ./Core/Src/main.o
 .debug_macro   0x0000467b       0x2d ./Core/Src/main.o
 .debug_macro   0x000046a8       0x26 ./Core/Src/main.o
 .debug_macro   0x000046ce      0x224 ./Core/Src/stm32l0xx_hal_msp.o
 .debug_macro   0x000048f2      0x22e ./Core/Src/stm32l0xx_it.o
 .debug_macro   0x00004b20       0xff ./Core/Src/sysmem.o
 .debug_macro   0x00004c1f      0x23c ./Core/Src/sysmem.o
 .debug_macro   0x00004e5b      0x215 ./Core/Src/system_stm32l0xx.o
 .debug_macro   0x00005070      0x239 ./Drivers/STM32L0xx_HAL_Driver/stm32l0xx_hal.o
 .debug_macro   0x000052a9      0x215 ./Drivers/STM32L0xx_HAL_Driver/stm32l0xx_hal_cortex.o
 .debug_macro   0x000054be      0x21c ./Drivers/STM32L0xx_HAL_Driver/stm32l0xx_hal_gpio.o
 .debug_macro   0x000056da      0x2e1 ./Drivers/STM32L0xx_HAL_Driver/stm32l0xx_hal_i2c.o
 .debug_macro   0x000059bb      0x215 ./Drivers/STM32L0xx_HAL_Driver/stm32l0xx_hal_i2c_ex.o
 .debug_macro   0x00005bd0      0x221 ./Drivers/STM32L0xx_HAL_Driver/stm32l0xx_hal_pcd.o
 .debug_macro   0x00005df1      0x215 ./Drivers/STM32L0xx_HAL_Driver/stm32l0xx_hal_pcd_ex.o
 .debug_macro   0x00006006      0x24b ./Drivers/STM32L0xx_HAL_Driver/stm32l0xx_hal_rcc.o
 .debug_macro   0x00006251      0x215 ./Drivers/STM32L0xx_HAL_Driver/stm32l0xx_hal_rcc_ex.o
 .debug_macro   0x00006466      0x224 ./Drivers/STM32L0xx_HAL_Driver/stm32l0xx_hal_spi.o
 .debug_macro   0x0000668a      0x240 ./Drivers/STM32L0xx_HAL_Driver/stm32l0xx_hal_uart.o
 .debug_macro   0x000068ca      0x215 ./Drivers/STM32L0xx_HAL_Driver/stm32l0xx_ll_usb.o
 .debug_macro   0x00006adf      0x349 ./FATFS/App/fatfs.o
 .debug_macro   0x00006e28      0x378 ./FATFS/Target/user_diskio.o
 .debug_macro   0x000071a0       0x56 ./FATFS/Target/user_diskio.o
 .debug_macro   0x000071f6      0x3f0 ./FATFS/Target/user_diskio_spi.o
 .debug_macro   0x000075e6       0x88 ./FATFS/Target/user_diskio_spi.o
 .debug_macro   0x0000766e      0x336 ./Middlewares/FatFs/diskio.o
 .debug_macro   0x000079a4      0x73d ./Middlewares/FatFs/ff.o
 .debug_macro   0x000080e1       0x58 ./Middlewares/FatFs/ff.o
 .debug_macro   0x00008139      0x336 ./Middlewares/FatFs/ff_gen_drv.o

.debug_line     0x00000000    0x1f73e
 .debug_line    0x00000000     0x1081 ./Core/Src/ADXL343.o
 .debug_line    0x00001081     0x11df ./Core/Src/EventLogger.o
 .debug_line    0x00002260      0xff3 ./Core/Src/HTU21D.o
 .debug_line    0x00003253      0x862 ./Core/Src/I2CHandler.o
 .debug_line    0x00003ab5      0xcf0 ./Core/Src/Multimetre.o
 .debug_line    0x000047a5     0x189f ./Core/Src/main.o
 .debug_line    0x00006044      0x9d3 ./Core/Src/stm32l0xx_hal_msp.o
 .debug_line    0x00006a17      0x899 ./Core/Src/stm32l0xx_it.o
 .debug_line    0x000072b0      0x4ae ./Core/Src/sysmem.o
 .debug_line    0x0000775e      0x8e5 ./Core/Src/system_stm32l0xx.o
 .debug_line    0x00008043       0x7b ./Core/Startup/startup_stm32l053c8tx.o
 .debug_line    0x000080be      0xbd5 ./Drivers/STM32L0xx_HAL_Driver/stm32l0xx_hal.o
 .debug_line    0x00008c93      0xc99 ./Drivers/STM32L0xx_HAL_Driver/stm32l0xx_hal_cortex.o
 .debug_line    0x0000992c      0xc6d ./Drivers/STM32L0xx_HAL_Driver/stm32l0xx_hal_gpio.o
 .debug_line    0x0000a599     0x39a1 ./Drivers/STM32L0xx_HAL_Driver/stm32l0xx_hal_i2c.o
 .debug_line    0x0000df3a      0xa8b ./Drivers/STM32L0xx_HAL_Driver/stm32l0xx_hal_i2c_ex.o
 .debug_line    0x0000e9c5     0x14b5 ./Drivers/STM32L0xx_HAL_Driver/stm32l0xx_hal_pcd.o
 .debug_line    0x0000fe7a      0xa07 ./Drivers/STM32L0xx_HAL_Driver/stm32l0xx_hal_pcd_ex.o
 .debug_line    0x00010881     0x1049 ./Drivers/STM32L0xx_HAL_Driver/stm32l0xx_hal_rcc.o
 .debug_line    0x000118ca      0xf15 ./Drivers/STM32L0xx_HAL_Driver/stm32l0xx_hal_rcc_ex.o
 .debug_line    0x000127df     0x1e18 ./Drivers/STM32L0xx_HAL_Driver/stm32l0xx_hal_spi.o
 .debug_line    0x000145f7     0x2eb3 ./Drivers/STM32L0xx_HAL_Driver/stm32l0xx_hal_uart.o
 .debug_line    0x000174aa     0x110c ./Drivers/STM32L0xx_HAL_Driver/stm32l0xx_ll_usb.o
 .debug_line    0x000185b6      0xa4c ./FATFS/App/fatfs.o
 .debug_line    0x00019002      0xab7 ./FATFS/Target/user_diskio.o
 .debug_line    0x00019ab9     0x1108 ./FATFS/Target/user_diskio_spi.o
 .debug_line    0x0001abc1      0xabd ./Middlewares/FatFs/diskio.o
 .debug_line    0x0001b67e     0x35e7 ./Middlewares/FatFs/ff.o
 .debug_line    0x0001ec65      0xad9 ./Middlewares/FatFs/ff_gen_drv.o

.debug_str      0x00000000    0x8ff2a
 .debug_str     0x00000000    0x8501c ./Core/Src/ADXL343.o
                              0x85581 (size before relaxing)
 .debug_str     0x0008501c     0x10d5 ./Core/Src/EventLogger.o
                              0x856d1 (size before relaxing)
 .debug_str     0x000860f1      0x4a8 ./Core/Src/HTU21D.o
                              0x85185 (size before relaxing)
 .debug_str     0x00086599       0x7e ./Core/Src/I2CHandler.o
                              0x7f819 (size before relaxing)
 .debug_str     0x00086617      0x45b ./Core/Src/Multimetre.o
                              0x84e12 (size before relaxing)