Archive member included to satisfy reference by file (symbol)

/opt/st/stm32cubeide_1.17.0/plugins/com.st.stm32cube.ide.mcu.externaltools.gnu-tools-for-stm32.12.3.rel1.linux64_1.1.0.202410170702/tools/bin/../lib/gcc/arm-none-eabi/12.3.1/../../../../arm-none-eabi/lib/thumb/v6-m/nofp/libc_nano.a(libc_a-atoi.o)
                              ./Core/Src/EventLogger.o (atoi)
/opt/st/stm32cubeide_1.17.0/plugins/com.st.stm32cube.ide.mcu.externaltools.gnu-tools-for-stm32.12.3.rel1.linux64_1.1.0.202410170702/tools/bin/../lib/gcc/arm-none-eabi/12.3.1/../../../../arm-none-eabi/lib/thumb/v6-m/nofp/libc_nano.a(libc_a-exit.o)
                              /opt/st/stm32cubeide_1.17.0/plugins/com.st.stm32cube.ide.mcu.externaltools.gnu-tools-for-stm32.12.3.rel1.linux64_1.1.0.202410170702/tools/bin/../lib/gcc/arm-none-eabi/12.3.1/../../../../arm-none-eabi/lib/thumb/v6-m/nofp/crt0.o (exit)
/opt/st/stm32cubeide_1.17.0/plugins/com.st.stm32cube.ide.mcu.externaltools.gnu-tools-for-stm32.12.3.rel1.linux64_1.1.0.202410170702/tools/bin/../lib/gcc/arm-none-eabi/12.3.1/../../../../arm-none-eabi/lib/thumb/v6-m/nofp/libc_nano.a(libc_a-strtol.o)
                              /opt/st/stm32cubeide_1.17.0/plugins/com.st.stm32cube.ide.mcu.externaltools.gnu-tools-for-stm32.12.3.rel1.linux64_1.1.0.202410170702/tools/bin/../lib/gcc/arm-none-eabi/12.3.1/../../../../arm-none-eabi/lib/thumb/v6-m/nofp/libc_nano.a(libc_a-atoi.o) (_strtol_r)
/opt/st/stm32cubeide_1.17.0/plugins/com.st.stm32cube.ide.mcu.externaltools.gnu-tools-for-stm32.12.3.rel1.linux64_1.1.0.202410170702/tools/bin/../lib/gcc/arm-none-eabi/12.3.1/../../../../arm-none-eabi/lib/thumb/v6-m/nofp/libc_nano.a(libc_a-ctype_.o)
                              /opt/st/stm32cubeide_1.17.0/plugins/com.st.stm32cube.ide.mcu.externaltools.gnu-tools-for-stm32.12.3.rel1.linux64_1.1.0.202410170702/tools/bin/../lib/gcc/arm-none-eabi/12.3.1/../../../../arm-none-eabi/lib/thumb/v6-m/nofp/libc_nano.a(libc_a-strtol.o) (_ctype_)
/opt/st/stm32cubeide_1.17.0/plugins/com.st.stm32cube.ide.mcu.externaltools.gnu-tools-for-stm32.12.3.rel1.linux64_1.1.0.202410170702/tools/bin/../lib/gcc/arm-none-eabi/12.3.1/../../../../arm-none-eabi/lib/thumb/v6-m/nofp/libc_nano.a(libc_a-findfp.o)
                              /opt/st/stm32cubeide_1.17.0/plugins/com.st.stm32cube.ide.mcu.externaltools.gnu-tools-for-stm32.12.3.rel1.linux64_1.1.0.202410170702/tools/bin/../lib/gcc/arm-none-eabi/12.3.1/../../../../arm-none-eabi/lib/thumb/v6-m/nofp/libc_nano.a(libc_a-exit.o) (__stdio_exit_handler)
/opt/st/stm32cubeide_1.17.0/plugins/com.st.stm32cube.ide.mcu.externaltools.gnu-tools-for-stm32.12.3.rel1.linux64_1.1.0.202410170702/tools/bin/../lib/gcc/arm-none-eabi/12.3.1/../../../../arm-none-eabi/lib/thumb/v6-m/nofp/libc_nano.a(libc_a-fwalk.o)
                              /opt/st/stm32cubeide_1.17.0/plugins/com.st.stm32cube.ide.mcu.externaltools.gnu-tools-for-stm32.12.3.rel1.linux64_1.1.0.202410170702/tools/bin/../lib/gcc/arm-none-eabi/12.3.1/../../../../arm-none-eabi/lib/thumb/v6-m/nofp/libc_nano.a(libc_a-findfp.o) (_fwalk_sglue)
/opt/st/stm32cubeide_1.17.0/plugins/com.st.stm32cube.ide.mcu.externaltools.gnu-tools-for-stm32.12.3.rel1.linux64_1.1.0.202410170702/tools/bin/../lib/gcc/arm-none-eabi/12.3.1/../../../../arm-none-eabi/lib/thumb/v6-m/nofp/libc_nano.a(libc_a-snprintf.o)
                              ./Core/Src/ADXL343.o (snprintf)
/opt/st/stm32cubeide_1.17.0/plugins/com.st.stm32cube.ide.mcu.externaltools.gnu-tools-for-stm32.12.3.rel1.linux64_1.1.0.202410170702/tools/bin/../lib/gcc/arm-none-eabi/12.3.1/../../../../arm-none-eabi/lib/thumb/v6-m/nofp/libc_nano.a(libc_a-stdio.o)
                              /opt/st/stm32cubeide_1.17.0/plugins/com.st.stm32cube.ide.mcu.externaltools.gnu-tools-for-stm32.12.3.rel1.linux64_1.1.0.202410170702/tools/bin/../lib/gcc/arm-none-eabi/12.3.1/../../../../arm-none-eabi/lib/thumb/v6-m/nofp/libc_nano.a(libc_a-findfp.o) (__sread)
/opt/st/stm32cubeide_1.17.0/plugins/com.st.stm32cube.ide.mcu.externaltools.gnu-tools-for-stm32.12.3.rel1.linux64_1.1.0.202410170702/tools/bin/../lib/gcc/arm-none-eabi/12.3.1/../../../../arm-none-eabi/lib/thumb/v6-m/nofp/libc_nano.a(libc_a-memset.o)
                              /opt/st/stm32cubeide_1.17.0/plugins/com.st.stm32cube.ide.mcu.externaltools.gnu-tools-for-stm32.12.3.rel1.linux64_1.1.0.202410170702/tools/bin/../lib/gcc/arm-none-eabi/12.3.1/../../../../arm-none-eabi/lib/thumb/v6-m/nofp/crt0.o (memset)
/opt/st/stm32cubeide_1.17.0/plugins/com.st.stm32cube.ide.mcu.externaltools.gnu-tools-for-stm32.12.3.rel1.linux64_1.1.0.202410170702/tools/bin/../lib/gcc/arm-none-eabi/12.3.1/../../../../arm-none-eabi/lib/thumb/v6-m/nofp/libc_nano.a(libc_a-strncmp.o)
                              ./Core/Src/EventLogger.o (strncmp)
/opt/st/stm32cubeide_1.17.0/plugins/com.st.stm32cube.ide.mcu.externaltools.gnu-tools-for-stm32.12.3.rel1.linux64_1.1.0.202410170702/tools/bin/../lib/gcc/arm-none-eabi/12.3.1/../../../../arm-none-eabi/lib/thumb/v6-m/nofp/libc_nano.a(libc_a-closer.o)
[...]
Memory Configuration

Name             Origin             Length             Attributes
RAM              0x20000000         0x00002000         xrw
FLASH            0x08000000         0x00010000         xr
*default*        0x00000000         0xffffffff

Linker script and memory map

LOAD /opt/st/stm32cubeide_1.17.0/plugins/com.st.stm32cube.ide.mcu.externaltools.gnu-tools-for-stm32.12.3.rel1.linux64_1.1.0.202410170702/tools/bin/../lib/gcc/arm-none-eabi/12.3.1/thumb/v6-m/nofp/crti.o
LOAD /opt/st/stm32cubeide_1.17.0/plugins/com.st.stm32cube.ide.mcu.externaltools.gnu-tools-for-stm32.12.3.rel1.linux64_1.1.0.202410170702/tools/bin/../lib/gcc/arm-none-eabi/12.3.1/thumb/v6-m/nofp/crtbegin.o
LOAD /opt/st/stm32cubeide_1.17.0/plugins/com.st.stm32cube.ide.mcu.externaltools.gnu-tools-for-stm32.12.3.rel1.linux64_1.1.0.202410170702/tools/bin/../lib/gcc/arm-none-eabi/12.3.1/../../../../arm-none-eabi/lib/thumb/v6-m/nofp/crt0.o
LOAD ./Core/Inc/ST7789/fonts.o
LOAD ./Core/Inc/ST7789/st7789.o
LOAD ./Core/Src/ADXL343.o
LOAD ./Core/Src/EventLogger.o
LOAD ./Core/Src/HTU21D.o
LOAD ./Core/Src/I2CHandler.o
LOAD ./Core/Src/VL53L0X.o
LOAD ./Core/Src/fatfs_sd.o
LOAD ./Core/Src/main.o
LOAD ./Core/Src/stm32l0xx_hal_msp.o
LOAD ./Core/Src/stm32l0xx_it.o
LOAD ./Core/Src/syscalls.o
LOAD ./Core/Src/sysmem.o
LOAD ./Core/Src/system_stm32l0xx.o
LOAD ./Core/Startup/startup_stm32l053c8tx.o
LOAD ./Drivers/STM32L0xx_HAL_Driver/stm32l0xx_hal.o
LOAD ./Drivers/STM32L0xx_HAL_Driver/stm32l0xx_hal_adc.o
LOAD ./Drivers/STM32L0xx_HAL_Driver/stm32l0xx_hal_adc_ex.o
LOAD ./Drivers/STM32L0xx_HAL_Driver/stm32l0xx_hal_cortex.o
LOAD ./Drivers/STM32L0xx_HAL_Driver/stm32l0xx_hal_dma.o
LOAD ./Drivers/STM32L0xx_HAL_Driver/stm32l0xx_hal_exti.o
LOAD ./Drivers/STM32L0xx_HAL_Driver/stm32l0xx_hal_flash.o
LOAD ./Drivers/STM32L0xx_HAL_Driver/stm32l0xx_hal_flash_ex.o
LOAD ./Drivers/STM32L0xx_HAL_Driver/stm32l0xx_hal_flash_ramfunc.o
LOAD ./Drivers/STM32L0xx_HAL_Driver/stm32l0xx_hal_gpio.o
LOAD ./Drivers/STM32L0xx_HAL_Driver/stm32l0xx_hal_i2c.o
LOAD ./Drivers/STM32L0xx_HAL_Driver/stm32l0xx_hal_i2c_ex.o
LOAD ./Drivers/STM32L0xx_HAL_Driver/stm32l0xx_hal_pcd.o
LOAD ./Drivers/STM32L0xx_HAL_Driver/stm32l0xx_hal_pcd_ex.o
LOAD ./Drivers/STM32L0xx_HAL_Driver/stm32l0xx_hal_pwr.o
LOAD ./Drivers/STM32L0xx_HAL_Driver/stm32l0xx_hal_pwr_ex.o
LOAD ./Drivers/STM32L0xx_HAL_Driver/stm32l0xx_hal_rcc.o
LOAD ./Drivers/STM32L0xx_HAL_Driver/stm32l0xx_hal_rcc_ex.o
LOAD ./Drivers/STM32L0xx_HAL_Driver/stm32l0xx_hal_rtc.o
LOAD ./Drivers/STM32L0xx_HAL_Driver/stm32l0xx_hal_rtc_ex.o
LOAD ./Drivers/STM32L0xx_HAL_Driver/stm32l0xx_hal_spi.o
LOAD ./Drivers/STM32L0xx_HAL_Driver/stm32l0xx_hal_tim.o
LOAD ./Drivers/STM32L0xx_HAL_Driver/stm32l0xx_hal_tim_ex.o
LOAD ./Drivers/STM32L0xx_HAL_Driver/stm32l0xx_hal_uart.o
LOAD ./Drivers/STM32L0xx_HAL_Driver/stm32l0xx_hal_uart_ex.o
LOAD ./Drivers/STM32L0xx_HAL_Driver/stm32l0xx_ll_usb.o
LOAD ./FATFS/App/fatfs.o
LOAD ./FATFS/Target/user_diskio.o
LOAD ./FATFS/Target/user_diskio_spi.o
LOAD ./Middlewares/FatFs/diskio.o
LOAD ./Middlewares/FatFs/ff.o
LOAD ./Middlewares/FatFs/ff_gen_drv.o
LOAD ./Middlewares/FatFs/syscall.o
START GROUP
LOAD /opt/st/stm32cubeide_1.17.0/plugins/com.st.stm32cube.ide.mcu.externaltools.gnu-tools-for-stm32.12.3.rel1.linux64_1.1.0.202410170702/tools/bin/../lib/gcc/arm-none-eabi/12.3.1/../../../../arm-none-eabi/lib/thumb/v6-m/nofp/libstdc++_nano.a
LOAD /opt/st/stm32cubeide_1.17.0/plugins/com.st.stm32cube.ide.mcu.externaltools.gnu-tools-for-stm32.12.3.rel1.linux64_1.1.0.202410170702/tools/bin/../lib/gcc/arm-none-eabi/12.3.1/../../../../arm-none-eabi/lib/thumb/v6-m/nofp/libsupc++_nano.a
END GROUP
LOAD /opt/st/stm32cubeide_1.17.0/plugins/com.st.stm32cube.ide.mcu.externaltools.gnu-tools-for-stm32.12.3.rel1.linux64_1.1.0.202410170702/tools/bin/../lib/gcc/arm-none-eabi/12.3.1/../../../../arm-none-eabi/lib/thumb/v6-m/nofp/libstdc++_nano.a
LOAD /opt/st/stm32cubeide_1.17.0/plugins/com.st.stm32cube.ide.mcu.externaltools.gnu-tools-for-stm32.12.3.rel1.linux64_1.1.0.202410170702/tools/bin/../lib/gcc/arm-none-eabi/12.3.1/../../../../arm-none-eabi/lib/thumb/v6-m/nofp/libm.a
LOAD /opt/st/stm32cubeide_1.17.0/plugins/com.st.stm32cube.ide.mcu.externaltools.gnu-tools-for-stm32.12.3.rel1.linux64_1.1.0.202410170702/tools/bin/../lib/gcc/arm-none-eabi/12.3.1/../../../../arm-none-eabi/lib/thumb/v6-m/nofp/libc_nano.a
START GROUP
LOAD /opt/st/stm32cubeide_1.17.0/plugins/com.st.stm32cube.ide.mcu.externaltools.gnu-tools-for-stm32.12.3.rel1.linux64_1.1.0.202410170702/tools/bin/../lib/gcc/arm-none-eabi/12.3.1/thumb/v6-m/nofp/libgcc.a
LOAD /opt/st/stm32cubeide_1.17.0/plugins/com.st.stm32cube.ide.mcu.externaltools.gnu-tools-for-stm32.12.3.rel1.linux64_1.1.0.202410170702/tools/bin/../lib/gcc/arm-none-eabi/12.3.1/../../../../arm-none-eabi/lib/thumb/v6-m/nofp/libc_nano.a
END GROUP
START GROUP
LOAD /opt/st/stm32cubeide_1.17.0/plugins/com.st.stm32cube.ide.mcu.externaltools.gnu-tools-for-stm32.12.3.rel1.linux64_1.1.0.202410170702/tools/bin/../lib/gcc/arm-none-eabi/12.3.1/thumb/v6-m/nofp/libgcc.a
LOAD /opt/st/stm32cubeide_1.17.0/plugins/com.st.stm32cube.ide.mcu.externaltools.gnu-tools-for-stm32.12.3.rel1.linux64_1.1.0.202410170702/tools/bin/../lib/gcc/arm-none-eabi/12.3.1/../../../../arm-none-eabi/lib/thumb/v6-m/nofp/libc_nano.a
LOAD /opt/st/stm32cubeide_1.17.0/plugins/com.st.stm32cube.ide.mcu.externaltools.gnu-tools-for-stm32.12.3.rel1.linux64_1.1.0.202410170702/tools/bin/../lib/gcc/arm-none-eabi/12.3.1/../../../../arm-none-eabi/lib/thumb/v6-m/nofp/libnosys.a
END GROUP
START GROUP
LOAD /opt/st/stm32cubeide_1.17.0/plugins/com.st.stm32cube.ide.mcu.externaltools.gnu-tools-for-stm32.12.3.rel1.linux64_1.1.0.202410170702/tools/bin/../lib/gcc/arm-none-eabi/12.3.1/thumb/v6-m/nofp/libgcc.a
LOAD /opt/st/stm32cubeide_1.17.0/plugins/com.st.stm32cube.ide.mcu.externaltools.gnu-tools-for-stm32.12.3.rel1.linux64_1.1.0.202410170702/tools/bin/../lib/gcc/arm-none-eabi/12.3.1/../../../../arm-none-eabi/lib/thumb/v6-m/nofp/libc_nano.a
LOAD /opt/st/stm32cubeide_1.17.0/plugins/com.st.stm32cube.ide.mcu.externaltools.gnu-tools-for-stm32.12.3.rel1.linux64_1.1.0.202410170702/tools/bin/../lib/gcc/arm-none-eabi/12.3.1/../../../../arm-none-eabi/lib/thumb/v6-m/nofp/libnosys.a
END GROUP
LOAD /opt/st/stm32cubeide_1.17.0/plugins/com.st.stm32cube.ide.mcu.externaltools.gnu-tools-for-stm32.12.3.rel1.linux64_1.1.0.202410170702/tools/bin/../lib/gcc/arm-none-eabi/12.3.1/thumb/v6-m/nofp/crtend.o
LOAD /opt/st/stm32cubeide_1.17.0/plugins/com.st.stm32cube.ide.mcu.externaltools.gnu-tools-for-stm32.12.3.rel1.linux64_1.1.0.202410170702/tools/bin/../lib/gcc/arm-none-eabi/12.3.1/thumb/v6-m/nofp/crtn.o
                0x20002000                        _estack = (ORIGIN (RAM) + LENGTH (RAM))
                0x00000200                        _Min_Heap_Size = 0x200
                0x00000400                        _Min_Stack_Size = 0x400

.isr_vector     0x08000000       0xc0
                0x08000000                        . = ALIGN (0x4)
 *(.isr_vector)
 .isr_vector    0x08000000       0xc0 ./Core/Startup/startup_stm32l053c8tx.o
                0x08000000                g_pfnVectors
                0x080000c0                        . = ALIGN (0x4)

.text           0x080000c0     0xb498
                0x080000c0                        . = ALIGN (0x4)
 *(.text)
 .text          0x080000c0       0x48 /opt/st/stm32cubeide_1.17.0/plugins/com.st.stm32cube.ide.mcu.externaltools.gnu-tools-for-stm32.12.3.rel1.linux64_1.1.0.202410170702/tools/bin/../lib/gcc/arm-none-eabi/12.3.1/thumb/v6-m/nofp/crtbegin.o
 .text          0x08000108        0xe /opt/st/stm32cubeide_1.17.0/plugins/com.st.stm32cube.ide.mcu.externaltools.gnu-tools-for-stm32.12.3.rel1.linux64_1.1.0.202410170702/tools/bin/../lib/gcc/arm-none-eabi/12.3.1/../../../../arm-none-eabi/lib/thumb/v6-m/nofp/libc_nano.a(libc_a-strlen.o)
                0x08000108                strlen
 *fill*         0x08000116        0x2 
 .text          0x08000118       0x14 /opt/st/stm32cubeide_1.17.0/plugins/com.st.stm32cube.ide.mcu.externaltools.gnu-tools-for-stm32.12.3.rel1.linux64_1.1.0.202410170702/tools/bin/../lib/gcc/arm-none-eabi/12.3.1/thumb/v6-m/nofp/libgcc.a(_thumb1_case_shi.o)
                0x08000118                __gnu_thumb1_case_shi
 .text          0x0800012c      0x114 /opt/st/stm32cubeide_1.17.0/plugins/com.st.stm32cube.ide.mcu.externaltools.gnu-tools-for-stm32.12.3.rel1.linux64_1.1.0.202410170702/tools/bin/../lib/gcc/arm-none-eabi/12.3.1/thumb/v6-m/nofp/libgcc.a(_udivsi3.o)
                0x0800012c                __udivsi3
                0x0800012c                __aeabi_uidiv
                0x08000238                __aeabi_uidivmod
 .text          0x08000240        0x4 /opt/st/stm32cubeide_1.17.0/plugins/com.st.stm32cube.ide.mcu.externaltools.gnu-tools-for-stm32.12.3.rel1.linux64_1.1.0.202410170702/tools/bin/../lib/gcc/arm-none-eabi/12.3.1/thumb/v6-m/nofp/libgcc.a(_dvmd_tls.o)
                0x08000240                __aeabi_ldiv0
                0x08000240                __aeabi_idiv0
 .text          0x08000244       0x74 /opt/st/stm32cubeide_1.17.0/plugins/com.st.stm32cube.ide.mcu.externaltools.gnu-tools-for-stm32.12.3.rel1.linux64_1.1.0.202410170702/tools/bin/../lib/gcc/arm-none-eabi/12.3.1/thumb/v6-m/nofp/libgcc.a(_arm_cmpsf2.o)
                0x08000244                __aeabi_cfrcmple
                0x0800024c                __aeabi_cfcmple
                0x0800024c                __aeabi_cfcmpeq
                0x0800025c                __aeabi_fcmpeq
                0x08000268                __aeabi_fcmplt
                0x0800027c                __aeabi_fcmple
                0x08000290                __aeabi_fcmpgt
                0x080002a4                __aeabi_fcmpge
 .text          0x080002b8       0x40 /opt/st/stm32cubeide_1.17.0/plugins/com.st.stm32cube.ide.mcu.externaltools.gnu-tools-for-stm32.12.3.rel1.linux64_1.1.0.202410170702/tools/bin/../lib/gcc/arm-none-eabi/12.3.1/thumb/v6-m/nofp/libgcc.a(_aeabi_uldivmod.o)
                0x080002b8                __aeabi_uldivmod
 .text          0x080002f8       0x5c /opt/st/stm32cubeide_1.17.0/plugins/com.st.stm32cube.ide.mcu.externaltools.gnu-tools-for-stm32.12.3.rel1.linux64_1.1.0.202410170702/tools/bin/../lib/gcc/arm-none-eabi/12.3.1/thumb/v6-m/nofp/libgcc.a(_muldi3.o)
                0x080002f8                __aeabi_lmul
                0x080002f8                __muldi3
 .text          0x08000354       0x30 /opt/st/stm32cubeide_1.17.0/plugins/com.st.stm32cube.ide.mcu.externaltools.gnu-tools-for-stm32.12.3.rel1.linux64_1.1.0.202410170702/tools/bin/../lib/gcc/arm-none-eabi/12.3.1/thumb/v6-m/nofp/libgcc.a(_fixunssfsi.o)
                0x08000354                __aeabi_f2uiz
                0x08000354                __fixunssfsi
 .text          0x08000384      0x198 /opt/st/stm32cubeide_1.17.0/plugins/com.st.stm32cube.ide.mcu.externaltools.gnu-tools-for-stm32.12.3.rel1.linux64_1.1.0.202410170702/tools/bin/../lib/gcc/arm-none-eabi/12.3.1/thumb/v6-m/nofp/libgcc.a(_udivmoddi4.o)
                0x08000384                __udivmoddi4
 .text          0x0800051c       0x50 /opt/st/stm32cubeide_1.17.0/plugins/com.st.stm32cube.ide.mcu.externaltools.gnu-tools-for-stm32.12.3.rel1.linux64_1.1.0.202410170702/tools/bin/../lib/gcc/arm-none-eabi/12.3.1/thumb/v6-m/nofp/libgcc.a(eqsf2.o)
                0x0800051c                __nesf2
                0x0800051c                __eqsf2
 .text          0x0800056c       0xa0 /opt/st/stm32cubeide_1.17.0/plugins/com.st.stm32cube.ide.mcu.externaltools.gnu-tools-for-stm32.12.3.rel1.linux64_1.1.0.202410170702/tools/bin/../lib/gcc/arm-none-eabi/12.3.1/thumb/v6-m/nofp/libgcc.a(gesf2.o)
                0x0800056c                __gtsf2
                0x0800056c                __gesf2
 .text          0x0800060c       0x9c /opt/st/stm32cubeide_1.17.0/plugins/com.st.stm32cube.ide.mcu.externaltools.gnu-tools-for-stm32.12.3.rel1.linux64_1.1.0.202410170702/tools/bin/../lib/gcc/arm-none-eabi/12.3.1/thumb/v6-m/nofp/libgcc.a(lesf2.o)
                0x0800060c                __lesf2
                0x0800060c                __ltsf2
 .text          0x080006a8      0x27c /opt/st/stm32cubeide_1.17.0/plugins/com.st.stm32cube.ide.mcu.externaltools.gnu-tools-for-stm32.12.3.rel1.linux64_1.1.0.202410170702/tools/bin/../lib/gcc/arm-none-eabi/12.3.1/thumb/v6-m/nofp/libgcc.a(mulsf3.o)
                0x080006a8                __aeabi_fmul
 .text          0x08000924      0x348 /opt/st/stm32cubeide_1.17.0/plugins/com.st.stm32cube.ide.mcu.externaltools.gnu-tools-for-stm32.12.3.rel1.linux64_1.1.0.202410170702/tools/bin/../lib/gcc/arm-none-eabi/12.3.1/thumb/v6-m/nofp/libgcc.a(subsf3.o)
                0x08000924                __aeabi_fsub
 .text          0x08000c6c       0x40 /opt/st/stm32cubeide_1.17.0/plugins/com.st.stm32cube.ide.mcu.externaltools.gnu-tools-for-stm32.12.3.rel1.linux64_1.1.0.202410170702/tools/bin/../lib/gcc/arm-none-eabi/12.3.1/thumb/v6-m/nofp/libgcc.a(fixsfsi.o)
                0x08000c6c                __aeabi_f2iz
 .text          0x08000cac       0x98 /opt/st/stm32cubeide_1.17.0/plugins/com.st.stm32cube.ide.mcu.externaltools.gnu-tools-for-stm32.12.3.rel1.linux64_1.1.0.202410170702/tools/bin/../lib/gcc/arm-none-eabi/12.3.1/thumb/v6-m/nofp/libgcc.a(floatsisf.o)
                0x08000cac                __aeabi_i2f
 .text          0x08000d44       0x84 /opt/st/stm32cubeide_1.17.0/plugins/com.st.stm32cube.ide.mcu.externaltools.gnu-tools-for-stm32.12.3.rel1.linux64_1.1.0.202410170702/tools/bin/../lib/gcc/arm-none-eabi/12.3.1/thumb/v6-m/nofp/libgcc.a(floatunsisf.o)
                0x08000d44                __aeabi_ui2f
 .text          0x08000dc8      0x6c8 /opt/st/stm32cubeide_1.17.0/plugins/com.st.stm32cube.ide.mcu.externaltools.gnu-tools-for-stm32.12.3.rel1.linux64_1.1.0.202410170702/tools/bin/../lib/gcc/arm-none-eabi/12.3.1/thumb/v6-m/nofp/libgcc.a(adddf3.o)
                0x08000dc8                __aeabi_dadd
 .text          0x08001490      0x590 /opt/st/stm32cubeide_1.17.0/plugins/com.st.stm32cube.ide.mcu.externaltools.gnu-tools-for-stm32.12.3.rel1.linux64_1.1.0.202410170702/tools/bin/../lib/gcc/arm-none-eabi/12.3.1/thumb/v6-m/nofp/libgcc.a(muldf3.o)
                0x08001490                __aeabi_dmul
 .text          0x08001a20      0x738 /opt/st/stm32cubeide_1.17.0/plugins/com.st.stm32cube.ide.mcu.externaltools.gnu-tools-for-stm32.12.3.rel1.linux64_1.1.0.202410170702/tools/bin/../lib/gcc/arm-none-eabi/12.3.1/thumb/v6-m/nofp/libgcc.a(subdf3.o)
                0x08001a20                __aeabi_dsub
 .text          0x08002158       0x90 /opt/st/stm32cubeide_1.17.0/plugins/com.st.stm32cube.ide.mcu.externaltools.gnu-tools-for-stm32.12.3.rel1.linux64_1.1.0.202410170702/tools/bin/../lib/gcc/arm-none-eabi/12.3.1/thumb/v6-m/nofp/libgcc.a(extendsfdf2.o)
                0x08002158                __aeabi_f2d
 .text          0x080021e8      0x108 /opt/st/stm32cubeide_1.17.0/plugins/com.st.stm32cube.ide.mcu.externaltools.gnu-tools-for-stm32.12.3.rel1.linux64_1.1.0.202410170702/tools/bin/../lib/gcc/arm-none-eabi/12.3.1/thumb/v6-m/nofp/libgcc.a(truncdfsf2.o)
                0x080021e8                __aeabi_d2f
 .text          0x080022f0       0x3c /opt/st/stm32cubeide_1.17.0/plugins/com.st.stm32cube.ide.mcu.externaltools.gnu-tools-for-stm32.12.3.rel1.linux64_1.1.0.202410170702/tools/bin/../lib/gcc/arm-none-eabi/12.3.1/thumb/v6-m/nofp/libgcc.a(_clzsi2.o)
                0x080022f0                __clzsi2
 .text          0x0800232c       0x18 /opt/st/stm32cubeide_1.17.0/plugins/com.st.stm32cube.ide.mcu.externaltools.gnu-tools-for-stm32.12.3.rel1.linux64_1.1.0.202410170702/tools/bin/../lib/gcc/arm-none-eabi/12.3.1/thumb/v6-m/nofp/libgcc.a(_clzdi2.o)
                0x0800232c                __clzdi2
 *(.text*)
 .text._ZN7ISensorC2Ev
                0x08002344       0x1c ./Core/Src/ADXL343.o
                0x08002344                ISensor::ISensor()
                0x08002344                ISensor::ISensor()
 .text._ZN11EventLoggerC2Ev
                0x08002360       0x60 ./Core/Src/EventLogger.o
                0x08002360                EventLogger::EventLogger()
                0x08002360                EventLogger::EventLogger()
 .text._ZN11EventLogger9addSensorEP7ISensor
                0x080023c0       0x3c ./Core/Src/EventLogger.o
                0x080023c0                EventLogger::addSensor(ISensor*)
 .text._ZN11EventLogger14logHTU21DEventEv
                0x080023fc      0x1d0 ./Core/Src/EventLogger.o
                0x080023fc                EventLogger::logHTU21DEvent()
 .text._ZN11EventLogger15logVL53L0XEventEv
                0x080025cc      0x1d4 ./Core/Src/EventLogger.o
                0x080025cc                EventLogger::logVL53L0XEvent()
 .text._ZN11EventLogger18logLTR_303ALSEventEv
                0x080027a0      0x1d4 ./Core/Src/EventLogger.o
                0x080027a0                EventLogger::logLTR_303ALSEvent()
 .text._ZN11EventLogger15logADXL343EventEv
                0x08002974      0x1d4 ./Core/Src/EventLogger.o
                0x08002974                EventLogger::logADXL343Event()
 .text._ZN11EventLogger18logMultimetreEventEv
                0x08002b48      0x1d4 ./Core/Src/EventLogger.o
                0x08002b48                EventLogger::logMultimetreEvent()
 .text._ZN11EventLogger11mountLoggerEv
                0x08002d1c       0x34 ./Core/Src/EventLogger.o
                0x08002d1c                EventLogger::mountLogger()
 .text._ZN11EventLogger13unmountLoggerEv
                0x08002d50       0x34 ./Core/Src/EventLogger.o
                0x08002d50                EventLogger::unmountLogger()
 .text._ZN11EventLogger16updateLoggerSpecEv
                0x08002d84       0xbc ./Core/Src/EventLogger.o
                0x08002d84                EventLogger::updateLoggerSpec()
 .text._ZN11EventLogger16setCurrentSensorE13currentSensor
                0x08002e40       0x22 ./Core/Src/EventLogger.o
                0x08002e40                EventLogger::setCurrentSensor(currentSensor)
 *fill*         0x08002e62        0x2 
 .text._ZN11EventLogger8logEventEv
                0x08002e64       0x6c ./Core/Src/EventLogger.o
                0x08002e64                EventLogger::logEvent()
 .text._ZSt3absf
                0x08002ed0       0x16 ./Core/Src/HTU21D.o
                0x08002ed0                std::abs(float)
 *fill*         0x08002ee6        0x2 
 .text._ZN6HTU21DC2EhR10I2CHandler
                0x08002ee8       0x4c ./Core/Src/HTU21D.o
                0x08002ee8                HTU21D::HTU21D(unsigned char, I2CHandler&)
                0x08002ee8                HTU21D::HTU21D(unsigned char, I2CHandler&)
 .text._ZN6HTU21D9checkCRC8EPh
                0x08002f34       0x92 ./Core/Src/HTU21D.o
                0x08002f34                HTU21D::checkCRC8(unsigned char*)
 .text._ZN6HTU21D9constrainEfff
                0x08002fc6       0x38 ./Core/Src/HTU21D.o
                0x08002fc6                HTU21D::constrain(float, float, float)
 *fill*         0x08002ffe        0x2 
 .text._ZN6HTU21D18measureTemperatureEv
                0x08003000      0x108 ./Core/Src/HTU21D.o
                0x08003000                HTU21D::measureTemperature()
 .text._ZN6HTU21D15measureHumidityEv
                0x08003108      0x168 ./Core/Src/HTU21D.o
                0x08003108                HTU21D::measureHumidity()
 .text._ZN6HTU21D7measureEv
                0x08003270       0x52 ./Core/Src/HTU21D.o
                0x08003270                HTU21D::measure()
 .text._ZN6HTU21D5beginEv
                0x080032c2       0x1a ./Core/Src/HTU21D.o
                0x080032c2                HTU21D::begin()
 .text._ZN6HTU21D5resetEv
                0x080032dc       0xa4 ./Core/Src/HTU21D.o
                0x080032dc                HTU21D::reset()
 .text._ZNK6HTU21D14getTemperatureEv
                0x08003380       0x14 ./Core/Src/HTU21D.o
                0x08003380                HTU21D::getTemperature() const
 .text._ZNK6HTU21D11getHumidityEv
                0x08003394       0x14 ./Core/Src/HTU21D.o
                0x08003394                HTU21D::getHumidity() const
 .text._ZN6HTU21D23getFormattedMeasurementEv
                0x080033a8       0xc8 ./Core/Src/HTU21D.o
                0x080033a8                HTU21D::getFormattedMeasurement()
 .text._ZN6HTU21D13getSensorNameEv
                0x08003470       0x14 ./Core/Src/HTU21D.o
                0x08003470                HTU21D::getSensorName()
 .text._ZN10I2CHandlerC2EP19__I2C_HandleTypeDef
                0x08003484       0x1a ./Core/Src/I2CHandler.o
                0x08003484                I2CHandler::I2CHandler(__I2C_HandleTypeDef*)
                0x08003484                I2CHandler::I2CHandler(__I2C_HandleTypeDef*)
 .text._ZN10I2CHandler5writeEtPht
                0x0800349e       0x42 ./Core/Src/I2CHandler.o
                0x0800349e                I2CHandler::write(unsigned short, unsigned char*, unsigned short)
 .text._ZN10I2CHandler4readEtPht
                0x080034e0       0x42 ./Core/Src/I2CHandler.o
                0x080034e0                I2CHandler::read(unsigned short, unsigned char*, unsigned short)
 *fill*         0x08003522        0x2 
 .text.main     0x08003524      0x12c ./Core/Src/main.o
                0x08003524                main
 .text._Z18SystemClock_Configv
                0x08003650      0x110 ./Core/Src/main.o
                0x08003650                SystemClock_Config()
 .text._ZL12MX_I2C1_Initv
                0x08003760       0x98 ./Core/Src/main.o
 .text._ZL12MX_SPI1_Initv
                0x080037f8       0x78 ./Core/Src/main.o
 .text._ZL19MX_USART1_UART_Initv
                0x08003870       0x68 ./Core/Src/main.o
 .text._ZL15MX_USB_PCD_Initv
                0x080038d8       0x54 ./Core/Src/main.o
 .text._ZL12MX_GPIO_Initv
                0x0800392c      0x148 ./Core/Src/main.o
 .text.Error_Handler
                0x08003a74        0xc ./Core/Src/main.o
                0x08003a74                Error_Handler
 .text.HAL_MspInit
                0x08003a80       0x28 ./Core/Src/stm32l0xx_hal_msp.o
                0x08003a80                HAL_MspInit
 .text.HAL_I2C_MspInit
                0x08003aa8       0x8c ./Core/Src/stm32l0xx_hal_msp.o
                0x08003aa8                HAL_I2C_MspInit
 .text.HAL_SPI_MspInit
                0x08003b34       0x88 ./Core/Src/stm32l0xx_hal_msp.o
                0x08003b34                HAL_SPI_MspInit
 .text.HAL_UART_MspInit
                0x08003bbc       0x88 ./Core/Src/stm32l0xx_hal_msp.o
                0x08003bbc                HAL_UART_MspInit
 .text.HAL_PCD_MspInit
                0x08003c44       0x30 ./Core/Src/stm32l0xx_hal_msp.o
                0x08003c44                HAL_PCD_MspInit
 .text.NMI_Handler
                0x08003c74        0x8 ./Core/Src/stm32l0xx_it.o
                0x08003c74                NMI_Handler
 .text.HardFault_Handler
                0x08003c7c        0x8 ./Core/Src/stm32l0xx_it.o
                0x08003c7c                HardFault_Handler
 .text.SVC_Handler
                0x08003c84        0xa ./Core/Src/stm32l0xx_it.o
                0x08003c84                SVC_Handler
 .text.PendSV_Handler
                0x08003c8e        0xa ./Core/Src/stm32l0xx_it.o
                0x08003c8e                PendSV_Handler
 .text.SysTick_Handler
                0x08003c98        0xe ./Core/Src/stm32l0xx_it.o
                0x08003c98                SysTick_Handler
 *fill*         0x08003ca6        0x2 
 .text._sbrk    0x08003ca8       0x6c ./Core/Src/sysmem.o
                0x08003ca8                _sbrk
 .text.SystemInit
                0x08003d14        0xa ./Core/Src/system_stm32l0xx.o
                0x08003d14                SystemInit
 *fill*         0x08003d1e        0x2 
 .text.Reset_Handler
                0x08003d20       0x50 ./Core/Startup/startup_stm32l053c8tx.o
                0x08003d20                Reset_Handler
 .text.Default_Handler
                0x08003d70        0x2 ./Core/Startup/startup_stm32l053c8tx.o
                0x08003d70                TSC_IRQHandler
                0x08003d70                ADC1_COMP_IRQHandler
                0x08003d70                PVD_IRQHandler
                0x08003d70                I2C1_IRQHandler
                0x08003d70                RCC_CRS_IRQHandler
                0x08003d70                SPI1_IRQHandler
                0x08003d70                TIM6_DAC_IRQHandler
                0x08003d70                EXTI2_3_IRQHandler
                0x08003d70                I2C2_IRQHandler
                0x08003d70                RTC_IRQHandler
                0x08003d70                LCD_IRQHandler
                0x08003d70                DMA1_Channel4_5_6_7_IRQHandler
                0x08003d70                EXTI4_15_IRQHandler
                0x08003d70                DMA1_Channel1_IRQHandler
                0x08003d70                Default_Handler
                0x08003d70                TIM22_IRQHandler
                0x08003d70                EXTI0_1_IRQHandler
                0x08003d70                USB_IRQHandler
                0x08003d70                SPI2_IRQHandler
                0x08003d70                TIM21_IRQHandler
                0x08003d70                WWDG_IRQHandler
                0x08003d70                TIM2_IRQHandler
                0x08003d70                DMA1_Channel2_3_IRQHandler
                0x08003d70                USART2_IRQHandler
                0x08003d70                FLASH_IRQHandler
                0x08003d70                USART1_IRQHandler
                0x08003d70                RNG_LPUART1_IRQHandler
                0x08003d70                LPTIM1_IRQHandler
 *fill*         0x08003d72        0x2 
 .text.HAL_Init
                0x08003d74       0x40 ./Drivers/STM32L0xx_HAL_Driver/stm32l0xx_hal.o
                0x08003d74                HAL_Init
 .text.HAL_InitTick
                0x08003db4       0x68 ./Drivers/STM32L0xx_HAL_Driver/stm32l0xx_hal.o
                0x08003db4                HAL_InitTick
 .text.HAL_IncTick
                0x08003e1c       0x24 ./Drivers/STM32L0xx_HAL_Driver/stm32l0xx_hal.o
                0x08003e1c                HAL_IncTick
 .text.HAL_GetTick
                0x08003e40       0x14 ./Drivers/STM32L0xx_HAL_Driver/stm32l0xx_hal.o
                0x08003e40                HAL_GetTick
 .text.HAL_Delay
                0x08003e54       0x48 ./Drivers/STM32L0xx_HAL_Driver/stm32l0xx_hal.o
                0x08003e54                HAL_Delay
 .text.__NVIC_SetPriority
                0x08003e9c       0xdc ./Drivers/STM32L0xx_HAL_Driver/stm32l0xx_hal_cortex.o
 .text.SysTick_Config
                0x08003f78       0x48 ./Drivers/STM32L0xx_HAL_Driver/stm32l0xx_hal_cortex.o
 .text.HAL_NVIC_SetPriority
                0x08003fc0       0x2a ./Drivers/STM32L0xx_HAL_Driver/stm32l0xx_hal_cortex.o
                0x08003fc0                HAL_NVIC_SetPriority
 .text.HAL_SYSTICK_Config
                0x08003fea       0x1a ./Drivers/STM32L0xx_HAL_Driver/stm32l0xx_hal_cortex.o
                0x08003fea                HAL_SYSTICK_Config
 .text.HAL_GPIO_Init
                0x08004004      0x2ec ./Drivers/STM32L0xx_HAL_Driver/stm32l0xx_hal_gpio.o
                0x08004004                HAL_GPIO_Init
 .text.HAL_GPIO_WritePin
                0x080042f0       0x3a ./Drivers/STM32L0xx_HAL_Driver/stm32l0xx_hal_gpio.o
                0x080042f0                HAL_GPIO_WritePin
 *fill*         0x0800432a        0x2 
 .text.HAL_I2C_Init
                0x0800432c      0x12c ./Drivers/STM32L0xx_HAL_Driver/stm32l0xx_hal_i2c.o
                0x0800432c                HAL_I2C_Init
 .text.HAL_I2C_Master_Transmit
                0x08004458      0x210 ./Drivers/STM32L0xx_HAL_Driver/stm32l0xx_hal_i2c.o
                0x08004458                HAL_I2C_Master_Transmit
 .text.HAL_I2C_Master_Receive
                0x08004668      0x210 ./Drivers/STM32L0xx_HAL_Driver/stm32l0xx_hal_i2c.o
                0x08004668                HAL_I2C_Master_Receive
 .text.I2C_Flush_TXDR
                0x08004878       0x44 ./Drivers/STM32L0xx_HAL_Driver/stm32l0xx_hal_i2c.o
 .text.I2C_WaitOnFlagUntilTimeout
                0x080048bc       0x9c ./Drivers/STM32L0xx_HAL_Driver/stm32l0xx_hal_i2c.o
 .text.I2C_WaitOnTXISFlagUntilTimeout
                0x08004958       0x8c ./Drivers/STM32L0xx_HAL_Driver/stm32l0xx_hal_i2c.o
 .text.I2C_WaitOnSTOPFlagUntilTimeout
                0x080049e4       0x86 ./Drivers/STM32L0xx_HAL_Driver/stm32l0xx_hal_i2c.o
 *fill*         0x08004a6a        0x2 
 .text.I2C_WaitOnRXNEFlagUntilTimeout
                0x08004a6c      0x104 ./Drivers/STM32L0xx_HAL_Driver/stm32l0xx_hal_i2c.o
 .text.I2C_IsErrorOccurred
                0x08004b70      0x1f0 ./Drivers/STM32L0xx_HAL_Driver/stm32l0xx_hal_i2c.o
 .text.I2C_TransferConfig
                0x08004d60       0x74 ./Drivers/STM32L0xx_HAL_Driver/stm32l0xx_hal_i2c.o
 .text.HAL_I2CEx_ConfigAnalogFilter
                0x08004dd4       0x98 ./Drivers/STM32L0xx_HAL_Driver/stm32l0xx_hal_i2c_ex.o
                0x08004dd4                HAL_I2CEx_ConfigAnalogFilter
 .text.HAL_I2CEx_ConfigDigitalFilter
                0x08004e6c       0x98 ./Drivers/STM32L0xx_HAL_Driver/stm32l0xx_hal_i2c_ex.o
                0x08004e6c                HAL_I2CEx_ConfigDigitalFilter
 .text.HAL_PCD_Init
                0x08004f04      0x200 ./Drivers/STM32L0xx_HAL_Driver/stm32l0xx_hal_pcd.o
                0x08004f04                HAL_PCD_Init
 .text.HAL_PCDEx_ActivateLPM
                0x08005104       0x54 ./Drivers/STM32L0xx_HAL_Driver/stm32l0xx_hal_pcd_ex.o
                0x08005104                HAL_PCDEx_ActivateLPM
 .text.HAL_RCC_OscConfig
                0x08005158      0x788 ./Drivers/STM32L0xx_HAL_Driver/stm32l0xx_hal_rcc.o
                0x08005158                HAL_RCC_OscConfig
 .text.HAL_RCC_ClockConfig
                0x080058e0      0x290 ./Drivers/STM32L0xx_HAL_Driver/stm32l0xx_hal_rcc.o
                0x080058e0                HAL_RCC_ClockConfig
 .text.HAL_RCC_GetSysClockFreq
                0x08005b70      0x14c ./Drivers/STM32L0xx_HAL_Driver/stm32l0xx_hal_rcc.o
                0x08005b70                HAL_RCC_GetSysClockFreq
 .text.HAL_RCC_GetHCLKFreq
                0x08005cbc       0x14 ./Drivers/STM32L0xx_HAL_Driver/stm32l0xx_hal_rcc.o
                0x08005cbc                HAL_RCC_GetHCLKFreq
 .text.HAL_RCC_GetPCLK1Freq
                0x08005cd0       0x2c ./Drivers/STM32L0xx_HAL_Driver/stm32l0xx_hal_rcc.o
                0x08005cd0                HAL_RCC_GetPCLK1Freq
 .text.HAL_RCC_GetPCLK2Freq
                0x08005cfc       0x2c ./Drivers/STM32L0xx_HAL_Driver/stm32l0xx_hal_rcc.o
                0x08005cfc                HAL_RCC_GetPCLK2Freq
 .text.HAL_RCCEx_PeriphCLKConfig
                0x08005d28      0x31c ./Drivers/STM32L0xx_HAL_Driver/stm32l0xx_hal_rcc_ex.o
                0x08005d28                HAL_RCCEx_PeriphCLKConfig
 .text.HAL_SPI_Init
                0x08006044      0x128 ./Drivers/STM32L0xx_HAL_Driver/stm32l0xx_hal_spi.o
                0x08006044                HAL_SPI_Init
 .text.HAL_SPI_Transmit
                0x0800616c      0x2ba ./Drivers/STM32L0xx_HAL_Driver/stm32l0xx_hal_spi.o
                0x0800616c                HAL_SPI_Transmit
 .text.HAL_SPI_TransmitReceive
                0x08006426      0x396 ./Drivers/STM32L0xx_HAL_Driver/stm32l0xx_hal_spi.o
                0x08006426                HAL_SPI_TransmitReceive
 .text.SPI_WaitFlagStateUntilTimeout
                0x080067bc      0x11c ./Drivers/STM32L0xx_HAL_Driver/stm32l0xx_hal_spi.o
 .text.SPI_EndRxTxTransaction
                0x080068d8       0x8c ./Drivers/STM32L0xx_HAL_Driver/stm32l0xx_hal_spi.o
 .text.HAL_UART_Init
                0x08006964       0xa8 ./Drivers/STM32L0xx_HAL_Driver/stm32l0xx_hal_uart.o
                0x08006964                HAL_UART_Init
 .text.UART_SetConfig
                0x08006a0c      0x508 ./Drivers/STM32L0xx_HAL_Driver/stm32l0xx_hal_uart.o
                0x08006a0c                UART_SetConfig
 .text.UART_AdvFeatureConfig
                0x08006f14      0x168 ./Drivers/STM32L0xx_HAL_Driver/stm32l0xx_hal_uart.o
                0x08006f14                UART_AdvFeatureConfig
 .text.UART_CheckIdleState
                0x0800707c      0x150 ./Drivers/STM32L0xx_HAL_Driver/stm32l0xx_hal_uart.o
                0x0800707c                UART_CheckIdleState
 .text.UART_WaitOnFlagUntilTimeout
                0x080071cc       0xd2 ./Drivers/STM32L0xx_HAL_Driver/stm32l0xx_hal_uart.o
                0x080071cc                UART_WaitOnFlagUntilTimeout
 *fill*         0x0800729e        0x2 
 .text.UART_EndRxTransfer
                0x080072a0       0xc8 ./Drivers/STM32L0xx_HAL_Driver/stm32l0xx_hal_uart.o
 .text.USB_DisableGlobalInt
                0x08007368       0x34 ./Drivers/STM32L0xx_HAL_Driver/stm32l0xx_ll_usb.o
                0x08007368                USB_DisableGlobalInt
 .text.USB_DevInit
                0x0800739c       0x4e ./Drivers/STM32L0xx_HAL_Driver/stm32l0xx_ll_usb.o
                0x0800739c                USB_DevInit
 *fill*         0x080073ea        0x2 
 .text.MX_FATFS_Init
                0x080073ec       0x2c ./FATFS/App/fatfs.o
                0x080073ec                MX_FATFS_Init
 .text.get_fattime
                0x08007418        0xc ./FATFS/App/fatfs.o
                0x08007418                get_fattime
 .text.USER_initialize
                0x08007424       0x20 ./FATFS/Target/user_diskio.o
                0x08007424                USER_initialize
 .text.USER_status
                0x08007444       0x20 ./FATFS/Target/user_diskio.o
                0x08007444                USER_status
 .text.USER_read
                0x08007464       0x2e ./FATFS/Target/user_diskio.o
                0x08007464                USER_read
 .text.USER_write
                0x08007492       0x2e ./FATFS/Target/user_diskio.o
                0x08007492                USER_write
 .text.USER_ioctl
                0x080074c0       0x2e ./FATFS/Target/user_diskio.o
                0x080074c0                USER_ioctl
 *fill*         0x080074ee        0x2 
 .text.SPI_Timer_On
                0x080074f0       0x28 ./FATFS/Target/user_diskio_spi.o
                0x080074f0                SPI_Timer_On
 .text.SPI_Timer_Status
                0x08007518       0x2c ./FATFS/Target/user_diskio_spi.o
                0x08007518                SPI_Timer_Status
 .text.xchg_spi
                0x08007544       0x30 ./FATFS/Target/user_diskio_spi.o
 .text.rcvr_spi_multi
                0x08007574       0x38 ./FATFS/Target/user_diskio_spi.o
 .text.xmit_spi_multi
                0x080075ac       0x28 ./FATFS/Target/user_diskio_spi.o
 .text.wait_ready
                0x080075d4       0x50 ./FATFS/Target/user_diskio_spi.o
 .text.despiselect
                0x08007624       0x24 ./FATFS/Target/user_diskio_spi.o
 .text.spiselect
                0x08007648       0x3c ./FATFS/Target/user_diskio_spi.o
 .text.rcvr_datablock
                0x08007684       0x5e ./FATFS/Target/user_diskio_spi.o
 .text.xmit_datablock
                0x080076e2       0x74 ./FATFS/Target/user_diskio_spi.o
 .text.send_cmd
                0x08007756      0x11c ./FATFS/Target/user_diskio_spi.o
 *fill*         0x08007872        0x2 
 .text.USER_SPI_initialize
                0x08007874      0x230 ./FATFS/Target/user_diskio_spi.o
                0x08007874                USER_SPI_initialize
 .text.USER_SPI_status
                0x08007aa4       0x2c ./FATFS/Target/user_diskio_spi.o
                0x08007aa4                USER_SPI_status
 .text.USER_SPI_read
                0x08007ad0       0xd8 ./FATFS/Target/user_diskio_spi.o
                0x08007ad0                USER_SPI_read
 .text.USER_SPI_write
                0x08007ba8      0x100 ./FATFS/Target/user_diskio_spi.o
                0x08007ba8                USER_SPI_write
 .text.USER_SPI_ioctl
                0x08007ca8      0x328 ./FATFS/Target/user_diskio_spi.o
                0x08007ca8                USER_SPI_ioctl
 .text.disk_status
                0x08007fd0       0x44 ./Middlewares/FatFs/diskio.o
                0x08007fd0                disk_status
 .text.disk_initialize
                0x08008014       0x60 ./Middlewares/FatFs/diskio.o
                0x08008014                disk_initialize
 .text.disk_read
                0x08008074       0x50 ./Middlewares/FatFs/diskio.o
                0x08008074                disk_read
 .text.disk_write
                0x080080c4       0x50 ./Middlewares/FatFs/diskio.o
                0x080080c4                disk_write
 .text.disk_ioctl
                0x08008114       0x50 ./Middlewares/FatFs/diskio.o
                0x08008114                disk_ioctl
 .text.ld_word  0x08008164       0x36 ./Middlewares/FatFs/ff.o
 .text.ld_dword
                0x0800819a       0x42 ./Middlewares/FatFs/ff.o
 .text.st_word  0x080081dc       0x3c ./Middlewares/FatFs/ff.o
 .text.st_dword
                0x08008218       0x54 ./Middlewares/FatFs/ff.o
 .text.mem_cpy  0x0800826c       0x3e ./Middlewares/FatFs/ff.o
 .text.mem_set  0x080082aa       0x32 ./Middlewares/FatFs/ff.o
 .text.mem_cmp  0x080082dc       0x4a ./Middlewares/FatFs/ff.o
 .text.chk_chr  0x08008326       0x32 ./Middlewares/FatFs/ff.o
 .text.chk_lock
                0x08008358       0xb0 ./Middlewares/FatFs/ff.o
 .text.enq_lock
                0x08008408       0x3c ./Middlewares/FatFs/ff.o
 .text.inc_lock
                0x08008444      0x114 ./Middlewares/FatFs/ff.o
 .text.dec_lock
                0x08008558       0x94 ./Middlewares/FatFs/ff.o
 .text.clear_lock
                0x080085ec       0x40 ./Middlewares/FatFs/ff.o
 .text.sync_window
                0x0800862c       0x90 ./Middlewares/FatFs/ff.o
 .text.move_window
                0x080086bc       0x6a ./Middlewares/FatFs/ff.o
 *fill*         0x08008726        0x2 
 .text.sync_fs  0x08008728       0xf8 ./Middlewares/FatFs/ff.o
 .text.clust2sect
                0x08008820       0x38 ./Middlewares/FatFs/ff.o
 .text.get_fat  0x08008858      0x154 ./Middlewares/FatFs/ff.o
 .text.put_fat  0x080089ac      0x202 ./Middlewares/FatFs/ff.o
 .text.remove_chain
                0x08008bae       0xe6 ./Middlewares/FatFs/ff.o
 .text.create_chain
                0x08008c94      0x14c ./Middlewares/FatFs/ff.o
 .text.clmt_clust
                0x08008de0       0x6a ./Middlewares/FatFs/ff.o
 .text.dir_sdi  0x08008e4a       0xfc ./Middlewares/FatFs/ff.o
 .text.dir_next
                0x08008f46      0x192 ./Middlewares/FatFs/ff.o
 .text.dir_alloc
                0x080090d8       0xb0 ./Middlewares/FatFs/ff.o
 .text.ld_clust
                0x08009188       0x3e ./Middlewares/FatFs/ff.o
 .text.st_clust
                0x080091c6       0x40 ./Middlewares/FatFs/ff.o
 .text.dir_find
                0x08009206       0xd0 ./Middlewares/FatFs/ff.o
 .text.dir_register
                0x080092d6       0x76 ./Middlewares/FatFs/ff.o
 .text.create_name
                0x0800934c      0x160 ./Middlewares/FatFs/ff.o
 .text.follow_path
                0x080094ac      0x10a ./Middlewares/FatFs/ff.o
 .text.get_ldnumber
                0x080095b6       0x84 ./Middlewares/FatFs/ff.o
 *fill*         0x0800963a        0x2 
 .text.check_fs
                0x0800963c       0xb0 ./Middlewares/FatFs/ff.o
 .text.find_volume
                0x080096ec      0x4e0 ./Middlewares/FatFs/ff.o
 .text.validate
                0x08009bcc       0x78 ./Middlewares/FatFs/ff.o
 .text.f_mount  0x08009c44       0x98 ./Middlewares/FatFs/ff.o
                0x08009c44                f_mount
 .text.f_open   0x08009cdc      0x3e8 ./Middlewares/FatFs/ff.o
                0x08009cdc                f_open
 .text.f_read   0x0800a0c4      0x282 ./Middlewares/FatFs/ff.o
                0x0800a0c4                f_read
 .text.f_write  0x0800a346      0x2f4 ./Middlewares/FatFs/ff.o
                0x0800a346                f_write
 .text.f_sync   0x0800a63a      0x112 ./Middlewares/FatFs/ff.o
                0x0800a63a                f_sync
 .text.f_close  0x0800a74c       0x68 ./Middlewares/FatFs/ff.o
                0x0800a74c                f_close
 .text.f_getfree
                0x0800a7b4      0x17a ./Middlewares/FatFs/ff.o
                0x0800a7b4                f_getfree
 .text.f_gets   0x0800a92e       0x88 ./Middlewares/FatFs/ff.o
                0x0800a92e                f_gets
 *fill*         0x0800a9b6        0x2 
 .text.FATFS_LinkDriverEx
                0x0800a9b8       0xa8 ./Middlewares/FatFs/ff_gen_drv.o
                0x0800a9b8                FATFS_LinkDriverEx
 .text.FATFS_LinkDriver
                0x0800aa60       0x20 ./Middlewares/FatFs/ff_gen_drv.o
                0x0800aa60                FATFS_LinkDriver
 .text.atoi     0x0800aa80        0xc /opt/st/stm32cubeide_1.17.0/plugins/com.st.stm32cube.ide.mcu.externaltools.gnu-tools-for-stm32.12.3.rel1.linux64_1.1.0.202410170702/tools/bin/../lib/gcc/arm-none-eabi/12.3.1/../../../../arm-none-eabi/lib/thumb/v6-m/nofp/libc_nano.a(libc_a-atoi.o)
                0x0800aa80                atoi
 .text._strtol_l.constprop.0
                0x0800aa8c      0x114 /opt/st/stm32cubeide_1.17.0/plugins/com.st.stm32cube.ide.mcu.externaltools.gnu-tools-for-stm32.12.3.rel1.linux64_1.1.0.202410170702/tools/bin/../lib/gcc/arm-none-eabi/12.3.1/../../../../arm-none-eabi/lib/thumb/v6-m/nofp/libc_nano.a(libc_a-strtol.o)
 .text.strtol   0x0800aba0       0x18 /opt/st/stm32cubeide_1.17.0/plugins/com.st.stm32cube.ide.mcu.externaltools.gnu-tools-for-stm32.12.3.rel1.linux64_1.1.0.202410170702/tools/bin/../lib/gcc/arm-none-eabi/12.3.1/../../../../arm-none-eabi/lib/thumb/v6-m/nofp/libc_nano.a(libc_a-strtol.o)
                0x0800aba0                strtol
 .text.snprintf
                0x0800abb8       0x68 /opt/st/stm32cubeide_1.17.0/plugins/com.st.stm32cube.ide.mcu.externaltools.gnu-tools-for-stm32.12.3.rel1.linux64_1.1.0.202410170702/tools/bin/../lib/gcc/arm-none-eabi/12.3.1/../../../../arm-none-eabi/lib/thumb/v6-m/nofp/libc_nano.a(libc_a-snprintf.o)
                0x0800abb8                snprintf
                0x0800abb8                sniprintf
 .text.memset   0x0800ac20       0x10 /opt/st/stm32cubeide_1.17.0/plugins/com.st.stm32cube.ide.mcu.externaltools.gnu-tools-for-stm32.12.3.rel1.linux64_1.1.0.202410170702/tools/bin/../lib/gcc/arm-none-eabi/12.3.1/../../../../arm-none-eabi/lib/thumb/v6-m/nofp/libc_nano.a(libc_a-memset.o)
                0x0800ac20                memset
 .text.strncmp  0x0800ac30       0x22 /opt/st/stm32cubeide_1.17.0/plugins/com.st.stm32cube.ide.mcu.externaltools.gnu-tools-for-stm32.12.3.rel1.linux64_1.1.0.202410170702/tools/bin/../lib/gcc/arm-none-eabi/12.3.1/../../../../arm-none-eabi/lib/thumb/v6-m/nofp/libc_nano.a(libc_a-strncmp.o)
                0x0800ac30                strncmp
 *fill*         0x0800ac52        0x2 
 .text.__errno  0x0800ac54        0xc /opt/st/stm32cubeide_1.17.0/plugins/com.st.stm32cube.ide.mcu.externaltools.gnu-tools-for-stm32.12.3.rel1.linux64_1.1.0.202410170702/tools/bin/../lib/gcc/arm-none-eabi/12.3.1/../../../../arm-none-eabi/lib/thumb/v6-m/nofp/libc_nano.a(libc_a-errno.o)
                0x0800ac54                __errno
 .text.__libc_init_array
                0x0800ac60       0x48 /opt/st/stm32cubeide_1.17.0/plugins/com.st.stm32cube.ide.mcu.externaltools.gnu-tools-for-stm32.12.3.rel1.linux64_1.1.0.202410170702/tools/bin/../lib/gcc/arm-none-eabi/12.3.1/../../../../arm-none-eabi/lib/thumb/v6-m/nofp/libc_nano.a(libc_a-init.o)
                0x0800ac60                __libc_init_array
 .text.__retarget_lock_acquire_recursive
                0x0800aca8        0x2 /opt/st/stm32cubeide_1.17.0/plugins/com.st.stm32cube.ide.mcu.externaltools.gnu-tools-for-stm32.12.3.rel1.linux64_1.1.0.202410170702/tools/bin/../lib/gcc/arm-none-eabi/12.3.1/../../../../arm-none-eabi/lib/thumb/v6-m/nofp/libc_nano.a(libc_a-lock.o)
                0x0800aca8                __retarget_lock_acquire_recursive
 .text.__retarget_lock_release_recursive
                0x0800acaa        0x2 /opt/st/stm32cubeide_1.17.0/plugins/com.st.stm32cube.ide.mcu.externaltools.gnu-tools-for-stm32.12.3.rel1.linux64_1.1.0.202410170702/tools/bin/../lib/gcc/arm-none-eabi/12.3.1/../../../../arm-none-eabi/lib/thumb/v6-m/nofp/libc_nano.a(libc_a-lock.o)
                0x0800acaa                __retarget_lock_release_recursive
 .text._free_r  0x0800acac       0x94 /opt/st/stm32cubeide_1.17.0/plugins/com.st.stm32cube.ide.mcu.externaltools.gnu-tools-for-stm32.12.3.rel1.linux64_1.1.0.202410170702/tools/bin/../lib/gcc/arm-none-eabi/12.3.1/../../../../arm-none-eabi/lib/thumb/v6-m/nofp/libc_nano.a(libc_a-freer.o)
                0x0800acac                _free_r
 .text.sbrk_aligned
                0x0800ad40       0x44 /opt/st/stm32cubeide_1.17.0/plugins/com.st.stm32cube.ide.mcu.externaltools.gnu-tools-for-stm32.12.3.rel1.linux64_1.1.0.202410170702/tools/bin/../lib/gcc/arm-none-eabi/12.3.1/../../../../arm-none-eabi/lib/thumb/v6-m/nofp/libc_nano.a(libc_a-mallocr.o)
 .text._malloc_r
                0x0800ad84      0x100 /opt/st/stm32cubeide_1.17.0/plugins/com.st.stm32cube.ide.mcu.externaltools.gnu-tools-for-stm32.12.3.rel1.linux64_1.1.0.202410170702/tools/bin/../lib/gcc/arm-none-eabi/12.3.1/../../../../arm-none-eabi/lib/thumb/v6-m/nofp/libc_nano.a(libc_a-mallocr.o)
                0x0800ad84                _malloc_r
 .text.__malloc_lock
                0x0800ae84       0x10 /opt/st/stm32cubeide_1.17.0/plugins/com.st.stm32cube.ide.mcu.externaltools.gnu-tools-for-stm32.12.3.rel1.linux64_1.1.0.202410170702/tools/bin/../lib/gcc/arm-none-eabi/12.3.1/../../../../arm-none-eabi/lib/thumb/v6-m/nofp/libc_nano.a(libc_a-mlock.o)
                0x0800ae84                __malloc_lock
 .text.__malloc_unlock
                0x0800ae94       0x10 /opt/st/stm32cubeide_1.17.0/plugins/com.st.stm32cube.ide.mcu.externaltools.gnu-tools-for-stm32.12.3.rel1.linux64_1.1.0.202410170702/tools/bin/../lib/gcc/arm-none-eabi/12.3.1/../../../../arm-none-eabi/lib/thumb/v6-m/nofp/libc_nano.a(libc_a-mlock.o)
                0x0800ae94                __malloc_unlock
 .text.__ssputs_r
                0x0800aea4       0xc0 /opt/st/stm32cubeide_1.17.0/plugins/com.st.stm32cube.ide.mcu.externaltools.gnu-tools-for-stm32.12.3.rel1.linux64_1.1.0.202410170702/tools/bin/../lib/gcc/arm-none-eabi/12.3.1/../../../../arm-none-eabi/lib/thumb/v6-m/nofp/libc_nano.a(libc_a-nano-svfprintf.o)
                0x0800aea4                __ssputs_r
 .text._svfprintf_r
                0x0800af64      0x1fc /opt/st/stm32cubeide_1.17.0/plugins/com.st.stm32cube.ide.mcu.externaltools.gnu-tools-for-stm32.12.3.rel1.linux64_1.1.0.202410170702/tools/bin/../lib/gcc/arm-none-eabi/12.3.1/../../../../arm-none-eabi/lib/thumb/v6-m/nofp/libc_nano.a(libc_a-nano-svfprintf.o)
                0x0800af64                _svfprintf_r
                0x0800af64                _svfiprintf_r
 .text._printf_common
                0x0800b160       0xde /opt/st/stm32cubeide_1.17.0/plugins/com.st.stm32cube.ide.mcu.externaltools.gnu-tools-for-stm32.12.3.rel1.linux64_1.1.0.202410170702/tools/bin/../lib/gcc/arm-none-eabi/12.3.1/../../../../arm-none-eabi/lib/thumb/v6-m/nofp/libc_nano.a(libc_a-nano-vfprintf_i.o)
                0x0800b160                _printf_common
 *fill*         0x0800b23e        0x2 
 .text._printf_i
                0x0800b240      0x21c /opt/st/stm32cubeide_1.17.0/plugins/com.st.stm32cube.ide.mcu.externaltools.gnu-tools-for-stm32.12.3.rel1.linux64_1.1.0.202410170702/tools/bin/../lib/gcc/arm-none-eabi/12.3.1/../../../../arm-none-eabi/lib/thumb/v6-m/nofp/libc_nano.a(libc_a-nano-vfprintf_i.o)
                0x0800b240                _printf_i
 .text.memmove  0x0800b45c       0x26 /opt/st/stm32cubeide_1.17.0/plugins/com.st.stm32cube.ide.mcu.externaltools.gnu-tools-for-stm32.12.3.rel1.linux64_1.1.0.202410170702/tools/bin/../lib/gcc/arm-none-eabi/12.3.1/../../../../arm-none-eabi/lib/thumb/v6-m/nofp/libc_nano.a(libc_a-memmove.o)
                0x0800b45c                memmove
 *fill*         0x0800b482        0x2 
 .text._sbrk_r  0x0800b484       0x24 /opt/st/stm32cubeide_1.17.0/plugins/com.st.stm32cube.ide.mcu.externaltools.gnu-tools-for-stm32.12.3.rel1.linux64_1.1.0.202410170702/tools/bin/../lib/gcc/arm-none-eabi/12.3.1/../../../../arm-none-eabi/lib/thumb/v6-m/nofp/libc_nano.a(libc_a-sbrkr.o)
                0x0800b484                _sbrk_r
 .text.memchr   0x0800b4a8       0x16 /opt/st/stm32cubeide_1.17.0/plugins/com.st.stm32cube.ide.mcu.externaltools.gnu-tools-for-stm32.12.3.rel1.linux64_1.1.0.202410170702/tools/bin/../lib/gcc/arm-none-eabi/12.3.1/../../../../arm-none-eabi/lib/thumb/v6-m/nofp/libc_nano.a(libc_a-memchr-stub.o)
                0x0800b4a8                memchr
 .text.memcpy   0x0800b4be       0x12 /opt/st/stm32cubeide_1.17.0/plugins/com.st.stm32cube.ide.mcu.externaltools.gnu-tools-for-stm32.12.3.rel1.linux64_1.1.0.202410170702/tools/bin/../lib/gcc/arm-none-eabi/12.3.1/../../../../arm-none-eabi/lib/thumb/v6-m/nofp/libc_nano.a(libc_a-memcpy-stub.o)
                0x0800b4be                memcpy
 .text._realloc_r
                0x0800b4d0       0x5e /opt/st/stm32cubeide_1.17.0/plugins/com.st.stm32cube.ide.mcu.externaltools.gnu-tools-for-stm32.12.3.rel1.linux64_1.1.0.202410170702/tools/bin/../lib/gcc/arm-none-eabi/12.3.1/../../../../arm-none-eabi/lib/thumb/v6-m/nofp/libc_nano.a(libc_a-reallocr.o)
                0x0800b4d0                _realloc_r
 .text._malloc_usable_size_r
                0x0800b52e       0x10 /opt/st/stm32cubeide_1.17.0/plugins/com.st.stm32cube.ide.mcu.externaltools.gnu-tools-for-stm32.12.3.rel1.linux64_1.1.0.202410170702/tools/bin/../lib/gcc/arm-none-eabi/12.3.1/../../../../arm-none-eabi/lib/thumb/v6-m/nofp/libc_nano.a(libc_a-msizer.o)
                0x0800b52e                _malloc_usable_size_r
 *(.glue_7)
 .glue_7        0x0800b53e        0x0 linker stubs
 *(.glue_7t)
 .glue_7t       0x0800b53e        0x0 linker stubs
 *(.eh_frame)
 *fill*         0x0800b53e        0x2 
 .eh_frame      0x0800b540        0x0 /opt/st/stm32cubeide_1.17.0/plugins/com.st.stm32cube.ide.mcu.externaltools.gnu-tools-for-stm32.12.3.rel1.linux64_1.1.0.202410170702/tools/bin/../lib/gcc/arm-none-eabi/12.3.1/thumb/v6-m/nofp/crtbegin.o
 *(.init)
 .init          0x0800b540        0x4 /opt/st/stm32cubeide_1.17.0/plugins/com.st.stm32cube.ide.mcu.externaltools.gnu-tools-for-stm32.12.3.rel1.linux64_1.1.0.202410170702/tools/bin/../lib/gcc/arm-none-eabi/12.3.1/thumb/v6-m/nofp/crti.o
                0x0800b540                _init
 .init          0x0800b544        0x8 /opt/st/stm32cubeide_1.17.0/plugins/com.st.stm32cube.ide.mcu.externaltools.gnu-tools-for-stm32.12.3.rel1.linux64_1.1.0.202410170702/tools/bin/../lib/gcc/arm-none-eabi/12.3.1/thumb/v6-m/nofp/crtn.o
 *(.fini)
 .fini          0x0800b54c        0x4 /opt/st/stm32cubeide_1.17.0/plugins/com.st.stm32cube.ide.mcu.externaltools.gnu-tools-for-stm32.12.3.rel1.linux64_1.1.0.202410170702/tools/bin/../lib/gcc/arm-none-eabi/12.3.1/thumb/v6-m/nofp/crti.o
                0x0800b54c                _fini
 .fini          0x0800b550        0x8 /opt/st/stm32cubeide_1.17.0/plugins/com.st.stm32cube.ide.mcu.externaltools.gnu-tools-for-stm32.12.3.rel1.linux64_1.1.0.202410170702/tools/bin/../lib/gcc/arm-none-eabi/12.3.1/thumb/v6-m/nofp/crtn.o
                0x0800b558                        . = ALIGN (0x4)
                0x0800b558                        _etext = .

.vfp11_veneer   0x0800b558        0x0
 .vfp11_veneer  0x0800b558        0x0 linker stubs

.v4_bx          0x0800b558        0x0
 .v4_bx         0x0800b558        0x0 linker stubs

.iplt           0x0800b558        0x0
 .iplt          0x0800b558        0x0 /opt/st/stm32cubeide_1.17.0/plugins/com.st.stm32cube.ide.mcu.externaltools.gnu-tools-for-stm32.12.3.rel1.linux64_1.1.0.202410170702/tools/bin/../lib/gcc/arm-none-eabi/12.3.1/thumb/v6-m/nofp/crtbegin.o

.rodata         0x0800b558      0x328
                0x0800b558                        . = ALIGN (0x4)
 *(.rodata)
 .rodata        0x0800b558       0x59 ./Core/Src/EventLogger.o
 *fill*         0x0800b5b1        0x3 
 .rodata        0x0800b5b4       0x26 ./Core/Src/HTU21D.o
 *fill*         0x0800b5da        0x2 
 .rodata        0x0800b5dc       0x44 ./Middlewares/FatFs/ff.o
 *(.rodata*)
 .rodata._ZTV7ISensor
                0x0800b620       0x10 ./Core/Src/ADXL343.o
                0x0800b620                vtable for ISensor
 .rodata._ZN11EventLogger8logEventEv
                0x0800b630       0x18 ./Core/Src/EventLogger.o
 .rodata._ZL14HTU21D_DELAY_T
                0x0800b648        0x4 ./Core/Src/HTU21D.o
 .rodata._ZL14HTU21D_DELAY_H
                0x0800b64c        0x4 ./Core/Src/HTU21D.o
 .rodata._ZTV6HTU21D
                0x0800b650       0x10 ./Core/Src/HTU21D.o
                0x0800b650                vtable for HTU21D
 .rodata.AHBPrescTable
                0x0800b660       0x10 ./Core/Src/system_stm32l0xx.o
                0x0800b660                AHBPrescTable
 .rodata.APBPrescTable
                0x0800b670        0x8 ./Core/Src/system_stm32l0xx.o
                0x0800b670                APBPrescTable
 .rodata.PLLMulTable
                0x0800b678        0x9 ./Core/Src/system_stm32l0xx.o
                0x0800b678                PLLMulTable
 *fill*         0x0800b681        0x3 
 .rodata.UART_SetConfig
                0x0800b684       0x48 ./Drivers/STM32L0xx_HAL_Driver/stm32l0xx_hal_uart.o
 .rodata.ExCvt  0x0800b6cc       0x80 ./Middlewares/FatFs/ff.o
 .rodata._ctype_
                0x0800b74c      0x101 /opt/st/stm32cubeide_1.17.0/plugins/com.st.stm32cube.ide.mcu.externaltools.gnu-tools-for-stm32.12.3.rel1.linux64_1.1.0.202410170702/tools/bin/../lib/gcc/arm-none-eabi/12.3.1/../../../../arm-none-eabi/lib/thumb/v6-m/nofp/libc_nano.a(libc_a-ctype_.o)
                0x0800b74c                _ctype_
 .rodata._svfprintf_r.str1.1
                0x0800b84d       0x11 /opt/st/stm32cubeide_1.17.0/plugins/com.st.stm32cube.ide.mcu.externaltools.gnu-tools-for-stm32.12.3.rel1.linux64_1.1.0.202410170702/tools/bin/../lib/gcc/arm-none-eabi/12.3.1/../../../../arm-none-eabi/lib/thumb/v6-m/nofp/libc_nano.a(libc_a-nano-svfprintf.o)
 .rodata._printf_i.str1.1
                0x0800b85e       0x22 /opt/st/stm32cubeide_1.17.0/plugins/com.st.stm32cube.ide.mcu.externaltools.gnu-tools-for-stm32.12.3.rel1.linux64_1.1.0.202410170702/tools/bin/../lib/gcc/arm-none-eabi/12.3.1/../../../../arm-none-eabi/lib/thumb/v6-m/nofp/libc_nano.a(libc_a-nano-vfprintf_i.o)
                0x0800b880                        . = ALIGN (0x4)

.ARM.extab      0x0800b880        0x0
                0x0800b880                        . = ALIGN (0x4)
 *(.ARM.extab* .gnu.linkonce.armextab.*)
                0x0800b880                        . = ALIGN (0x4)

.ARM            0x0800b880        0x8
                0x0800b880                        . = ALIGN (0x4)
                0x0800b880                        __exidx_start = .
 *(.ARM.exidx*)
 .ARM.exidx     0x0800b880        0x8 /opt/st/stm32cubeide_1.17.0/plugins/com.st.stm32cube.ide.mcu.externaltools.gnu-tools-for-stm32.12.3.rel1.linux64_1.1.0.202410170702/tools/bin/../lib/gcc/arm-none-eabi/12.3.1/thumb/v6-m/nofp/libgcc.a(_udivmoddi4.o)
                0x0800b888                        __exidx_end = .
                0x0800b888                        . = ALIGN (0x4)

.rel.dyn        0x0800b888        0x0
 .rel.iplt      0x0800b888        0x0 /opt/st/stm32cubeide_1.17.0/plugins/com.st.stm32cube.ide.mcu.externaltools.gnu-tools-for-stm32.12.3.rel1.linux64_1.1.0.202410170702/tools/bin/../lib/gcc/arm-none-eabi/12.3.1/thumb/v6-m/nofp/crtbegin.o

.preinit_array  0x0800b888        0x0
                0x0800b888                        . = ALIGN (0x4)
                0x0800b888                        PROVIDE (__preinit_array_start = .)
 *(.preinit_array*)
                0x0800b888                        PROVIDE (__preinit_array_end = .)
                0x0800b888                        . = ALIGN (0x4)

.init_array     0x0800b888        0x4
                0x0800b888                        . = ALIGN (0x4)
                0x0800b888                        PROVIDE (__init_array_start = .)
 *(SORT_BY_NAME(.init_array.*))
 *(.init_array*)
 .init_array    0x0800b888        0x4 /opt/st/stm32cubeide_1.17.0/plugins/com.st.stm32cube.ide.mcu.externaltools.gnu-tools-for-stm32.12.3.rel1.linux64_1.1.0.202410170702/tools/bin/../lib/gcc/arm-none-eabi/12.3.1/thumb/v6-m/nofp/crtbegin.o
                0x0800b88c                        PROVIDE (__init_array_end = .)
                0x0800b88c                        . = ALIGN (0x4)

.fini_array     0x0800b88c        0x4
                0x0800b88c                        . = ALIGN (0x4)
                [!provide]                        PROVIDE (__fini_array_start = .)
 *(SORT_BY_NAME(.fini_array.*))
 *(.fini_array*)
 .fini_array    0x0800b88c        0x4 /opt/st/stm32cubeide_1.17.0/plugins/com.st.stm32cube.ide.mcu.externaltools.gnu-tools-for-stm32.12.3.rel1.linux64_1.1.0.202410170702/tools/bin/../lib/gcc/arm-none-eabi/12.3.1/thumb/v6-m/nofp/crtbegin.o
                [!provide]                        PROVIDE (__fini_array_end = .)
                0x0800b890                        . = ALIGN (0x4)
                0x0800b890                        _sidata = LOADADDR (.data)

.data           0x20000000       0x74 load address 0x0800b890
                0x20000000                        . = ALIGN (0x4)
                0x20000000                        _sdata = .
 *(.data)
 *(.data*)
 .data.SystemCoreClock
                0x20000000        0x4 ./Core/Src/system_stm32l0xx.o
                0x20000000                SystemCoreClock
 .data.uwTickPrio
                0x20000004        0x4 ./Drivers/STM32L0xx_HAL_Driver/stm32l0xx_hal.o
                0x20000004                uwTickPrio
 .data.uwTickFreq
                0x20000008        0x1 ./Drivers/STM32L0xx_HAL_Driver/stm32l0xx_hal.o
                0x20000008                uwTickFreq
 *fill*         0x20000009        0x3 
 .data.USER_Driver
                0x2000000c       0x14 ./FATFS/Target/user_diskio.o
                0x2000000c                USER_Driver
 .data.Stat     0x20000020        0x1 ./FATFS/Target/user_diskio_spi.o
 *fill*         0x20000021        0x3 
 .data._impure_ptr
                0x20000024        0x4 /opt/st/stm32cubeide_1.17.0/plugins/com.st.stm32cube.ide.mcu.externaltools.gnu-tools-for-stm32.12.3.rel1.linux64_1.1.0.202410170702/tools/bin/../lib/gcc/arm-none-eabi/12.3.1/../../../../arm-none-eabi/lib/thumb/v6-m/nofp/libc_nano.a(libc_a-impure.o)
                0x20000024                _impure_ptr
 .data._impure_data
                0x20000028       0x4c /opt/st/stm32cubeide_1.17.0/plugins/com.st.stm32cube.ide.mcu.externaltools.gnu-tools-for-stm32.12.3.rel1.linux64_1.1.0.202410170702/tools/bin/../lib/gcc/arm-none-eabi/12.3.1/../../../../arm-none-eabi/lib/thumb/v6-m/nofp/libc_nano.a(libc_a-impure.o)
                0x20000028                _impure_data
 *(.RamFunc)
 *(.RamFunc*)
                0x20000074                        . = ALIGN (0x4)
                0x20000074                        _edata = .

.igot.plt       0x20000074        0x0 load address 0x0800b904
 .igot.plt      0x20000074        0x0 /opt/st/stm32cubeide_1.17.0/plugins/com.st.stm32cube.ide.mcu.externaltools.gnu-tools-for-stm32.12.3.rel1.linux64_1.1.0.202410170702/tools/bin/../lib/gcc/arm-none-eabi/12.3.1/thumb/v6-m/nofp/crtbegin.o
                0x20000074                        . = ALIGN (0x4)

.bss            0x20000074      0x5e0 load address 0x0800b904
                0x20000074                        _sbss = .
                0x20000074                        __bss_start__ = _sbss
 *(.bss)
 .bss           0x20000074       0x1c /opt/st/stm32cubeide_1.17.0/plugins/com.st.stm32cube.ide.mcu.externaltools.gnu-tools-for-stm32.12.3.rel1.linux64_1.1.0.202410170702/tools/bin/../lib/gcc/arm-none-eabi/12.3.1/thumb/v6-m/nofp/crtbegin.o
 *(.bss*)
 .bss.hi2c1     0x20000090       0x54 ./Core/Src/main.o
                0x20000090                hi2c1
 .bss.hspi1     0x200000e4       0x58 ./Core/Src/main.o
                0x200000e4                hspi1
 .bss.huart1    0x2000013c       0x88 ./Core/Src/main.o
                0x2000013c                huart1
 .bss.hpcd_USB_FS
                0x200001c4      0x2f4 ./Core/Src/main.o
                0x200001c4                hpcd_USB_FS
 .bss._ZZ4mainE7unmount
                0x200004b8        0x1 ./Core/Src/main.o
 .bss._ZZ4mainE7logInfo
                0x200004b9        0x1 ./Core/Src/main.o
 *fill*         0x200004ba        0x2 
 .bss.__sbrk_heap_end
                0x200004bc        0x4 ./Core/Src/sysmem.o
 .bss.uwTick    0x200004c0        0x4 ./Drivers/STM32L0xx_HAL_Driver/stm32l0xx_hal.o
                0x200004c0                uwTick
 .bss.retUSER   0x200004c4        0x1 ./FATFS/App/fatfs.o
                0x200004c4                retUSER
 *fill*         0x200004c5        0x3 
 .bss.USERPath  0x200004c8        0x4 ./FATFS/App/fatfs.o
                0x200004c8                USERPath
 .bss.CardType  0x200004cc        0x1 ./FATFS/Target/user_diskio_spi.o
 *fill*         0x200004cd        0x3 
 .bss.spiTimerTickStart
                0x200004d0        0x4 ./FATFS/Target/user_diskio_spi.o
                0x200004d0                spiTimerTickStart
 .bss.spiTimerTickDelay
                0x200004d4        0x4 ./FATFS/Target/user_diskio_spi.o
                0x200004d4                spiTimerTickDelay
 .bss.FatFs     0x200004d8        0x4 ./Middlewares/FatFs/ff.o
 .bss.Fsid      0x200004dc        0x2 ./Middlewares/FatFs/ff.o
 *fill*         0x200004de        0x2 
 .bss.Files     0x200004e0       0x20 ./Middlewares/FatFs/ff.o
 .bss.disk      0x20000500        0xc ./Middlewares/FatFs/ff_gen_drv.o
                0x20000500                disk
 .bss.__sf      0x2000050c      0x138 /opt/st/stm32cubeide_1.17.0/plugins/com.st.stm32cube.ide.mcu.externaltools.gnu-tools-for-stm32.12.3.rel1.linux64_1.1.0.202410170702/tools/bin/../lib/gcc/arm-none-eabi/12.3.1/../../../../arm-none-eabi/lib/thumb/v6-m/nofp/libc_nano.a(libc_a-findfp.o)
                0x2000050c                __sf
 .bss.errno     0x20000644        0x4 /opt/st/stm32cubeide_1.17.0/plugins/com.st.stm32cube.ide.mcu.externaltools.gnu-tools-for-stm32.12.3.rel1.linux64_1.1.0.202410170702/tools/bin/../lib/gcc/arm-none-eabi/12.3.1/../../../../arm-none-eabi/lib/thumb/v6-m/nofp/libc_nano.a(libc_a-reent.o)
                0x20000644                errno
 .bss.__lock___malloc_recursive_mutex
                0x20000648        0x1 /opt/st/stm32cubeide_1.17.0/plugins/com.st.stm32cube.ide.mcu.externaltools.gnu-tools-for-stm32.12.3.rel1.linux64_1.1.0.202410170702/tools/bin/../lib/gcc/arm-none-eabi/12.3.1/../../../../arm-none-eabi/lib/thumb/v6-m/nofp/libc_nano.a(libc_a-lock.o)
                0x20000648                __lock___malloc_recursive_mutex
 *fill*         0x20000649        0x3 
 .bss.__malloc_sbrk_start
                0x2000064c        0x4 /opt/st/stm32cubeide_1.17.0/plugins/com.st.stm32cube.ide.mcu.externaltools.gnu-tools-for-stm32.12.3.rel1.linux64_1.1.0.202410170702/tools/bin/../lib/gcc/arm-none-eabi/12.3.1/../../../../arm-none-eabi/lib/thumb/v6-m/nofp/libc_nano.a(libc_a-mallocr.o)
                0x2000064c                __malloc_sbrk_start
 .bss.__malloc_free_list
                0x20000650        0x4 /opt/st/stm32cubeide_1.17.0/plugins/com.st.stm32cube.ide.mcu.externaltools.gnu-tools-for-stm32.12.3.rel1.linux64_1.1.0.202410170702/tools/bin/../lib/gcc/arm-none-eabi/12.3.1/../../../../arm-none-eabi/lib/thumb/v6-m/nofp/libc_nano.a(libc_a-mallocr.o)
                0x20000650                __malloc_free_list
 *(COMMON)
                0x20000654                        . = ALIGN (0x4)
                0x20000654                        _ebss = .
                0x20000654                        __bss_end__ = _ebss

._user_heap_stack
                0x20000654      0x604 load address 0x0800b904
                0x20000658                        . = ALIGN (0x8)
 *fill*         0x20000654        0x4 
                [!provide]                        PROVIDE (end = .)
                0x20000658                        PROVIDE (_end = .)
                0x20000858                        . = (. + _Min_Heap_Size)
 *fill*         0x20000658      0x200 
                0x20000c58                        . = (. + _Min_Stack_Size)
 *fill*         0x20000858      0x400 
                0x20000c58                        . = ALIGN (0x8)

/DISCARD/
 libc.a(*)
 libm.a(*)
 libgcc.a(*)

.ARM.attributes
                0x00000000       0x28
 *(.ARM.attributes)
 .ARM.attributes
                0x00000000       0x1e /opt/st/stm32cubeide_1.17.0/plugins/com.st.stm32cube.ide.mcu.externaltools.gnu-tools-for-stm32.12.3.rel1.linux64_1.1.0.202410170702/tools/bin/../lib/gcc/arm-none-eabi/12.3.1/thumb/v6-m/nofp/crti.o
 .ARM.attributes
                0x0000001e       0x2c /opt/st/stm32cubeide_1.17.0/plugins/com.st.stm32cube.ide.mcu.externaltools.gnu-tools-for-stm32.12.3.rel1.linux64_1.1.0.202410170702/tools/bin/../lib/gcc/arm-none-eabi/12.3.1/thumb/v6-m/nofp/crtbegin.o
 .ARM.attributes
                0x0000004a       0x2c ./Core/Src/ADXL343.o
 .ARM.attributes
                0x00000076       0x2c ./Core/Src/EventLogger.o
 .ARM.attributes
                0x000000a2       0x2c ./Core/Src/HTU21D.o
 .ARM.attributes
                0x000000ce       0x2c ./Core/Src/I2CHandler.o
 .ARM.attributes
                0x000000fa       0x2c ./Core/Src/main.o
 .ARM.attributes
                0x00000126       0x2c ./Core/Src/stm32l0xx_hal_msp.o
 .ARM.attributes
                0x00000152       0x2c ./Core/Src/stm32l0xx_it.o
 .ARM.attributes
                0x0000017e       0x2c ./Core/Src/sysmem.o
 .ARM.attributes
                0x000001aa       0x2c ./Core/Src/system_stm32l0xx.o
 .ARM.attributes
                0x000001d6       0x22 ./Core/Startup/startup_stm32l053c8tx.o
 .ARM.attributes
                0x000001f8       0x2c ./Drivers/STM32L0xx_HAL_Driver/stm32l0xx_hal.o
 .ARM.attributes
                0x00000224       0x2c ./Drivers/STM32L0xx_HAL_Driver/stm32l0xx_hal_cortex.o
 .ARM.attributes
                0x00000250       0x2c ./Drivers/STM32L0xx_HAL_Driver/stm32l0xx_hal_gpio.o
 .ARM.attributes
                0x0000027c       0x2c ./Drivers/STM32L0xx_HAL_Driver/stm32l0xx_hal_i2c.o
 .ARM.attributes
                0x000002a8       0x2c ./Drivers/STM32L0xx_HAL_Driver/stm32l0xx_hal_i2c_ex.o
 .ARM.attributes
                0x000002d4       0x2c ./Drivers/STM32L0xx_HAL_Driver/stm32l0xx_hal_pcd.o
 .ARM.attributes
                0x00000300       0x2c ./Drivers/STM32L0xx_HAL_Driver/stm32l0xx_hal_pcd_ex.o
 .ARM.attributes
                0x0000032c       0x2c ./Drivers/STM32L0xx_HAL_Driver/stm32l0xx_hal_rcc.o
 .ARM.attributes
                0x00000358       0x2c ./Drivers/STM32L0xx_HAL_Driver/stm32l0xx_hal_rcc_ex.o
 .ARM.attributes
                0x00000384       0x2c ./Drivers/STM32L0xx_HAL_Driver/stm32l0xx_hal_spi.o
 .ARM.attributes
                0x000003b0       0x2c ./Drivers/STM32L0xx_HAL_Driver/stm32l0xx_hal_uart.o
 .ARM.attributes
                0x000003dc       0x2c ./Drivers/STM32L0xx_HAL_Driver/stm32l0xx_ll_usb.o
 .ARM.attributes
                0x00000408       0x2c ./FATFS/App/fatfs.o
 .ARM.attributes
                0x00000434       0x2c ./FATFS/Target/user_diskio.o
 .ARM.attributes
                0x00000460       0x2c ./FATFS/Target/user_diskio_spi.o
 .ARM.attributes
                0x0000048c       0x2c ./Middlewares/FatFs/diskio.o
 .ARM.attributes
                0x000004b8       0x2c ./Middlewares/FatFs/ff.o
 .ARM.attributes
                0x000004e4       0x2c ./Middlewares/FatFs/ff_gen_drv.o
 .ARM.attributes
                0x00000510       0x2c /opt/st/stm32cubeide_1.17.0/plugins/com.st.stm32cube.ide.mcu.externaltools.gnu-tools-for-stm32.12.3.rel1.linux64_1.1.0.202410170702/tools/bin/../lib/gcc/arm-none-eabi/12.3.1/../../../../arm-none-eabi/lib/thumb/v6-m/nofp/libc_nano.a(libc_a-atoi.o)
 .ARM.attributes
                0x0000053c       0x2c /opt/st/stm32cubeide_1.17.0/plugins/com.st.stm32cube.ide.mcu.externaltools.gnu-tools-for-stm32.12.3.rel1.linux64_1.1.0.202410170702/tools/bin/../lib/gcc/arm-none-eabi/12.3.1/../../../../arm-none-eabi/lib/thumb/v6-m/nofp/libc_nano.a(libc_a-strtol.o)
 .ARM.attributes
                0x00000568       0x2c /opt/st/stm32cubeide_1.17.0/plugins/com.st.stm32cube.ide.mcu.externaltools.gnu-tools-for-stm32.12.3.rel1.linux64_1.1.0.202410170702/tools/bin/../lib/gcc/arm-none-eabi/12.3.1/../../../../arm-none-eabi/lib/thumb/v6-m/nofp/libc_nano.a(libc_a-ctype_.o)
 .ARM.attributes
                0x00000594       0x2c /opt/st/stm32cubeide_1.17.0/plugins/com.st.stm32cube.ide.mcu.externaltools.gnu-tools-for-stm32.12.3.rel1.linux64_1.1.0.202410170702/tools/bin/../lib/gcc/arm-none-eabi/12.3.1/../../../../arm-none-eabi/lib/thumb/v6-m/nofp/libc_nano.a(libc_a-findfp.o)
 .ARM.attributes
                0x000005c0       0x2c /opt/st/stm32cubeide_1.17.0/plugins/com.st.stm32cube.ide.mcu.externaltools.gnu-tools-for-stm32.12.3.rel1.linux64_1.1.0.202410170702/tools/bin/../lib/gcc/arm-none-eabi/12.3.1/../../../../arm-none-eabi/lib/thumb/v6-m/nofp/libc_nano.a(libc_a-snprintf.o)
 .ARM.attributes
                0x000005ec       0x2c /opt/st/stm32cubeide_1.17.0/plugins/com.st.stm32cube.ide.mcu.externaltools.gnu-tools-for-stm32.12.3.rel1.linux64_1.1.0.202410170702/tools/bin/../lib/gcc/arm-none-eabi/12.3.1/../../../../arm-none-eabi/lib/thumb/v6-m/nofp/libc_nano.a(libc_a-memset.o)
 .ARM.attributes
                0x00000618       0x2c /opt/st/stm32cubeide_1.17.0/plugins/com.st.stm32cube.ide.mcu.externaltools.gnu-tools-for-stm32.12.3.rel1.linux64_1.1.0.202410170702/tools/bin/../lib/gcc/arm-none-eabi/12.3.1/../../../../arm-none-eabi/lib/thumb/v6-m/nofp/libc_nano.a(libc_a-strncmp.o)
 .ARM.attributes
                0x00000644       0x2c /opt/st/stm32cubeide_1.17.0/plugins/com.st.stm32cube.ide.mcu.externaltools.gnu-tools-for-stm32.12.3.rel1.linux64_1.1.0.202410170702/tools/bin/../lib/gcc/arm-none-eabi/12.3.1/../../../../arm-none-eabi/lib/thumb/v6-m/nofp/libc_nano.a(libc_a-reent.o)
 .ARM.attributes
                0x00000670       0x2c /opt/st/stm32cubeide_1.17.0/plugins/com.st.stm32cube.ide.mcu.externaltools.gnu-tools-for-stm32.12.3.rel1.linux64_1.1.0.202410170702/tools/bin/../lib/gcc/arm-none-eabi/12.3.1/../../../../arm-none-eabi/lib/thumb/v6-m/nofp/libc_nano.a(libc_a-impure.o)
 .ARM.attributes
                0x0000069c       0x2c /opt/st/stm32cubeide_1.17.0/plugins/com.st.stm32cube.ide.mcu.externaltools.gnu-tools-for-stm32.12.3.rel1.linux64_1.1.0.202410170702/tools/bin/../lib/gcc/arm-none-eabi/12.3.1/../../../../arm-none-eabi/lib/thumb/v6-m/nofp/libc_nano.a(libc_a-errno.o)
 .ARM.attributes
                0x000006c8       0x2c /opt/st/stm32cubeide_1.17.0/plugins/com.st.stm32cube.ide.mcu.externaltools.gnu-tools-for-stm32.12.3.rel1.linux64_1.1.0.202410170702/tools/bin/../lib/gcc/arm-none-eabi/12.3.1/../../../../arm-none-eabi/lib/thumb/v6-m/nofp/libc_nano.a(libc_a-init.o)
 .ARM.attributes
                0x000006f4       0x2c /opt/st/stm32cubeide_1.17.0/plugins/com.st.stm32cube.ide.mcu.externaltools.gnu-tools-for-stm32.12.3.rel1.linux64_1.1.0.202410170702/tools/bin/../lib/gcc/arm-none-eabi/12.3.1/../../../../arm-none-eabi/lib/thumb/v6-m/nofp/libc_nano.a(libc_a-lock.o)
 .ARM.attributes
                0x00000720       0x1c /opt/st/stm32cubeide_1.17.0/plugins/com.st.stm32cube.ide.mcu.externaltools.gnu-tools-for-stm32.12.3.rel1.linux64_1.1.0.202410170702/tools/bin/../lib/gcc/arm-none-eabi/12.3.1/../../../../arm-none-eabi/lib/thumb/v6-m/nofp/libc_nano.a(libc_a-strlen.o)
 .ARM.attributes
                0x0000073c       0x2c /opt/st/stm32cubeide_1.17.0/plugins/com.st.stm32cube.ide.mcu.externaltools.gnu-tools-for-stm32.12.3.rel1.linux64_1.1.0.202410170702/tools/bin/../lib/gcc/arm-none-eabi/12.3.1/../../../../arm-none-eabi/lib/thumb/v6-m/nofp/libc_nano.a(libc_a-freer.o)
 .ARM.attributes
                0x00000768       0x2c /opt/st/stm32cubeide_1.17.0/plugins/com.st.stm32cube.ide.mcu.externaltools.gnu-tools-for-stm32.12.3.rel1.linux64_1.1.0.202410170702/tools/bin/../lib/gcc/arm-none-eabi/12.3.1/../../../../arm-none-eabi/lib/thumb/v6-m/nofp/libc_nano.a(libc_a-mallocr.o)
 .ARM.attributes
                0x00000794       0x2c /opt/st/stm32cubeide_1.17.0/plugins/com.st.stm32cube.ide.mcu.externaltools.gnu-tools-for-stm32.12.3.rel1.linux64_1.1.0.202410170702/tools/bin/../lib/gcc/arm-none-eabi/12.3.1/../../../../arm-none-eabi/lib/thumb/v6-m/nofp/libc_nano.a(libc_a-mlock.o)
 .ARM.attributes
                0x000007c0       0x2c /opt/st/stm32cubeide_1.17.0/plugins/com.st.stm32cube.ide.mcu.externaltools.gnu-tools-for-stm32.12.3.rel1.linux64_1.1.0.202410170702/tools/bin/../lib/gcc/arm-none-eabi/12.3.1/../../../../arm-none-eabi/lib/thumb/v6-m/nofp/libc_nano.a(libc_a-nano-svfprintf.o)
 .ARM.attributes
                0x000007ec       0x2c /opt/st/stm32cubeide_1.17.0/plugins/com.st.stm32cube.ide.mcu.externaltools.gnu-tools-for-stm32.12.3.rel1.linux64_1.1.0.202410170702/tools/bin/../lib/gcc/arm-none-eabi/12.3.1/../../../../arm-none-eabi/lib/thumb/v6-m/nofp/libc_nano.a(libc_a-nano-vfprintf_i.o)
 .ARM.attributes
                0x00000818       0x2c /opt/st/stm32cubeide_1.17.0/plugins/com.st.stm32cube.ide.mcu.externaltools.gnu-tools-for-stm32.12.3.rel1.linux64_1.1.0.202410170702/tools/bin/../lib/gcc/arm-none-eabi/12.3.1/../../../../arm-none-eabi/lib/thumb/v6-m/nofp/libc_nano.a(libc_a-memmove.o)
 .ARM.attributes
                0x00000844       0x2c /opt/st/stm32cubeide_1.17.0/plugins/com.st.stm32cube.ide.mcu.externaltools.gnu-tools-for-stm32.12.3.rel1.linux64_1.1.0.202410170702/tools/bin/../lib/gcc/arm-none-eabi/12.3.1/../../../../arm-none-eabi/lib/thumb/v6-m/nofp/libc_nano.a(libc_a-sbrkr.o)
 .ARM.attributes
                0x00000870       0x2c /opt/st/stm32cubeide_1.17.0/plugins/com.st.stm32cube.ide.mcu.externaltools.gnu-tools-for-stm32.12.3.rel1.linux64_1.1.0.202410170702/tools/bin/../lib/gcc/arm-none-eabi/12.3.1/../../../../arm-none-eabi/lib/thumb/v6-m/nofp/libc_nano.a(libc_a-memchr-stub.o)
 .ARM.attributes
                0x0000089c       0x2c /opt/st/stm32cubeide_1.17.0/plugins/com.st.stm32cube.ide.mcu.externaltools.gnu-tools-for-stm32.12.3.rel1.linux64_1.1.0.202410170702/tools/bin/../lib/gcc/arm-none-eabi/12.3.1/../../../../arm-none-eabi/lib/thumb/v6-m/nofp/libc_nano.a(libc_a-memcpy-stub.o)
 .ARM.attributes
                0x000008c8       0x2c /opt/st/stm32cubeide_1.17.0/plugins/com.st.stm32cube.ide.mcu.externaltools.gnu-tools-for-stm32.12.3.rel1.linux64_1.1.0.202410170702/tools/bin/../lib/gcc/arm-none-eabi/12.3.1/../../../../arm-none-eabi/lib/thumb/v6-m/nofp/libc_nano.a(libc_a-reallocr.o)
 .ARM.attributes
                0x000008f4       0x2c /opt/st/stm32cubeide_1.17.0/plugins/com.st.stm32cube.ide.mcu.externaltools.gnu-tools-for-stm32.12.3.rel1.linux64_1.1.0.202410170702/tools/bin/../lib/gcc/arm-none-eabi/12.3.1/../../../../arm-none-eabi/lib/thumb/v6-m/nofp/libc_nano.a(libc_a-msizer.o)
 .ARM.attributes
                0x00000920       0x1e /opt/st/stm32cubeide_1.17.0/plugins/com.st.stm32cube.ide.mcu.externaltools.gnu-tools-for-stm32.12.3.rel1.linux64_1.1.0.202410170702/tools/bin/../lib/gcc/arm-none-eabi/12.3.1/thumb/v6-m/nofp/libgcc.a(_thumb1_case_shi.o)
 .ARM.attributes
                0x0000093e       0x1e /opt/st/stm32cubeide_1.17.0/plugins/com.st.stm32cube.ide.mcu.externaltools.gnu-tools-for-stm32.12.3.rel1.linux64_1.1.0.202410170702/tools/bin/../lib/gcc/arm-none-eabi/12.3.1/thumb/v6-m/nofp/libgcc.a(_udivsi3.o)
 .ARM.attributes
                0x0000095c       0x1e /opt/st/stm32cubeide_1.17.0/plugins/com.st.stm32cube.ide.mcu.externaltools.gnu-tools-for-stm32.12.3.rel1.linux64_1.1.0.202410170702/tools/bin/../lib/gcc/arm-none-eabi/12.3.1/thumb/v6-m/nofp/libgcc.a(_dvmd_tls.o)
 .ARM.attributes
                0x0000097a       0x1e /opt/st/stm32cubeide_1.17.0/plugins/com.st.stm32cube.ide.mcu.externaltools.gnu-tools-for-stm32.12.3.rel1.linux64_1.1.0.202410170702/tools/bin/../lib/gcc/arm-none-eabi/12.3.1/thumb/v6-m/nofp/libgcc.a(_arm_cmpsf2.o)
 .ARM.attributes
                0x00000998       0x1e /opt/st/stm32cubeide_1.17.0/plugins/com.st.stm32cube.ide.mcu.externaltools.gnu-tools-for-stm32.12.3.rel1.linux64_1.1.0.202410170702/tools/bin/../lib/gcc/arm-none-eabi/12.3.1/thumb/v6-m/nofp/libgcc.a(_aeabi_uldivmod.o)
 .ARM.attributes
                0x000009b6       0x2c /opt/st/stm32cubeide_1.17.0/plugins/com.st.stm32cube.ide.mcu.externaltools.gnu-tools-for-stm32.12.3.rel1.linux64_1.1.0.202410170702/tools/bin/../lib/gcc/arm-none-eabi/12.3.1/thumb/v6-m/nofp/libgcc.a(_muldi3.o)
 .ARM.attributes
                0x000009e2       0x2c /opt/st/stm32cubeide_1.17.0/plugins/com.st.stm32cube.ide.mcu.externaltools.gnu-tools-for-stm32.12.3.rel1.linux64_1.1.0.202410170702/tools/bin/../lib/gcc/arm-none-eabi/12.3.1/thumb/v6-m/nofp/libgcc.a(_fixunssfsi.o)
 .ARM.attributes
                0x00000a0e       0x2c /opt/st/stm32cubeide_1.17.0/plugins/com.st.stm32cube.ide.mcu.externaltools.gnu-tools-for-stm32.12.3.rel1.linux64_1.1.0.202410170702/tools/bin/../lib/gcc/arm-none-eabi/12.3.1/thumb/v6-m/nofp/libgcc.a(_udivmoddi4.o)
 .ARM.attributes
                0x00000a3a       0x2c /opt/st/stm32cubeide_1.17.0/plugins/com.st.stm32cube.ide.mcu.externaltools.gnu-tools-for-stm32.12.3.rel1.linux64_1.1.0.202410170702/tools/bin/../lib/gcc/arm-none-eabi/12.3.1/thumb/v6-m/nofp/libgcc.a(eqsf2.o)
 .ARM.attributes
                0x00000a66       0x2c /opt/st/stm32cubeide_1.17.0/plugins/com.st.stm32cube.ide.mcu.externaltools.gnu-tools-for-stm32.12.3.rel1.linux64_1.1.0.202410170702/tools/bin/../lib/gcc/arm-none-eabi/12.3.1/thumb/v6-m/nofp/libgcc.a(gesf2.o)
 .ARM.attributes
                0x00000a92       0x2c /opt/st/stm32cubeide_1.17.0/plugins/com.st.stm32cube.ide.mcu.externaltools.gnu-tools-for-stm32.12.3.rel1.linux64_1.1.0.202410170702/tools/bin/../lib/gcc/arm-none-eabi/12.3.1/thumb/v6-m/nofp/libgcc.a(lesf2.o)
 .ARM.attributes
                0x00000abe       0x2c /opt/st/stm32cubeide_1.17.0/plugins/com.st.stm32cube.ide.mcu.externaltools.gnu-tools-for-stm32.12.3.rel1.linux64_1.1.0.202410170702/tools/bin/../lib/gcc/arm-none-eabi/12.3.1/thumb/v6-m/nofp/libgcc.a(mulsf3.o)
 .ARM.attributes
                0x00000aea       0x2c /opt/st/stm32cubeide_1.17.0/plugins/com.st.stm32cube.ide.mcu.externaltools.gnu-tools-for-stm32.12.3.rel1.linux64_1.1.0.202410170702/tools/bin/../lib/gcc/arm-none-eabi/12.3.1/thumb/v6-m/nofp/libgcc.a(subsf3.o)
 .ARM.attributes
                0x00000b16       0x2c /opt/st/stm32cubeide_1.17.0/plugins/com.st.stm32cube.ide.mcu.externaltools.gnu-tools-for-stm32.12.3.rel1.linux64_1.1.0.202410170702/tools/bin/../lib/gcc/arm-none-eabi/12.3.1/thumb/v6-m/nofp/libgcc.a(fixsfsi.o)
 .ARM.attributes
                0x00000b42       0x2c /opt/st/stm32cubeide_1.17.0/plugins/com.st.stm32cube.ide.mcu.externaltools.gnu-tools-for-stm32.12.3.rel1.linux64_1.1.0.202410170702/tools/bin/../lib/gcc/arm-none-eabi/12.3.1/thumb/v6-m/nofp/libgcc.a(floatsisf.o)
 .ARM.attributes
                0x00000b6e       0x2c /opt/st/stm32cubeide_1.17.0/plugins/com.st.stm32cube.ide.mcu.externaltools.gnu-tools-for-stm32.12.3.rel1.linux64_1.1.0.202410170702/tools/bin/../lib/gcc/arm-none-eabi/12.3.1/thumb/v6-m/nofp/libgcc.a(floatunsisf.o)
 .ARM.attributes
                0x00000b9a       0x2c /opt/st/stm32cubeide_1.17.0/plugins/com.st.stm32cube.ide.mcu.externaltools.gnu-tools-for-stm32.12.3.rel1.linux64_1.1.0.202410170702/tools/bin/../lib/gcc/arm-none-eabi/12.3.1/thumb/v6-m/nofp/libgcc.a(adddf3.o)
 .ARM.attributes
                0x00000bc6       0x2c /opt/st/stm32cubeide_1.17.0/plugins/com.st.stm32cube.ide.mcu.externaltools.gnu-tools-for-stm32.12.3.rel1.linux64_1.1.0.202410170702/tools/bin/../lib/gcc/arm-none-eabi/12.3.1/thumb/v6-m/nofp/libgcc.a(muldf3.o)
 .ARM.attributes
                0x00000bf2       0x2c /opt/st/stm32cubeide_1.17.0/plugins/com.st.stm32cube.ide.mcu.externaltools.gnu-tools-for-stm32.12.3.rel1.linux64_1.1.0.202410170702/tools/bin/../lib/gcc/arm-none-eabi/12.3.1/thumb/v6-m/nofp/libgcc.a(subdf3.o)
 .ARM.attributes
                0x00000c1e       0x2c /opt/st/stm32cubeide_1.17.0/plugins/com.st.stm32cube.ide.mcu.externaltools.gnu-tools-for-stm32.12.3.rel1.linux64_1.1.0.202410170702/tools/bin/../lib/gcc/arm-none-eabi/12.3.1/thumb/v6-m/nofp/libgcc.a(extendsfdf2.o)
 .ARM.attributes
                0x00000c4a       0x2c /opt/st/stm32cubeide_1.17.0/plugins/com.st.stm32cube.ide.mcu.externaltools.gnu-tools-for-stm32.12.3.rel1.linux64_1.1.0.202410170702/tools/bin/../lib/gcc/arm-none-eabi/12.3.1/thumb/v6-m/nofp/libgcc.a(truncdfsf2.o)
 .ARM.attributes
                0x00000c76       0x1e /opt/st/stm32cubeide_1.17.0/plugins/com.st.stm32cube.ide.mcu.externaltools.gnu-tools-for-stm32.12.3.rel1.linux64_1.1.0.202410170702/tools/bin/../lib/gcc/arm-none-eabi/12.3.1/thumb/v6-m/nofp/libgcc.a(_clzsi2.o)
 .ARM.attributes
                0x00000c94       0x1e /opt/st/stm32cubeide_1.17.0/plugins/com.st.stm32cube.ide.mcu.externaltools.gnu-tools-for-stm32.12.3.rel1.linux64_1.1.0.202410170702/tools/bin/../lib/gcc/arm-none-eabi/12.3.1/thumb/v6-m/nofp/libgcc.a(_clzdi2.o)
 .ARM.attributes
                0x00000cb2       0x1e /opt/st/stm32cubeide_1.17.0/plugins/com.st.stm32cube.ide.mcu.externaltools.gnu-tools-for-stm32.12.3.rel1.linux64_1.1.0.202410170702/tools/bin/../lib/gcc/arm-none-eabi/12.3.1/thumb/v6-m/nofp/crtn.o
OUTPUT(TouilloMetre.elf elf32-littlearm)
LOAD linker stubs
LOAD /opt/st/stm32cubeide_1.17.0/plugins/com.st.stm32cube.ide.mcu.externaltools.gnu-tools-for-stm32.12.3.rel1.linux64_1.1.0.202410170702/tools/bin/../lib/gcc/arm-none-eabi/12.3.1/../../../../arm-none-eabi/lib/thumb/v6-m/nofp/libc.a
LOAD /opt/st/stm32cubeide_1.17.0/plugins/com.st.stm32cube.ide.mcu.externaltools.gnu-tools-for-stm32.12.3.rel1.linux64_1.1.0.202410170702/tools/bin/../lib/gcc/arm-none-eabi/12.3.1/../../../../arm-none-eabi/lib/thumb/v6-m/nofp/libm.a
LOAD /opt/st/stm32cubeide_1.17.0/plugins/com.st.stm32cube.ide.mcu.externaltools.gnu-tools-for-stm32.12.3.rel1.linux64_1.1.0.202410170702/tools/bin/../lib/gcc/arm-none-eabi/12.3.1/thumb/v6-m/nofp/libgcc.a

.debug_info     0x00000000    0x1a4a1
 .debug_info    0x00000000     0x15ca ./Core/Src/ADXL343.o
 .debug_info    0x000015ca     0x1349 ./Core/Src/EventLogger.o
 .debug_info    0x00002913     0x16a0 ./Core/Src/HTU21D.o
 .debug_info    0x00003fb3      0x7fd ./Core/Src/I2CHandler.o
 .debug_info    0x000047b0     0x2940 ./Core/Src/main.o
 .debug_info    0x000070f0     0x1a46 ./Core/Src/stm32l0xx_hal_msp.o
 .debug_info    0x00008b36       0xd3 ./Core/Src/stm32l0xx_it.o
 .debug_info    0x00008c09      0x168 ./Core/Src/sysmem.o
 .debug_info    0x00008d71      0x2d0 ./Core/Src/system_stm32l0xx.o
 .debug_info    0x00009041       0x30 ./Core/Startup/startup_stm32l053c8tx.o
 .debug_info    0x00009071      0x863 ./Drivers/STM32L0xx_HAL_Driver/stm32l0xx_hal.o
 .debug_info    0x000098d4      0x84f ./Drivers/STM32L0xx_HAL_Driver/stm32l0xx_hal_cortex.o
 .debug_info    0x0000a123      0x624 ./Drivers/STM32L0xx_HAL_Driver/stm32l0xx_hal_gpio.o
 .debug_info    0x0000a747     0x205f ./Drivers/STM32L0xx_HAL_Driver/stm32l0xx_hal_i2c.o
 .debug_info    0x0000c7a6      0x884 ./Drivers/STM32L0xx_HAL_Driver/stm32l0xx_hal_i2c_ex.o
 .debug_info    0x0000d02a     0x15db ./Drivers/STM32L0xx_HAL_Driver/stm32l0xx_hal_pcd.o
 .debug_info    0x0000e605      0x80a ./Drivers/STM32L0xx_HAL_Driver/stm32l0xx_hal_pcd_ex.o
 .debug_info    0x0000ee0f      0x9fd ./Drivers/STM32L0xx_HAL_Driver/stm32l0xx_hal_rcc.o
 .debug_info    0x0000f80c      0x7e6 ./Drivers/STM32L0xx_HAL_Driver/stm32l0xx_hal_rcc_ex.o
 .debug_info    0x0000fff2     0x15ca ./Drivers/STM32L0xx_HAL_Driver/stm32l0xx_hal_spi.o
 .debug_info    0x000115bc     0x3b30 ./Drivers/STM32L0xx_HAL_Driver/stm32l0xx_hal_uart.o
 .debug_info    0x000150ec     0x15fa ./Drivers/STM32L0xx_HAL_Driver/stm32l0xx_ll_usb.o
 .debug_info    0x000166e6      0x4d9 ./FATFS/App/fatfs.o
 .debug_info    0x00016bbf      0x3aa ./FATFS/Target/user_diskio.o
 .debug_info    0x00016f69      0xbf5 ./FATFS/Target/user_diskio_spi.o
 .debug_info    0x00017b5e      0x3df ./Middlewares/FatFs/diskio.o
 .debug_info    0x00017f3d     0x21e5 ./Middlewares/FatFs/ff.o
 .debug_info    0x0001a122      0x37f ./Middlewares/FatFs/ff_gen_drv.o

.debug_abbrev   0x00000000     0x3fc0
 .debug_abbrev  0x00000000      0x417 ./Core/Src/ADXL343.o
 .debug_abbrev  0x00000417      0x3db ./Core/Src/EventLogger.o
 .debug_abbrev  0x000007f2      0x445 ./Core/Src/HTU21D.o
 .debug_abbrev  0x00000c37      0x1f9 ./Core/Src/I2CHandler.o
 .debug_abbrev  0x00000e30      0x51a ./Core/Src/main.o
 .debug_abbrev  0x0000134a      0x255 ./Core/Src/stm32l0xx_hal_msp.o
 .debug_abbrev  0x0000159f       0x73 ./Core/Src/stm32l0xx_it.o
 .debug_abbrev  0x00001612       0xbc ./Core/Src/sysmem.o
 .debug_abbrev  0x000016ce      0x11c ./Core/Src/system_stm32l0xx.o
 .debug_abbrev  0x000017ea       0x24 ./Core/Startup/startup_stm32l053c8tx.o
 .debug_abbrev  0x0000180e      0x2a0 ./Drivers/STM32L0xx_HAL_Driver/stm32l0xx_hal.o
 .debug_abbrev  0x00001aae      0x29b ./Drivers/STM32L0xx_HAL_Driver/stm32l0xx_hal_cortex.o
 .debug_abbrev  0x00001d49      0x1ca ./Drivers/STM32L0xx_HAL_Driver/stm32l0xx_hal_gpio.o
 .debug_abbrev  0x00001f13      0x270 ./Drivers/STM32L0xx_HAL_Driver/stm32l0xx_hal_i2c.o
 .debug_abbrev  0x00002183      0x1b9 ./Drivers/STM32L0xx_HAL_Driver/stm32l0xx_hal_i2c_ex.o
 .debug_abbrev  0x0000233c      0x2b2 ./Drivers/STM32L0xx_HAL_Driver/stm32l0xx_hal_pcd.o
 .debug_abbrev  0x000025ee      0x228 ./Drivers/STM32L0xx_HAL_Driver/stm32l0xx_hal_pcd_ex.o
 .debug_abbrev  0x00002816      0x296 ./Drivers/STM32L0xx_HAL_Driver/stm32l0xx_hal_rcc.o
 .debug_abbrev  0x00002aac      0x219 ./Drivers/STM32L0xx_HAL_Driver/stm32l0xx_hal_rcc_ex.o
 .debug_abbrev  0x00002cc5      0x27e ./Drivers/STM32L0xx_HAL_Driver/stm32l0xx_hal_spi.o
 .debug_abbrev  0x00002f43      0x2e0 ./Drivers/STM32L0xx_HAL_Driver/stm32l0xx_hal_uart.o
 .debug_abbrev  0x00003223      0x23f ./Drivers/STM32L0xx_HAL_Driver/stm32l0xx_ll_usb.o
 .debug_abbrev  0x00003462      0x160 ./FATFS/App/fatfs.o
 .debug_abbrev  0x000035c2      0x143 ./FATFS/Target/user_diskio.o
 .debug_abbrev  0x00003705      0x319 ./FATFS/Target/user_diskio_spi.o
 .debug_abbrev  0x00003a1e      0x181 ./Middlewares/FatFs/diskio.o
 .debug_abbrev  0x00003b9f      0x282 ./Middlewares/FatFs/ff.o
 .debug_abbrev  0x00003e21      0x19f ./Middlewares/FatFs/ff_gen_drv.o

.debug_aranges  0x00000000     0x1398
 .debug_aranges
                0x00000000       0x78 ./Core/Src/ADXL343.o
 .debug_aranges
                0x00000078       0x88 ./Core/Src/EventLogger.o
 .debug_aranges
                0x00000100       0xa0 ./Core/Src/HTU21D.o
 .debug_aranges
                0x000001a0       0x30 ./Core/Src/I2CHandler.o
 .debug_aranges
                0x000001d0       0x70 ./Core/Src/main.o
 .debug_aranges
                0x00000240       0x80 ./Core/Src/stm32l0xx_hal_msp.o
 .debug_aranges
                0x000002c0       0x40 ./Core/Src/stm32l0xx_it.o
 .debug_aranges
                0x00000300       0x20 ./Core/Src/sysmem.o
 .debug_aranges
                0x00000320       0x28 ./Core/Src/system_stm32l0xx.o
 .debug_aranges
                0x00000348       0x28 ./Core/Startup/startup_stm32l053c8tx.o
 .debug_aranges
                0x00000370      0x110 ./Drivers/STM32L0xx_HAL_Driver/stm32l0xx_hal.o
 .debug_aranges
                0x00000480       0xd8 ./Drivers/STM32L0xx_HAL_Driver/stm32l0xx_hal_cortex.o
 .debug_aranges
                0x00000558       0x58 ./Drivers/STM32L0xx_HAL_Driver/stm32l0xx_hal_gpio.o
 .debug_aranges
                0x000005b0      0x2a0 ./Drivers/STM32L0xx_HAL_Driver/stm32l0xx_hal_i2c.o
 .debug_aranges
                0x00000850       0x48 ./Drivers/STM32L0xx_HAL_Driver/stm32l0xx_hal_i2c_ex.o
 .debug_aranges
                0x00000898      0x138 ./Drivers/STM32L0xx_HAL_Driver/stm32l0xx_hal_pcd.o
 .debug_aranges
                0x000009d0       0x58 ./Drivers/STM32L0xx_HAL_Driver/stm32l0xx_hal_pcd_ex.o
 .debug_aranges
                0x00000a28       0x80 ./Drivers/STM32L0xx_HAL_Driver/stm32l0xx_hal_rcc.o
 .debug_aranges
                0x00000aa8       0xb0 ./Drivers/STM32L0xx_HAL_Driver/stm32l0xx_hal_rcc_ex.o
 .debug_aranges
                0x00000b58      0x1d0 ./Drivers/STM32L0xx_HAL_Driver/stm32l0xx_hal_spi.o
 .debug_aranges
                0x00000d28      0x228 ./Drivers/STM32L0xx_HAL_Driver/stm32l0xx_hal_uart.o
 .debug_aranges
                0x00000f50       0xb8 ./Drivers/STM32L0xx_HAL_Driver/stm32l0xx_ll_usb.o
 .debug_aranges
                0x00001008       0x28 ./FATFS/App/fatfs.o
 .debug_aranges
                0x00001030       0x40 ./FATFS/Target/user_diskio.o
 .debug_aranges
                0x00001070       0x98 ./FATFS/Target/user_diskio_spi.o
 .debug_aranges
                0x00001108       0x48 ./Middlewares/FatFs/diskio.o
 .debug_aranges
                0x00001150      0x208 ./Middlewares/FatFs/ff.o
 .debug_aranges
                0x00001358       0x40 ./Middlewares/FatFs/ff_gen_drv.o

.debug_rnglists
                0x00000000      0xf23
 .debug_rnglists
                0x00000000       0x5a ./Core/Src/ADXL343.o
 .debug_rnglists
                0x0000005a       0x67 ./Core/Src/EventLogger.o
 .debug_rnglists
                0x000000c1       0x78 ./Core/Src/HTU21D.o
 .debug_rnglists
                0x00000139       0x1f ./Core/Src/I2CHandler.o
 .debug_rnglists
                0x00000158       0x53 ./Core/Src/main.o
 .debug_rnglists
                0x000001ab       0x5e ./Core/Src/stm32l0xx_hal_msp.o
 .debug_rnglists
                0x00000209       0x2b ./Core/Src/stm32l0xx_it.o
 .debug_rnglists
                0x00000234       0x13 ./Core/Src/sysmem.o
 .debug_rnglists
                0x00000247       0x1a ./Core/Src/system_stm32l0xx.o
 .debug_rnglists
                0x00000261       0x19 ./Core/Startup/startup_stm32l053c8tx.o
 .debug_rnglists
                0x0000027a       0xc7 ./Drivers/STM32L0xx_HAL_Driver/stm32l0xx_hal.o
 .debug_rnglists
                0x00000341       0x9f ./Drivers/STM32L0xx_HAL_Driver/stm32l0xx_hal_cortex.o
 .debug_rnglists
                0x000003e0       0x3f ./Drivers/STM32L0xx_HAL_Driver/stm32l0xx_hal_gpio.o
 .debug_rnglists
                0x0000041f      0x229 ./Drivers/STM32L0xx_HAL_Driver/stm32l0xx_hal_i2c.o
 .debug_rnglists
                0x00000648       0x35 ./Drivers/STM32L0xx_HAL_Driver/stm32l0xx_hal_i2c_ex.o
 .debug_rnglists
                0x0000067d       0xee ./Drivers/STM32L0xx_HAL_Driver/stm32l0xx_hal_pcd.o
 .debug_rnglists
                0x0000076b       0x3f ./Drivers/STM32L0xx_HAL_Driver/stm32l0xx_hal_pcd_ex.o
 .debug_rnglists
                0x000007aa       0x61 ./Drivers/STM32L0xx_HAL_Driver/stm32l0xx_hal_rcc.o
 .debug_rnglists
                0x0000080b       0x85 ./Drivers/STM32L0xx_HAL_Driver/stm32l0xx_hal_rcc_ex.o
 .debug_rnglists
                0x00000890      0x171 ./Drivers/STM32L0xx_HAL_Driver/stm32l0xx_hal_spi.o
 .debug_rnglists
                0x00000a01      0x1db ./Drivers/STM32L0xx_HAL_Driver/stm32l0xx_hal_uart.o
 .debug_rnglists
                0x00000bdc       0x8d ./Drivers/STM32L0xx_HAL_Driver/stm32l0xx_ll_usb.o
 .debug_rnglists
                0x00000c69       0x19 ./FATFS/App/fatfs.o
 .debug_rnglists
                0x00000c82       0x2b ./FATFS/Target/user_diskio.o
 .debug_rnglists
                0x00000cad       0x72 ./FATFS/Target/user_diskio_spi.o
 .debug_rnglists
                0x00000d1f       0x31 ./Middlewares/FatFs/diskio.o
 .debug_rnglists
                0x00000d50      0x1a6 ./Middlewares/FatFs/ff.o
 .debug_rnglists
                0x00000ef6       0x2d ./Middlewares/FatFs/ff_gen_drv.o

.debug_macro    0x00000000     0x7385
 .debug_macro   0x00000000      0x39c ./Core/Src/ADXL343.o
 .debug_macro   0x0000039c      0xb62 ./Core/Src/ADXL343.o
 .debug_macro   0x00000efe       0x1c ./Core/Src/ADXL343.o
 .debug_macro   0x00000f1a      0x4da ./Core/Src/ADXL343.o
 .debug_macro   0x000013f4      0x190 ./Core/Src/ADXL343.o
 .debug_macro   0x00001584       0x16 ./Core/Src/ADXL343.o
 .debug_macro   0x0000159a       0xc4 ./Core/Src/ADXL343.o
 .debug_macro   0x0000165e       0x34 ./Core/Src/ADXL343.o
 .debug_macro   0x00001692       0x16 ./Core/Src/ADXL343.o
 .debug_macro   0x000016a8       0x35 ./Core/Src/ADXL343.o
 .debug_macro   0x000016dd      0x38c ./Core/Src/ADXL343.o
 .debug_macro   0x00001a69       0x10 ./Core/Src/ADXL343.o
 .debug_macro   0x00001a79       0x43 ./Core/Src/ADXL343.o
 .debug_macro   0x00001abc       0x16 ./Core/Src/ADXL343.o
 .debug_macro   0x00001ad2       0x16 ./Core/Src/ADXL343.o
 .debug_macro   0x00001ae8       0x16 ./Core/Src/ADXL343.o
 .debug_macro   0x00001afe      0x138 ./Core/Src/ADXL343.o
 .debug_macro   0x00001c36      0x1d6 ./Core/Src/ADXL343.o
 .debug_macro   0x00001e0c       0x10 ./Core/Src/ADXL343.o
 .debug_macro   0x00001e1c      0x409 ./Core/Src/ADXL343.o
 .debug_macro   0x00002225       0x10 ./Core/Src/ADXL343.o
 .debug_macro   0x00002235       0x16 ./Core/Src/ADXL343.o
 .debug_macro   0x0000224b       0x16 ./Core/Src/ADXL343.o
 .debug_macro   0x00002261       0x29 ./Core/Src/ADXL343.o
 .debug_macro   0x0000228a       0x1c ./Core/Src/ADXL343.o
 .debug_macro   0x000022a6       0xde ./Core/Src/ADXL343.o
 .debug_macro   0x00002384      0x422 ./Core/Src/EventLogger.o
 .debug_macro   0x000027a6       0xe5 ./Core/Src/EventLogger.o
 .debug_macro   0x0000288b       0x12 ./Core/Src/EventLogger.o
 .debug_macro   0x0000289d       0xe2 ./Core/Src/EventLogger.o
 .debug_macro   0x0000297f       0x8e ./Core/Src/EventLogger.o
 .debug_macro   0x00002a0d       0x70 ./Core/Src/EventLogger.o
 .debug_macro   0x00002a7d       0x1c ./Core/Src/EventLogger.o
 .debug_macro   0x00002a99       0x1c ./Core/Src/EventLogger.o
 .debug_macro   0x00002ab5       0x16 ./Core/Src/EventLogger.o
 .debug_macro   0x00002acb       0x4c ./Core/Src/EventLogger.o
 .debug_macro   0x00002b17      0x38e ./Core/Src/HTU21D.o
 .debug_macro   0x00002ea5      0x224 ./Core/Src/I2CHandler.o
 .debug_macro   0x000030c9      0x430 ./Core/Src/main.o
 .debug_macro   0x000034f9       0xeb ./Core/Src/main.o
 .debug_macro   0x000035e4      0x224 ./Core/Src/stm32l0xx_hal_msp.o
 .debug_macro   0x00003808      0x22e ./Core/Src/stm32l0xx_it.o
 .debug_macro   0x00003a36       0xff ./Core/Src/sysmem.o
 .debug_macro   0x00003b35      0x23c ./Core/Src/sysmem.o
 .debug_macro   0x00003d71      0x215 ./Core/Src/system_stm32l0xx.o
 .debug_macro   0x00003f86      0x239 ./Drivers/STM32L0xx_HAL_Driver/stm32l0xx_hal.o
 .debug_macro   0x000041bf      0x215 ./Drivers/STM32L0xx_HAL_Driver/stm32l0xx_hal_cortex.o
 .debug_macro   0x000043d4      0x21c ./Drivers/STM32L0xx_HAL_Driver/stm32l0xx_hal_gpio.o
 .debug_macro   0x000045f0      0x2e1 ./Drivers/STM32L0xx_HAL_Driver/stm32l0xx_hal_i2c.o
 .debug_macro   0x000048d1      0x215 ./Drivers/STM32L0xx_HAL_Driver/stm32l0xx_hal_i2c_ex.o
 .debug_macro   0x00004ae6      0x221 ./Drivers/STM32L0xx_HAL_Driver/stm32l0xx_hal_pcd.o
 .debug_macro   0x00004d07      0x215 ./Drivers/STM32L0xx_HAL_Driver/stm32l0xx_hal_pcd_ex.o