/home/victorx1/STM32Cube/Repository/STM32Cube_FW_L0_V1.12.2/Middlewares/Third_Party/FatFs/src/ff_gen_drv.c:41:9:FATFS_LinkDriverEx	40	static
/home/victorx1/STM32Cube/Repository/STM32Cube_FW_L0_V1.12.2/Middlewares/Third_Party/FatFs/src/ff_gen_drv.c:70:9:FATFS_LinkDriver	16	static
/home/victorx1/STM32Cube/Repository/STM32Cube_FW_L0_V1.12.2/Middlewares/Third_Party/FatFs/src/ff_gen_drv.c:82:9:FATFS_UnLinkDriverEx	24	static
/home/victorx1/STM32Cube/Repository/STM32Cube_FW_L0_V1.12.2/Middlewares/Third_Party/FatFs/src/ff_gen_drv.c:108:9:FATFS_UnLinkDriver	16	static
/home/victorx1/STM32Cube/Repository/STM32Cube_FW_L0_V1.12.2/Middlewares/Third_Party/FatFs/src/ff_gen_drv.c:118:9:FATFS_GetAttachedDriversNbr	8	static
