/home/victorx1/STM32Cube/Repository/STM32Cube_FW_L0_V1.12.2/Drivers/STM32L0xx_HAL_Driver/Src/stm32l0xx_hal_adc_ex.c:104:19:HAL_ADCEx_Calibration_Start	32	static
/home/victorx1/STM32Cube/Repository/STM32Cube_FW_L0_V1.12.2/Drivers/STM32L0xx_HAL_Driver/Src/stm32l0xx_hal_adc_ex.c:189:10:HAL_ADCEx_Calibration_GetValue	16	static
/home/victorx1/STM32Cube/Repository/STM32Cube_FW_L0_V1.12.2/Drivers/STM32L0xx_HAL_Driver/Src/stm32l0xx_hal_adc_ex.c:208:19:HAL_ADCEx_Calibration_SetValue	32	static
/home/victorx1/STM32Cube/Repository/STM32Cube_FW_L0_V1.12.2/Drivers/STM32L0xx_HAL_Driver/Src/stm32l0xx_hal_adc_ex.c:256:19:HAL_ADCEx_EnableVREFINT	16	static
/home/victorx1/STM32Cube/Repository/STM32Cube_FW_L0_V1.12.2/Drivers/STM32L0xx_HAL_Driver/Src/stm32l0xx_hal_adc_ex.c:288:6:HAL_ADCEx_DisableVREFINT	8	static
/home/victorx1/STM32Cube/Repository/STM32Cube_FW_L0_V1.12.2/Drivers/STM32L0xx_HAL_Driver/Src/stm32l0xx_hal_adc_ex.c:303:19:HAL_ADCEx_EnableVREFINTTempSensor	16	static
/home/victorx1/STM32Cube/Repository/STM32Cube_FW_L0_V1.12.2/Drivers/STM32L0xx_HAL_Driver/Src/stm32l0xx_hal_adc_ex.c:335:6:HAL_ADCEx_DisableVREFINTTempSensor	8	static
