20:29:40 **** Incremental Build of configuration Debug for project TouilloMetre ****
make -j14 all 
arm-none-eabi-g++ "../Core/Src/ADXL343.cpp" -mcpu=cortex-m0plus -std=gnu++14 -g3 -DDEBUG -DUSE_HAL_DRIVER -DSTM32L053xx -c -I../Core/Inc -I/home/victorx1/STM32Cube/Repository/STM32Cube_FW_L0_V1.12.2/Drivers/STM32L0xx_HAL_Driver/Inc -I/home/victorx1/STM32Cube/Repository/STM32Cube_FW_L0_V1.12.2/Drivers/STM32L0xx_HAL_Driver/Inc/Legacy -I/home/victorx1/STM32Cube/Repository/STM32Cube_FW_L0_V1.12.2/Drivers/CMSIS/Device/ST/STM32L0xx/Include -I/home/victorx1/STM32Cube/Repository/STM32Cube_FW_L0_V1.12.2/Drivers/CMSIS/Include -I../FATFS/Target -I../FATFS/App -I/home/victorx1/STM32Cube/Repository/STM32Cube_FW_L0_V1.12.2/Middlewares/Third_Party/FatFs/src -O0 -ffunction-sections -fdata-sections -fno-exceptions -fno-rtti -fno-use-cxa-atexit -Wall -fstack-usage -fcyclomatic-complexity -MMD -MP -MF"Core/Src/ADXL343.d" -MT"Core/Src/ADXL343.o" --specs=nano.specs -mfloat-abi=soft -mthumb -o "Core/Src/ADXL343.o"
arm-none-eabi-g++ "../Core/Src/EventLogger.cpp" -mcpu=cortex-m0plus -std=gnu++14 -g3 -DDEBUG -DUSE_HAL_DRIVER -DSTM32L053xx -c -I../Core/Inc -I/home/victorx1/STM32Cube/Repository/STM32Cube_FW_L0_V1.12.2/Drivers/STM32L0xx_HAL_Driver/Inc -I/home/victorx1/STM32Cube/Repository/STM32Cube_FW_L0_V1.12.2/Drivers/STM32L0xx_HAL_Driver/Inc/Legacy -I/home/victorx1/STM32Cube/Repository/STM32Cube_FW_L0_V1.12.2/Drivers/CMSIS/Device/ST/STM32L0xx/Include -I/home/victorx1/STM32Cube/Repository/STM32Cube_FW_L0_V1.12.2/Drivers/CMSIS/Include -I../FATFS/Target -I../FATFS/App -I/home/victorx1/STM32Cube/Repository/STM32Cube_FW_L0_V1.12.2/Middlewares/Third_Party/FatFs/src -O0 -ffunction-sections -fdata-sections -fno-exceptions -fno-rtti -fno-use-cxa-atexit -Wall -fstack-usage -fcyclomatic-complexity -MMD -MP -MF"Core/Src/EventLogger.d" -MT"Core/Src/EventLogger.o" --specs=nano.specs -mfloat-abi=soft -mthumb -o "Core/Src/EventLogger.o"
arm-none-eabi-g++ "../Core/Src/HTU21D.cpp" -mcpu=cortex-m0plus -std=gnu++14 -g3 -DDEBUG -DUSE_HAL_DRIVER -DSTM32L053xx -c -I../Core/Inc -I/home/victorx1/STM32Cube/Repository/STM32Cube_FW_L0_V1.12.2/Drivers/STM32L0xx_HAL_Driver/Inc -I/home/victorx1/STM32Cube/Repository/STM32Cube_FW_L0_V1.12.2/Drivers/STM32L0xx_HAL_Driver/Inc/Legacy -I/home/victorx1/STM32Cube/Repository/STM32Cube_FW_L0_V1.12.2/Drivers/CMSIS/Device/ST/STM32L0xx/Include -I/home/victorx1/STM32Cube/Repository/STM32Cube_FW_L0_V1.12.2/Drivers/CMSIS/Include -I../FATFS/Target -I../FATFS/App -I/home/victorx1/STM32Cube/Repository/STM32Cube_FW_L0_V1.12.2/Middlewares/Third_Party/FatFs/src -O0 -ffunction-sections -fdata-sections -fno-exceptions -fno-rtti -fno-use-cxa-atexit -Wall -fstack-usage -fcyclomatic-complexity -MMD -MP -MF"Core/Src/HTU21D.d" -MT"Core/Src/HTU21D.o" --specs=nano.specs -mfloat-abi=soft -mthumb -o "Core/Src/HTU21D.o"
arm-none-eabi-g++ "../Core/Src/I2CHandler.cpp" -mcpu=cortex-m0plus -std=gnu++14 -g3 -DDEBUG -DUSE_HAL_DRIVER -DSTM32L053xx -c -I../Core/Inc -I/home/victorx1/STM32Cube/Repository/STM32Cube_FW_L0_V1.12.2/Drivers/STM32L0xx_HAL_Driver/Inc -I/home/victorx1/STM32Cube/Repository/STM32Cube_FW_L0_V1.12.2/Drivers/STM32L0xx_HAL_Driver/Inc/Legacy -I/home/victorx1/STM32Cube/Repository/STM32Cube_FW_L0_V1.12.2/Drivers/CMSIS/Device/ST/STM32L0xx/Include -I/home/victorx1/STM32Cube/Repository/STM32Cube_FW_L0_V1.12.2/Drivers/CMSIS/Include -I../FATFS/Target -I../FATFS/App -I/home/victorx1/STM32Cube/Repository/STM32Cube_FW_L0_V1.12.2/Middlewares/Third_Party/FatFs/src -O0 -ffunction-sections -fdata-sections -fno-exceptions -fno-rtti -fno-use-cxa-atexit -Wall -fstack-usage -fcyclomatic-complexity -MMD -MP -MF"Core/Src/I2CHandler.d" -MT"Core/Src/I2CHandler.o" --specs=nano.specs -mfloat-abi=soft -mthumb -o "Core/Src/I2CHandler.o"
arm-none-eabi-g++ "../Core/Src/VL53L0X.cpp" -mcpu=cortex-m0plus -std=gnu++14 -g3 -DDEBUG -DUSE_HAL_DRIVER -DSTM32L053xx -c -I../Core/Inc -I/home/victorx1/STM32Cube/Repository/STM32Cube_FW_L0_V1.12.2/Drivers/STM32L0xx_HAL_Driver/Inc -I/home/victorx1/STM32Cube/Repository/STM32Cube_FW_L0_V1.12.2/Drivers/STM32L0xx_HAL_Driver/Inc/Legacy -I/home/victorx1/STM32Cube/Repository/STM32Cube_FW_L0_V1.12.2/Drivers/CMSIS/Device/ST/STM32L0xx/Include -I/home/victorx1/STM32Cube/Repository/STM32Cube_FW_L0_V1.12.2/Drivers/CMSIS/Include -I../FATFS/Target -I../FATFS/App -I/home/victorx1/STM32Cube/Repository/STM32Cube_FW_L0_V1.12.2/Middlewares/Third_Party/FatFs/src -O0 -ffunction-sections -fdata-sections -fno-exceptions -fno-rtti -fno-use-cxa-atexit -Wall -fstack-usage -fcyclomatic-complexity -MMD -MP -MF"Core/Src/VL53L0X.d" -MT"Core/Src/VL53L0X.o" --specs=nano.specs -mfloat-abi=soft -mthumb -o "Core/Src/VL53L0X.o"
arm-none-eabi-gcc "../Core/Src/fatfs_sd.c" -mcpu=cortex-m0plus -std=gnu11 -g3 -DDEBUG -DUSE_HAL_DRIVER -DSTM32L053xx -c -I../Core/Inc -I/home/victorx1/STM32Cube/Repository/STM32Cube_FW_L0_V1.12.2/Drivers/STM32L0xx_HAL_Driver/Inc -I/home/victorx1/STM32Cube/Repository/STM32Cube_FW_L0_V1.12.2/Drivers/STM32L0xx_HAL_Driver/Inc/Legacy -I/home/victorx1/STM32Cube/Repository/STM32Cube_FW_L0_V1.12.2/Drivers/CMSIS/Device/ST/STM32L0xx/Include -I/home/victorx1/STM32Cube/Repository/STM32Cube_FW_L0_V1.12.2/Drivers/CMSIS/Include -I../FATFS/Target -I../FATFS/App -I/home/victorx1/STM32Cube/Repository/STM32Cube_FW_L0_V1.12.2/Middlewares/Third_Party/FatFs/src -O0 -ffunction-sections -fdata-sections -Wall -fstack-usage -fcyclomatic-complexity -MMD -MP -MF"Core/Src/fatfs_sd.d" -MT"Core/Src/fatfs_sd.o" --specs=nano.specs -mfloat-abi=soft -mthumb -o "Core/Src/fatfs_sd.o"
arm-none-eabi-g++ "../Core/Src/main.cpp" -mcpu=cortex-m0plus -std=gnu++14 -g3 -DDEBUG -DUSE_HAL_DRIVER -DSTM32L053xx -c -I../Core/Inc -I/home/victorx1/STM32Cube/Repository/STM32Cube_FW_L0_V1.12.2/Drivers/STM32L0xx_HAL_Driver/Inc -I/home/victorx1/STM32Cube/Repository/STM32Cube_FW_L0_V1.12.2/Drivers/STM32L0xx_HAL_Driver/Inc/Legacy -I/home/victorx1/STM32Cube/Repository/STM32Cube_FW_L0_V1.12.2/Drivers/CMSIS/Device/ST/STM32L0xx/Include -I/home/victorx1/STM32Cube/Repository/STM32Cube_FW_L0_V1.12.2/Drivers/CMSIS/Include -I../FATFS/Target -I../FATFS/App -I/home/victorx1/STM32Cube/Repository/STM32Cube_FW_L0_V1.12.2/Middlewares/Third_Party/FatFs/src -O0 -ffunction-sections -fdata-sections -fno-exceptions -fno-rtti -fno-use-cxa-atexit -Wall -fstack-usage -fcyclomatic-complexity -MMD -MP -MF"Core/Src/main.d" -MT"Core/Src/main.o" --specs=nano.specs -mfloat-abi=soft -mthumb -o "Core/Src/main.o"
arm-none-eabi-gcc "../Core/Src/stm32l0xx_hal_msp.c" -mcpu=cortex-m0plus -std=gnu11 -g3 -DDEBUG -DUSE_HAL_DRIVER -DSTM32L053xx -c -I../Core/Inc -I/home/victorx1/STM32Cube/Repository/STM32Cube_FW_L0_V1.12.2/Drivers/STM32L0xx_HAL_Driver/Inc -I/home/victorx1/STM32Cube/Repository/STM32Cube_FW_L0_V1.12.2/Drivers/STM32L0xx_HAL_Driver/Inc/Legacy -I/home/victorx1/STM32Cube/Repository/STM32Cube_FW_L0_V1.12.2/Drivers/CMSIS/Device/ST/STM32L0xx/Include -I/home/victorx1/STM32Cube/Repository/STM32Cube_FW_L0_V1.12.2/Drivers/CMSIS/Include -I../FATFS/Target -I../FATFS/App -I/home/victorx1/STM32Cube/Repository/STM32Cube_FW_L0_V1.12.2/Middlewares/Third_Party/FatFs/src -O0 -ffunction-sections -fdata-sections -Wall -fstack-usage -fcyclomatic-complexity -MMD -MP -MF"Core/Src/stm32l0xx_hal_msp.d" -MT"Core/Src/stm32l0xx_hal_msp.o" --specs=nano.specs -mfloat-abi=soft -mthumb -o "Core/Src/stm32l0xx_hal_msp.o"
arm-none-eabi-gcc "../Core/Src/stm32l0xx_it.c" -mcpu=cortex-m0plus -std=gnu11 -g3 -DDEBUG -DUSE_HAL_DRIVER -DSTM32L053xx -c -I../Core/Inc -I/home/victorx1/STM32Cube/Repository/STM32Cube_FW_L0_V1.12.2/Drivers/STM32L0xx_HAL_Driver/Inc -I/home/victorx1/STM32Cube/Repository/STM32Cube_FW_L0_V1.12.2/Drivers/STM32L0xx_HAL_Driver/Inc/Legacy -I/home/victorx1/STM32Cube/Repository/STM32Cube_FW_L0_V1.12.2/Drivers/CMSIS/Device/ST/STM32L0xx/Include -I/home/victorx1/STM32Cube/Repository/STM32Cube_FW_L0_V1.12.2/Drivers/CMSIS/Include -I../FATFS/Target -I../FATFS/App -I/home/victorx1/STM32Cube/Repository/STM32Cube_FW_L0_V1.12.2/Middlewares/Third_Party/FatFs/src -O0 -ffunction-sections -fdata-sections -Wall -fstack-usage -fcyclomatic-complexity -MMD -MP -MF"Core/Src/stm32l0xx_it.d" -MT"Core/Src/stm32l0xx_it.o" --specs=nano.specs -mfloat-abi=soft -mthumb -o "Core/Src/stm32l0xx_it.o"
arm-none-eabi-gcc "../Core/Src/syscalls.c" -mcpu=cortex-m0plus -std=gnu11 -g3 -DDEBUG -DUSE_HAL_DRIVER -DSTM32L053xx -c -I../Core/Inc -I/home/victorx1/STM32Cube/Repository/STM32Cube_FW_L0_V1.12.2/Drivers/STM32L0xx_HAL_Driver/Inc -I/home/victorx1/STM32Cube/Repository/STM32Cube_FW_L0_V1.12.2/Drivers/STM32L0xx_HAL_Driver/Inc/Legacy -I/home/victorx1/STM32Cube/Repository/STM32Cube_FW_L0_V1.12.2/Drivers/CMSIS/Device/ST/STM32L0xx/Include -I/home/victorx1/STM32Cube/Repository/STM32Cube_FW_L0_V1.12.2/Drivers/CMSIS/Include -I../FATFS/Target -I../FATFS/App -I/home/victorx1/STM32Cube/Repository/STM32Cube_FW_L0_V1.12.2/Middlewares/Third_Party/FatFs/src -O0 -ffunction-sections -fdata-sections -Wall -fstack-usage -fcyclomatic-complexity -MMD -MP -MF"Core/Src/syscalls.d" -MT"Core/Src/syscalls.o" --specs=nano.specs -mfloat-abi=soft -mthumb -o "Core/Src/syscalls.o"
arm-none-eabi-gcc "../Core/Src/sysmem.c" -mcpu=cortex-m0plus -std=gnu11 -g3 -DDEBUG -DUSE_HAL_DRIVER -DSTM32L053xx -c -I../Core/Inc -I/home/victorx1/STM32Cube/Repository/STM32Cube_FW_L0_V1.12.2/Drivers/STM32L0xx_HAL_Driver/Inc -I/home/victorx1/STM32Cube/Repository/STM32Cube_FW_L0_V1.12.2/Drivers/STM32L0xx_HAL_Driver/Inc/Legacy -I/home/victorx1/STM32Cube/Repository/STM32Cube_FW_L0_V1.12.2/Drivers/CMSIS/Device/ST/STM32L0xx/Include -I/home/victorx1/STM32Cube/Repository/STM32Cube_FW_L0_V1.12.2/Drivers/CMSIS/Include -I../FATFS/Target -I../FATFS/App -I/home/victorx1/STM32Cube/Repository/STM32Cube_FW_L0_V1.12.2/Middlewares/Third_Party/FatFs/src -O0 -ffunction-sections -fdata-sections -Wall -fstack-usage -fcyclomatic-complexity -MMD -MP -MF"Core/Src/sysmem.d" -MT"Core/Src/sysmem.o" --specs=nano.specs -mfloat-abi=soft -mthumb -o "Core/Src/sysmem.o"
arm-none-eabi-gcc "../Core/Src/system_stm32l0xx.c" -mcpu=cortex-m0plus -std=gnu11 -g3 -DDEBUG -DUSE_HAL_DRIVER -DSTM32L053xx -c -I../Core/Inc -I/home/victorx1/STM32Cube/Repository/STM32Cube_FW_L0_V1.12.2/Drivers/STM32L0xx_HAL_Driver/Inc -I/home/victorx1/STM32Cube/Repository/STM32Cube_FW_L0_V1.12.2/Drivers/STM32L0xx_HAL_Driver/Inc/Legacy -I/home/victorx1/STM32Cube/Repository/STM32Cube_FW_L0_V1.12.2/Drivers/CMSIS/Device/ST/STM32L0xx/Include -I/home/victorx1/STM32Cube/Repository/STM32Cube_FW_L0_V1.12.2/Drivers/CMSIS/Include -I../FATFS/Target -I../FATFS/App -I/home/victorx1/STM32Cube/Repository/STM32Cube_FW_L0_V1.12.2/Middlewares/Third_Party/FatFs/src -O0 -ffunction-sections -fdata-sections -Wall -fstack-usage -fcyclomatic-complexity -MMD -MP -MF"Core/Src/system_stm32l0xx.d" -MT"Core/Src/system_stm32l0xx.o" --specs=nano.specs -mfloat-abi=soft -mthumb -o "Core/Src/system_stm32l0xx.o"
../Core/Src/main.cpp: In function 'int main()':
../Core/Src/main.cpp:158:15: warning: variable 'temperature' set but not used [-Wunused-but-set-variable]
  158 |         float temperature = 0.0f;
      |               ^~~~~~~~~~~
../Core/Src/main.cpp:159:15: warning: variable 'humidity' set but not used [-Wunused-but-set-variable]
  159 |         float humidity = 0.0f;
      |               ^~~~~~~~
../Core/Src/main.cpp:160:17: warning: unused variable 'userReg' [-Wunused-variable]
  160 |         uint8_t userReg = 0U;
      |                 ^~~~~~~
../Core/Src/main.cpp:165:14: warning: unused variable 'begin_flag' [-Wunused-variable]
  165 |         bool begin_flag = htu21d.begin();
      |              ^~~~~~~~~~
../Core/Src/main.cpp: At global scope:
../Core/Src/main.cpp:344:13: warning: 'void MX_SPI2_Init()' defined but not used [-Wunused-function]
  344 | static void MX_SPI2_Init(void)
      |             ^~~~~~~~~~~~
arm-none-eabi-g++ -o "TouilloMetre.elf" @"objects.list"   -mcpu=cortex-m0plus -T"/home/victorx1/Documents/universite/CCI/A24_ruler/TouilloMetre/STM32L053C8TX_FLASH.ld" --specs=nosys.specs -Wl,-Map="TouilloMetre.map" -Wl,--gc-sections -static --specs=nano.specs -mfloat-abi=soft -mthumb -Wl,--start-group -lc -lm -lstdc++ -lsupc++ -Wl,--end-group
/opt/st/stm32cubeide_1.17.0/plugins/com.st.stm32cube.ide.mcu.externaltools.gnu-tools-for-stm32.12.3.rel1.linux64_1.1.0.202410170702/tools/bin/../lib/gcc/arm-none-eabi/12.3.1/../../../../arm-none-eabi/bin/ld: warning: TouilloMetre.elf has a LOAD segment with RWX permissions
Finished building target: TouilloMetre.elf
 
arm-none-eabi-size  TouilloMetre.elf 
arm-none-eabi-objdump -h -S TouilloMetre.elf  > "TouilloMetre.list"
   text	   data	    bss	    dec	    hex	filename
  47240	    124	   3044	  50408	   c4e8	TouilloMetre.elf
Finished building: default.size.stdout
 
Finished building: TouilloMetre.list
 
